Archive member included to satisfy reference by file (symbol)

platform/libplatform_s.a(system_nrf54l.o)
                              secure_fw/CMakeFiles/tfm_s.dir/__/platform/ext/target/nordic_nrf/common/core/startup.o (SystemInit)
platform/libplatform_s.a(exception_info.o)
                              secure_fw/CMakeFiles/tfm_s.dir/__/platform/ext/target/nordic_nrf/common/core/startup_nrf54l15.o (store_and_dump_context)
platform/libplatform_s.a(tfm_hal_spm_logdev_peripheral.o)
                              platform/libplatform_s.a(exception_info.o) (tfm_hal_output_spm_log)
platform/libplatform_s.a(uart_stdout.o)
                              platform/libplatform_s.a(tfm_hal_spm_logdev_peripheral.o) (stdio_output_string)
platform/libplatform_s.a(Driver_USART.o)
                              platform/libplatform_s.a(uart_stdout.o) (Driver_USART30)
platform/libplatform_s.a(nrfx_uarte.o)
                              platform/libplatform_s.a(Driver_USART.o) (nrfx_uarte_init)
platform/libplatform_s.a(nrfx_glue.o)
                              platform/libplatform_s.a(nrfx_uarte.o) (nrfx_critical_section_enter)
secure_fw/partitions/lib/runtime/libtfm_sprt.a(crt_memmove.o)
                              platform/libplatform_s.a(nrfx_uarte.o) (memmove)
secure_fw/partitions/lib/runtime/libtfm_sprt.a(crt_memcpy.o)
                              platform/libplatform_s.a(exception_info.o) (memcpy)
secure_fw/partitions/lib/runtime/libtfm_sprt.a(crt_memset.o)
                              /opt/nordic/ncs/toolchains/b8efef2ad5/opt/zephyr-sdk/arm-zephyr-eabi/bin/../lib/gcc/arm-zephyr-eabi/12.2.0/../../../../arm-zephyr-eabi/lib/thumb/v8-m.main/nofp/crt0.o (memset)
secure_fw/partitions/lib/runtime/libtfm_sprt.a(psa_api_ipc.o)
                              secure_fw/CMakeFiles/tfm_s.dir/partitions/ns_agent_tz/psa_api_veneers_v80m.o (psa_framework_version)
secure_fw/partitions/lib/runtime/libtfm_sprt.a(sprt_partition_metadata_indicator.o)
                              secure_fw/partitions/lib/runtime/libtfm_sprt.a(psa_api_ipc.o) (p_partition_metadata)
secure_fw/spm/libtfm_spm.a(utilities.o)
                              secure_fw/CMakeFiles/tfm_s.dir/__/platform/ext/target/nordic_nrf/common/core/startup.o (tfm_core_panic)
secure_fw/spm/libtfm_spm.a(spm_log.o)
                              platform/libplatform_s.a(exception_info.o) (spm_log_msgval)
secure_fw/spm/libtfm_spm.a(main.o)
                              /opt/nordic/ncs/toolchains/b8efef2ad5/opt/zephyr-sdk/arm-zephyr-eabi/bin/../lib/gcc/arm-zephyr-eabi/12.2.0/../../../../arm-zephyr-eabi/lib/thumb/v8-m.main/nofp/crt0.o (main)
secure_fw/spm/libtfm_spm.a(tfm_arch_v8m_main.o)
                              secure_fw/spm/libtfm_spm.a(main.o) (tfm_arch_set_secure_exception_priorities)
secure_fw/spm/libtfm_spm.a(ns_agent_tz_v80m.o)
                              secure_fw/CMakeFiles/tfm_s.dir/partitions/ns_agent_tz/load_info_ns_agent_tz.o (ns_agent_tz_main)
secure_fw/spm/libtfm_spm.a(tfm_hal_isolation.o)
                              secure_fw/spm/libtfm_spm.a(main.o) (tfm_hal_set_up_static_boundaries)
secure_fw/spm/libtfm_spm.a(faults.o)
                              secure_fw/CMakeFiles/tfm_s.dir/__/platform/ext/target/nordic_nrf/common/core/startup_nrf54l15.o (SPU00_IRQHandler)
secure_fw/spm/libtfm_spm.a(target_cfg.o)
                              secure_fw/spm/libtfm_spm.a(tfm_hal_isolation.o) (sau_and_idau_cfg)
secure_fw/spm/libtfm_spm.a(tfm_boot_data.o)
                              secure_fw/spm/libtfm_spm.a(main.o) (tfm_core_validate_boot_data)
secure_fw/spm/libtfm_spm.a(spm_ipc.o)
                              secure_fw/spm/libtfm_spm.a(tfm_boot_data.o) (tfm_spm_partition_get_running_partition_id)
secure_fw/spm/libtfm_spm.a(rom_loader.o)
                              secure_fw/spm/libtfm_spm.a(spm_ipc.o) (load_a_partition_assuredly)
secure_fw/spm/libtfm_spm.a(backend_ipc.o)
                              secure_fw/spm/libtfm_spm.a(spm_ipc.o) (backend_init_comp_assuredly)
secure_fw/spm/libtfm_spm.a(tfm_svcalls.o)
                              secure_fw/spm/libtfm_spm.a(tfm_arch_v8m_main.o) (spm_svc_handler)
secure_fw/spm/libtfm_spm.a(thread.o)
                              secure_fw/spm/libtfm_spm.a(backend_ipc.o) (thrd_set_query_callback)
secure_fw/spm/libtfm_spm.a(tfm_spm_ns_ctx.o)
                              secure_fw/spm/libtfm_spm.a(backend_ipc.o) (tz_ns_agent_register_client_id_range)
secure_fw/spm/libtfm_spm.a(spm_connection_pool.o)
                              secure_fw/spm/libtfm_spm.a(spm_ipc.o) (connection_to_handle)
secure_fw/spm/libtfm_spm.a(tfm_hal_platform_common.o)
                              secure_fw/spm/libtfm_spm.a(tfm_spm_ns_ctx.o) (tfm_hal_get_ns_VTOR)
secure_fw/spm/libtfm_spm.a(tfm_arch.o)
                              secure_fw/spm/libtfm_spm.a(tfm_svcalls.o) (tfm_arch_free_msp_and_exc_ret)
secure_fw/spm/libtfm_spm.a(psa_api.o)
                              secure_fw/spm/libtfm_spm.a(backend_ipc.o) (spm_handle_programmer_errors)
[...]
Memory Configuration

Name             Origin             Length             Attributes
FLASH            0x0000000000000000 0x0000000000040000 xr
RAM              0x0000000020000000 0x0000000000013000 rw
*default*        0x0000000000000000 0xffffffffffffffff

Linker script and memory map

LOAD /opt/nordic/ncs/toolchains/b8efef2ad5/opt/zephyr-sdk/arm-zephyr-eabi/bin/../lib/gcc/arm-zephyr-eabi/12.2.0/thumb/v8-m.main/nofp/crti.o
LOAD /opt/nordic/ncs/toolchains/b8efef2ad5/opt/zephyr-sdk/arm-zephyr-eabi/bin/../lib/gcc/arm-zephyr-eabi/12.2.0/thumb/v8-m.main/nofp/crtbegin.o
LOAD /opt/nordic/ncs/toolchains/b8efef2ad5/opt/zephyr-sdk/arm-zephyr-eabi/bin/../lib/gcc/arm-zephyr-eabi/12.2.0/../../../../arm-zephyr-eabi/lib/thumb/v8-m.main/nofp/crt0.o
LOAD secure_fw/CMakeFiles/tfm_s.dir/partitions/ns_agent_tz/psa_api_veneers_v80m.o
LOAD secure_fw/CMakeFiles/tfm_s.dir/__/platform/ext/target/nordic_nrf/common/core/startup.o
LOAD secure_fw/CMakeFiles/tfm_s.dir/__/platform/ext/target/nordic_nrf/common/core/startup_nrf54l15.o
LOAD secure_fw/CMakeFiles/tfm_s.dir/__/platform/ext/common/faults.o
LOAD secure_fw/CMakeFiles/tfm_s.dir/__/generated/secure_fw/partitions/crypto/auto_generated/load_info_tfm_crypto.o
LOAD secure_fw/CMakeFiles/tfm_s.dir/__/generated/secure_fw/partitions/protected_storage/auto_generated/load_info_tfm_protected_storage.o
LOAD secure_fw/CMakeFiles/tfm_s.dir/__/generated/secure_fw/partitions/internal_trusted_storage/auto_generated/load_info_tfm_internal_trusted_storage.o
LOAD secure_fw/CMakeFiles/tfm_s.dir/__/generated/secure_fw/partitions/platform/auto_generated/load_info_tfm_platform.o
LOAD secure_fw/CMakeFiles/tfm_s.dir/partitions/ns_agent_tz/load_info_ns_agent_tz.o
LOAD secure_fw/CMakeFiles/tfm_s.dir/__/platform/ext/common/syscalls_stub.o
LOAD platform/libplatform_s.a
LOAD secure_fw/partitions/lib/runtime/libtfm_sprt.a
LOAD secure_fw/spm/libtfm_spm.a
LOAD secure_fw/partitions/crypto/libtfm_psa_rot_partition_crypto.a
LOAD platform/libplatform_crypto_keys.a
LOAD secure_fw/partitions/crypto/mbedcrypto/nrf_security_src/libcrypto_service_mbedcrypto.a
LOAD secure_fw/partitions/protected_storage/libtfm_app_rot_partition_ps.a
LOAD secure_fw/partitions/internal_trusted_storage/libtfm_psa_rot_partition_its.a
LOAD secure_fw/partitions/platform/libtfm_psa_rot_partition_platform.a
LOAD secure_fw/partitions/lib/runtime/libtfm_sp_log.a
LOAD secure_fw/partitions/crypto/mbedcrypto/nrf_security_src/libmbedcrypto_base.a
LOAD secure_fw/partitions/crypto/mbedcrypto/nrf_security_src/core/nrf_oberon/liboberon_psa_core.a
LOAD secure_fw/partitions/crypto/mbedcrypto/nrf_security_src/libnrf_security_utils.a
LOAD secure_fw/partitions/crypto/mbedcrypto/nrf_security_src/drivers/cracen/libcracen_psa_driver.a
LOAD platform/libplatform_s.a
LOAD secure_fw/partitions/lib/runtime/libtfm_sprt.a
LOAD secure_fw/spm/libtfm_spm.a
LOAD secure_fw/partitions/crypto/libtfm_psa_rot_partition_crypto.a
LOAD platform/libplatform_crypto_keys.a
LOAD secure_fw/partitions/crypto/mbedcrypto/nrf_security_src/libcrypto_service_mbedcrypto.a
LOAD secure_fw/partitions/protected_storage/libtfm_app_rot_partition_ps.a
LOAD secure_fw/partitions/internal_trusted_storage/libtfm_psa_rot_partition_its.a
LOAD secure_fw/partitions/platform/libtfm_psa_rot_partition_platform.a
LOAD secure_fw/partitions/lib/runtime/libtfm_sp_log.a
LOAD secure_fw/partitions/crypto/mbedcrypto/nrf_security_src/libmbedcrypto_base.a
LOAD secure_fw/partitions/crypto/mbedcrypto/nrf_security_src/core/nrf_oberon/liboberon_psa_core.a
LOAD secure_fw/partitions/crypto/mbedcrypto/nrf_security_src/libnrf_security_utils.a
LOAD secure_fw/partitions/crypto/mbedcrypto/nrf_security_src/drivers/cracen/libcracen_psa_driver.a
LOAD platform/libplatform_s.a
LOAD secure_fw/partitions/lib/runtime/libtfm_sprt.a
LOAD secure_fw/spm/libtfm_spm.a
LOAD secure_fw/partitions/crypto/libtfm_psa_rot_partition_crypto.a
LOAD platform/libplatform_crypto_keys.a
LOAD secure_fw/partitions/crypto/mbedcrypto/nrf_security_src/libcrypto_service_mbedcrypto.a
LOAD secure_fw/partitions/protected_storage/libtfm_app_rot_partition_ps.a
LOAD secure_fw/partitions/internal_trusted_storage/libtfm_psa_rot_partition_its.a
LOAD secure_fw/partitions/platform/libtfm_psa_rot_partition_platform.a
LOAD secure_fw/partitions/lib/runtime/libtfm_sp_log.a
LOAD secure_fw/partitions/crypto/mbedcrypto/nrf_security_src/libmbedcrypto_base.a
LOAD secure_fw/partitions/crypto/mbedcrypto/nrf_security_src/core/nrf_oberon/liboberon_psa_core.a
LOAD secure_fw/partitions/crypto/mbedcrypto/nrf_security_src/libnrf_security_utils.a
LOAD secure_fw/partitions/crypto/mbedcrypto/nrf_security_src/drivers/cracen/libcracen_psa_driver.a
START GROUP
LOAD /opt/nordic/ncs/toolchains/b8efef2ad5/opt/zephyr-sdk/arm-zephyr-eabi/bin/../lib/gcc/arm-zephyr-eabi/12.2.0/thumb/v8-m.main/nofp/libgcc.a
LOAD /opt/nordic/ncs/toolchains/b8efef2ad5/opt/zephyr-sdk/arm-zephyr-eabi/bin/../lib/gcc/arm-zephyr-eabi/12.2.0/../../../../arm-zephyr-eabi/lib/thumb/v8-m.main/nofp/libc_nano.a
END GROUP
START GROUP
LOAD /opt/nordic/ncs/toolchains/b8efef2ad5/opt/zephyr-sdk/arm-zephyr-eabi/bin/../lib/gcc/arm-zephyr-eabi/12.2.0/thumb/v8-m.main/nofp/libgcc.a
LOAD /opt/nordic/ncs/toolchains/b8efef2ad5/opt/zephyr-sdk/arm-zephyr-eabi/bin/../lib/gcc/arm-zephyr-eabi/12.2.0/../../../../arm-zephyr-eabi/lib/thumb/v8-m.main/nofp/libc_nano.a
LOAD /opt/nordic/ncs/toolchains/b8efef2ad5/opt/zephyr-sdk/arm-zephyr-eabi/bin/../lib/gcc/arm-zephyr-eabi/12.2.0/../../../../arm-zephyr-eabi/lib/thumb/v8-m.main/nofp/libnosys.a
END GROUP
START GROUP
LOAD /opt/nordic/ncs/toolchains/b8efef2ad5/opt/zephyr-sdk/arm-zephyr-eabi/bin/../lib/gcc/arm-zephyr-eabi/12.2.0/thumb/v8-m.main/nofp/libgcc.a
LOAD /opt/nordic/ncs/toolchains/b8efef2ad5/opt/zephyr-sdk/arm-zephyr-eabi/bin/../lib/gcc/arm-zephyr-eabi/12.2.0/../../../../arm-zephyr-eabi/lib/thumb/v8-m.main/nofp/libc_nano.a
LOAD /opt/nordic/ncs/toolchains/b8efef2ad5/opt/zephyr-sdk/arm-zephyr-eabi/bin/../lib/gcc/arm-zephyr-eabi/12.2.0/../../../../arm-zephyr-eabi/lib/thumb/v8-m.main/nofp/libnosys.a
END GROUP
LOAD /opt/nordic/ncs/toolchains/b8efef2ad5/opt/zephyr-sdk/arm-zephyr-eabi/bin/../lib/gcc/arm-zephyr-eabi/12.2.0/thumb/v8-m.main/nofp/crtend.o
LOAD /opt/nordic/ncs/toolchains/b8efef2ad5/opt/zephyr-sdk/arm-zephyr-eabi/bin/../lib/gcc/arm-zephyr-eabi/12.2.0/thumb/v8-m.main/nofp/crtn.o
                0x0000000000000800                __msp_stack_size__ = 0x800
                0x0000000000000000                Image$$PT_RO_START$$Base = ADDR (.TFM_VECTORS)

.TFM_VECTORS    0x0000000000000000      0x478
                0x0000000000000000                __vectors_start__ = .
 *(.vectors)
 .vectors       0x0000000000000000      0x478 secure_fw/CMakeFiles/tfm_s.dir/__/platform/ext/target/nordic_nrf/common/core/startup_nrf54l15.o
                0x0000000000000000                __Vectors
                0x0000000000000478                . = ALIGN (0x4)
                0x0000000000000478                __vectors_end__ = .
                0x0000000000000001                ASSERT ((__vectors_start__ != __vectors_end__), .vectors should not be empty)
                0x0000000000000001                ASSERT ((. <= (ADDR (.TFM_VECTORS) + 0x47c)), .TFM_VECTORS section size overflow.)
                0x000000000000047c                . = (ADDR (.TFM_VECTORS) + 0x47c)

.gnu.sgstubs    0x0000000000000480       0x40
 *(.gnu.sgstubs*)
 .gnu.sgstubs.__stub
                0x0000000000000480       0x28 linker stubs
                0x0000000000000480                tfm_psa_framework_version_veneer
                0x0000000000000488                tfm_psa_version_veneer
                0x0000000000000490                tfm_psa_close_veneer
                0x0000000000000498                tfm_psa_connect_veneer
                0x00000000000004a0                tfm_psa_call_veneer

.sgstubs_end    0x00000000000004c0        0x0

.TFM_SP_LOAD_LIST
                0x00000000000004c0      0x188
 *(.part_load_priority_00)
 .part_load_priority_00
                0x00000000000004c0       0x38 secure_fw/CMakeFiles/tfm_s.dir/partitions/ns_agent_tz/load_info_ns_agent_tz.o
                0x00000000000004c0                tfm_sp_ns_agent_tz_load
 *(.part_load_priority_01)
 *(.part_load_priority_02)
 .part_load_priority_02
                0x00000000000004f8       0x54 secure_fw/CMakeFiles/tfm_s.dir/__/generated/secure_fw/partitions/crypto/auto_generated/load_info_tfm_crypto.o
                0x00000000000004f8                tfm_sp_crypto_load
 .part_load_priority_02
                0x000000000000054c       0x5c secure_fw/CMakeFiles/tfm_s.dir/__/generated/secure_fw/partitions/protected_storage/auto_generated/load_info_tfm_protected_storage.o
                0x000000000000054c                tfm_sp_ps_load
 .part_load_priority_02
                0x00000000000005a8       0x50 secure_fw/CMakeFiles/tfm_s.dir/__/generated/secure_fw/partitions/internal_trusted_storage/auto_generated/load_info_tfm_internal_trusted_storage.o
                0x00000000000005a8                tfm_sp_its_load
 .part_load_priority_02
                0x00000000000005f8       0x50 secure_fw/CMakeFiles/tfm_s.dir/__/generated/secure_fw/partitions/platform/auto_generated/load_info_tfm_platform.o
                0x00000000000005f8                tfm_sp_platform_load
 *(.part_load_priority_03)
                0x00000000000004c0                Image$$TFM_SP_LOAD_LIST$$RO$$Base = ADDR (.TFM_SP_LOAD_LIST)
                0x0000000000000648                Image$$TFM_SP_LOAD_LIST$$RO$$Limit = (ADDR (.TFM_SP_LOAD_LIST) + SIZEOF (.TFM_SP_LOAD_LIST))
                0x0000000000000660                . = ALIGN (0x20)
                0x0000000000000660                Image$$TFM_PSA_CODE_START$$Base = .

.TFM_PSA_ROT_LINKER
                0x0000000000000660     0x26a0
 *tfm_psa_rot_partition*:(SORT_BY_ALIGNMENT(.text*))
 .text.tfm_crypto_clear_scratch
                0x0000000000000660       0x24 secure_fw/partitions/crypto/libtfm_psa_rot_partition_crypto.a(crypto_init.o)
 .text.tfm_crypto_get_caller_id
                0x0000000000000684       0x10 secure_fw/partitions/crypto/libtfm_psa_rot_partition_crypto.a(crypto_init.o)
                0x0000000000000684                tfm_crypto_get_caller_id
 .text.tfm_crypto_api_dispatcher
                0x0000000000000694       0xbc secure_fw/partitions/crypto/libtfm_psa_rot_partition_crypto.a(crypto_init.o)
                0x0000000000000694                tfm_crypto_api_dispatcher
 .text.tfm_crypto_sfn
                0x0000000000000750      0x188 secure_fw/partitions/crypto/libtfm_psa_rot_partition_crypto.a(crypto_init.o)
                0x0000000000000750                tfm_crypto_sfn
 .text.tfm_crypto_init_alloc
                0x00000000000008d8       0x18 secure_fw/partitions/crypto/libtfm_psa_rot_partition_crypto.a(crypto_alloc.o)
                0x00000000000008d8                tfm_crypto_init_alloc
 .text.tfm_crypto_operation_alloc
                0x00000000000008f0       0x68 secure_fw/partitions/crypto/libtfm_psa_rot_partition_crypto.a(crypto_alloc.o)
                0x00000000000008f0                tfm_crypto_operation_alloc
 .text.tfm_crypto_operation_release
                0x0000000000000958       0x5c secure_fw/partitions/crypto/libtfm_psa_rot_partition_crypto.a(crypto_alloc.o)
                0x0000000000000958                tfm_crypto_operation_release
 .text.tfm_crypto_operation_lookup
                0x00000000000009b4       0x58 secure_fw/partitions/crypto/libtfm_psa_rot_partition_crypto.a(crypto_alloc.o)
                0x00000000000009b4                tfm_crypto_operation_lookup
 .text.tfm_crypto_library_get_info
                0x0000000000000a0c       0x1c secure_fw/partitions/crypto/libtfm_psa_rot_partition_crypto.a(crypto_library.o)
                0x0000000000000a0c                tfm_crypto_library_get_info
 .text.tfm_crypto_core_library_init
                0x0000000000000a28       0x20 secure_fw/partitions/crypto/libtfm_psa_rot_partition_crypto.a(crypto_library.o)
                0x0000000000000a28                tfm_crypto_core_library_init
 .text.tfm_internal_trusted_storage_service_sfn
                0x0000000000000a48      0x118 secure_fw/partitions/internal_trusted_storage/libtfm_psa_rot_partition_its.a(tfm_its_req_mngr.o)
                0x0000000000000a48                tfm_internal_trusted_storage_service_sfn
 .text.its_req_mngr_read
                0x0000000000000b60       0x14 secure_fw/partitions/internal_trusted_storage/libtfm_psa_rot_partition_its.a(tfm_its_req_mngr.o)
                0x0000000000000b60                its_req_mngr_read
 .text.its_req_mngr_write
                0x0000000000000b74       0x14 secure_fw/partitions/internal_trusted_storage/libtfm_psa_rot_partition_its.a(tfm_its_req_mngr.o)
                0x0000000000000b74                its_req_mngr_write
 .text.get_file_info
                0x0000000000000b88       0x60 secure_fw/partitions/internal_trusted_storage/libtfm_psa_rot_partition_its.a(tfm_internal_trusted_storage.o)
 .text.tfm_its_init
                0x0000000000000be8      0x104 secure_fw/partitions/internal_trusted_storage/libtfm_psa_rot_partition_its.a(tfm_internal_trusted_storage.o)
                0x0000000000000be8                tfm_its_init
 .text.tfm_its_set
                0x0000000000000cec       0xf8 secure_fw/partitions/internal_trusted_storage/libtfm_psa_rot_partition_its.a(tfm_internal_trusted_storage.o)
                0x0000000000000cec                tfm_its_set
 .text.tfm_its_get
                0x0000000000000de4      0x114 secure_fw/partitions/internal_trusted_storage/libtfm_psa_rot_partition_its.a(tfm_internal_trusted_storage.o)
                0x0000000000000de4                tfm_its_get
 .text.tfm_its_get_info
                0x0000000000000ef8       0x24 secure_fw/partitions/internal_trusted_storage/libtfm_psa_rot_partition_its.a(tfm_internal_trusted_storage.o)
                0x0000000000000ef8                tfm_its_get_info
 .text.tfm_its_remove
                0x0000000000000f1c       0x44 secure_fw/partitions/internal_trusted_storage/libtfm_psa_rot_partition_its.a(tfm_internal_trusted_storage.o)
                0x0000000000000f1c                tfm_its_remove
 .text.its_flash_nor_write
                0x0000000000000f60       0x44 secure_fw/partitions/internal_trusted_storage/libtfm_psa_rot_partition_its.a(its_flash_nor.o)
 .text.its_flash_nor_read
                0x0000000000000fa4       0xc8 secure_fw/partitions/internal_trusted_storage/libtfm_psa_rot_partition_its.a(its_flash_nor.o)
 .text.tfm_crypto_init
                0x000000000000106c       0x1c secure_fw/partitions/crypto/libtfm_psa_rot_partition_crypto.a(crypto_init.o)
                0x000000000000106c                tfm_crypto_init
 .text.tfm_crypto_cipher_interface
                0x0000000000001088      0x1a8 secure_fw/partitions/crypto/libtfm_psa_rot_partition_crypto.a(crypto_cipher.o)
                0x0000000000001088                tfm_crypto_cipher_interface
 .text.tfm_crypto_hash_interface
                0x0000000000001230      0x182 secure_fw/partitions/crypto/libtfm_psa_rot_partition_crypto.a(crypto_hash.o)
                0x0000000000001230                tfm_crypto_hash_interface
 .text.tfm_crypto_mac_interface
                0x00000000000013b2      0x178 secure_fw/partitions/crypto/libtfm_psa_rot_partition_crypto.a(crypto_mac.o)
                0x00000000000013b2                tfm_crypto_mac_interface
 .text.tfm_crypto_aead_interface
                0x000000000000152a      0x210 secure_fw/partitions/crypto/libtfm_psa_rot_partition_crypto.a(crypto_aead.o)
                0x000000000000152a                tfm_crypto_aead_interface
 .text.tfm_crypto_asymmetric_sign_interface
                0x000000000000173a        0x6 secure_fw/partitions/crypto/libtfm_psa_rot_partition_crypto.a(crypto_asymmetric.o)
                0x000000000000173a                tfm_crypto_asymmetric_sign_interface
 .text.tfm_crypto_asymmetric_encrypt_interface
                0x0000000000001740        0x6 secure_fw/partitions/crypto/libtfm_psa_rot_partition_crypto.a(crypto_asymmetric.o)
                0x0000000000001740                tfm_crypto_asymmetric_encrypt_interface
 .text.tfm_crypto_key_derivation_interface
                0x0000000000001746      0x188 secure_fw/partitions/crypto/libtfm_psa_rot_partition_crypto.a(crypto_key_derivation.o)
                0x0000000000001746                tfm_crypto_key_derivation_interface
 .text.tfm_crypto_key_management_interface
                0x00000000000018ce      0x176 secure_fw/partitions/crypto/libtfm_psa_rot_partition_crypto.a(crypto_key_management.o)
                0x00000000000018ce                tfm_crypto_key_management_interface
 .text.tfm_crypto_random_interface
                0x0000000000001a44        0x8 secure_fw/partitions/crypto/libtfm_psa_rot_partition_crypto.a(crypto_rng.o)
                0x0000000000001a44                tfm_crypto_random_interface
 .text.tfm_crypto_library_key_id_init
                0x0000000000001a4c        0x6 secure_fw/partitions/crypto/libtfm_psa_rot_partition_crypto.a(crypto_library.o)
                0x0000000000001a4c                tfm_crypto_library_key_id_init
 .text.tfm_crypto_library_get_library_key_id_set_owner
                0x0000000000001a52        0x4 secure_fw/partitions/crypto/libtfm_psa_rot_partition_crypto.a(crypto_library.o)
                0x0000000000001a52                tfm_crypto_library_get_library_key_id_set_owner
 .text.tfm_crypto_pake_interface
                0x0000000000001a56        0x6 secure_fw/partitions/crypto/libtfm_psa_rot_partition_crypto.a(crypto_pake.o)
                0x0000000000001a56                tfm_crypto_pake_interface
 .text.tfm_its_entry
                0x0000000000001a5c        0x4 secure_fw/partitions/internal_trusted_storage/libtfm_psa_rot_partition_its.a(tfm_its_req_mngr.o)
                0x0000000000001a5c                tfm_its_entry
 .text.tfm_its_crypt_file
                0x0000000000001a60       0xf2 secure_fw/partitions/internal_trusted_storage/libtfm_psa_rot_partition_its.a(its_crypto_interface.o)
                0x0000000000001a60                tfm_its_crypt_file
 .text.its_flash_nor_init
                0x0000000000001b52       0x14 secure_fw/partitions/internal_trusted_storage/libtfm_psa_rot_partition_its.a(its_flash_nor.o)
 .text.its_flash_nor_flush
                0x0000000000001b66        0x4 secure_fw/partitions/internal_trusted_storage/libtfm_psa_rot_partition_its.a(its_flash_nor.o)
 .text.its_flash_nor_erase
                0x0000000000001b6a       0x2e secure_fw/partitions/internal_trusted_storage/libtfm_psa_rot_partition_its.a(its_flash_nor.o)
 .text.its_flash_fs_delete_idx
                0x0000000000001b98       0xe6 secure_fw/partitions/internal_trusted_storage/libtfm_psa_rot_partition_its.a(its_flash_fs.o)
 .text.its_flash_fs_init_ctx
                0x0000000000001c7e       0x64 secure_fw/partitions/internal_trusted_storage/libtfm_psa_rot_partition_its.a(its_flash_fs.o)
                0x0000000000001c7e                its_flash_fs_init_ctx
 .text.its_flash_fs_prepare
                0x0000000000001ce2       0x34 secure_fw/partitions/internal_trusted_storage/libtfm_psa_rot_partition_its.a(its_flash_fs.o)
                0x0000000000001ce2                its_flash_fs_prepare
 .text.its_flash_fs_wipe_all
                0x0000000000001d16        0x4 secure_fw/partitions/internal_trusted_storage/libtfm_psa_rot_partition_its.a(its_flash_fs.o)
                0x0000000000001d16                its_flash_fs_wipe_all
 .text.its_flash_fs_file_get_info
                0x0000000000001d1a       0x44 secure_fw/partitions/internal_trusted_storage/libtfm_psa_rot_partition_its.a(its_flash_fs.o)
                0x0000000000001d1a                its_flash_fs_file_get_info
 .text.its_flash_fs_file_write
                0x0000000000001d5e      0x212 secure_fw/partitions/internal_trusted_storage/libtfm_psa_rot_partition_its.a(its_flash_fs.o)
                0x0000000000001d5e                its_flash_fs_file_write
 .text.its_flash_fs_file_delete
                0x0000000000001f70       0x20 secure_fw/partitions/internal_trusted_storage/libtfm_psa_rot_partition_its.a(its_flash_fs.o)
                0x0000000000001f70                its_flash_fs_file_delete
 .text.its_flash_fs_file_read
                0x0000000000001f90       0x42 secure_fw/partitions/internal_trusted_storage/libtfm_psa_rot_partition_its.a(its_flash_fs.o)
                0x0000000000001f90                its_flash_fs_file_read
 .text.its_flash_fs_dblock_compact_block
                0x0000000000001fd2       0xaa secure_fw/partitions/internal_trusted_storage/libtfm_psa_rot_partition_its.a(its_flash_fs_dblock.o)
                0x0000000000001fd2                its_flash_fs_dblock_compact_block
 .text.its_flash_fs_dblock_read_file
                0x000000000000207c       0x42 secure_fw/partitions/internal_trusted_storage/libtfm_psa_rot_partition_its.a(its_flash_fs_dblock.o)
                0x000000000000207c                its_flash_fs_dblock_read_file
 .text.its_flash_fs_dblock_write_file
                0x00000000000020be       0x82 secure_fw/partitions/internal_trusted_storage/libtfm_psa_rot_partition_its.a(its_flash_fs_dblock.o)
                0x00000000000020be                its_flash_fs_dblock_write_file
 .text.its_mblock_update_scratch_block_meta
                0x0000000000002140       0x1a secure_fw/partitions/internal_trusted_storage/libtfm_psa_rot_partition_its.a(its_flash_fs_mblock.o)
 .text.its_mblock_erase_scratch_blocks
                0x000000000000215a       0x28 secure_fw/partitions/internal_trusted_storage/libtfm_psa_rot_partition_its.a(its_flash_fs_mblock.o)
 .text.its_num_dedicated_dblocks.isra.0
                0x0000000000002182        0xc secure_fw/partitions/internal_trusted_storage/libtfm_psa_rot_partition_its.a(its_flash_fs_mblock.o)
 .text.its_mblock_file_meta_offset.isra.0
                0x000000000000218e       0x16 secure_fw/partitions/internal_trusted_storage/libtfm_psa_rot_partition_its.a(its_flash_fs_mblock.o)
 .text.its_mblock_calculate_metadata_xor.part.0
                0x00000000000021a4       0xa6 secure_fw/partitions/internal_trusted_storage/libtfm_psa_rot_partition_its.a(its_flash_fs_mblock.o)
 .text.its_mblock_write_scratch_meta_header
                0x000000000000224a       0x44 secure_fw/partitions/internal_trusted_storage/libtfm_psa_rot_partition_its.a(its_flash_fs_mblock.o)
 .text.its_mblock_validate_header_meta
                0x000000000000228e       0x5c secure_fw/partitions/internal_trusted_storage/libtfm_psa_rot_partition_its.a(its_flash_fs_mblock.o)
 .text.its_init_get_active_metablock
                0x00000000000022ea       0xbe secure_fw/partitions/internal_trusted_storage/libtfm_psa_rot_partition_its.a(its_flash_fs_mblock.o)
 .text.its_flash_fs_mblock_cur_data_scratch_id
                0x00000000000023a8        0xa secure_fw/partitions/internal_trusted_storage/libtfm_psa_rot_partition_its.a(its_flash_fs_mblock.o)
                0x00000000000023a8                its_flash_fs_mblock_cur_data_scratch_id
 .text.its_flash_fs_mblock_meta_update_finalize
                0x00000000000023b2       0x2a secure_fw/partitions/internal_trusted_storage/libtfm_psa_rot_partition_its.a(its_flash_fs_mblock.o)
                0x00000000000023b2                its_flash_fs_mblock_meta_update_finalize
 .text.its_flash_fs_mblock_read_file_meta
                0x00000000000023dc       0x7e secure_fw/partitions/internal_trusted_storage/libtfm_psa_rot_partition_its.a(its_flash_fs_mblock.o)
                0x00000000000023dc                its_flash_fs_mblock_read_file_meta
 .text.its_flash_fs_mblock_get_file_idx_meta
                0x000000000000245a       0x66 secure_fw/partitions/internal_trusted_storage/libtfm_psa_rot_partition_its.a(its_flash_fs_mblock.o)
                0x000000000000245a                its_flash_fs_mblock_get_file_idx_meta
 .text.its_flash_fs_mblock_get_file_idx_flag
                0x00000000000024c0       0x3c secure_fw/partitions/internal_trusted_storage/libtfm_psa_rot_partition_its.a(its_flash_fs_mblock.o)
                0x00000000000024c0                its_flash_fs_mblock_get_file_idx_flag
 .text.its_flash_fs_mblock_read_block_metadata
                0x00000000000024fc       0x58 secure_fw/partitions/internal_trusted_storage/libtfm_psa_rot_partition_its.a(its_flash_fs_mblock.o)
                0x00000000000024fc                its_flash_fs_mblock_read_block_metadata
 .text.its_flash_fs_mblock_read_block_metadata_comp
                0x0000000000002554       0x66 secure_fw/partitions/internal_trusted_storage/libtfm_psa_rot_partition_its.a(its_flash_fs_mblock.o)
                0x0000000000002554                its_flash_fs_mblock_read_block_metadata_comp
 .text.its_flash_fs_mblock_reserve_file
                0x00000000000025ba       0xbc secure_fw/partitions/internal_trusted_storage/libtfm_psa_rot_partition_its.a(its_flash_fs_mblock.o)
                0x00000000000025ba                its_flash_fs_mblock_reserve_file
 .text.its_flash_fs_mblock_set_data_scratch
                0x0000000000002676        0x6 secure_fw/partitions/internal_trusted_storage/libtfm_psa_rot_partition_its.a(its_flash_fs_mblock.o)
                0x0000000000002676                its_flash_fs_mblock_set_data_scratch
 .text.its_flash_fs_mblock_update_scratch_file_meta
                0x000000000000267c       0x24 secure_fw/partitions/internal_trusted_storage/libtfm_psa_rot_partition_its.a(its_flash_fs_mblock.o)
                0x000000000000267c                its_flash_fs_mblock_update_scratch_file_meta
 .text.its_flash_fs_mblock_reset_metablock
                0x00000000000026a0      0x130 secure_fw/partitions/internal_trusted_storage/libtfm_psa_rot_partition_its.a(its_flash_fs_mblock.o)
                0x00000000000026a0                its_flash_fs_mblock_reset_metablock
 .text.its_flash_fs_block_to_block_move
                0x00000000000027d0       0x5c secure_fw/partitions/internal_trusted_storage/libtfm_psa_rot_partition_its.a(its_flash_fs_mblock.o)
                0x00000000000027d0                its_flash_fs_block_to_block_move
 .text.its_flash_fs_mblock_cp_file_meta
                0x000000000000282c       0x2e secure_fw/partitions/internal_trusted_storage/libtfm_psa_rot_partition_its.a(its_flash_fs_mblock.o)
                0x000000000000282c                its_flash_fs_mblock_cp_file_meta
 .text.its_flash_fs_mblock_init
                0x000000000000285a       0xb8 secure_fw/partitions/internal_trusted_storage/libtfm_psa_rot_partition_its.a(its_flash_fs_mblock.o)
                0x000000000000285a                its_flash_fs_mblock_init
 .text.its_flash_fs_mblock_migrate_lb0_data_to_scratch
                0x0000000000002912       0x2e secure_fw/partitions/internal_trusted_storage/libtfm_psa_rot_partition_its.a(its_flash_fs_mblock.o)
                0x0000000000002912                its_flash_fs_mblock_migrate_lb0_data_to_scratch
 .text.its_flash_fs_mblock_update_scratch_block_meta
                0x0000000000002940       0x88 secure_fw/partitions/internal_trusted_storage/libtfm_psa_rot_partition_its.a(its_flash_fs_mblock.o)
                0x0000000000002940                its_flash_fs_mblock_update_scratch_block_meta
 .text.its_utils_check_contained_in
                0x00000000000029c8       0x18 secure_fw/partitions/internal_trusted_storage/libtfm_psa_rot_partition_its.a(its_utils.o)
                0x00000000000029c8                its_utils_check_contained_in
 .text.its_utils_validate_fid
                0x00000000000029e0       0x1a secure_fw/partitions/internal_trusted_storage/libtfm_psa_rot_partition_its.a(its_utils.o)
                0x00000000000029e0                its_utils_validate_fid
 .text.tfm_platform_service_sfn
                0x00000000000029fa      0x24e secure_fw/partitions/platform/libtfm_psa_rot_partition_platform.a(platform_sp.o)
                0x00000000000029fa                tfm_platform_service_sfn
 .text.platform_sp_init
                0x0000000000002c48       0x12 secure_fw/partitions/platform/libtfm_psa_rot_partition_platform.a(platform_sp.o)
                0x0000000000002c48                platform_sp_init
 *tfm_psa_rot_partition*:(SORT_BY_ALIGNMENT(.rodata*))
 *fill*         0x0000000000002c5a        0x2 
 .rodata.its_flash_fs_ops_nor
                0x0000000000002c5c       0x14 secure_fw/partitions/internal_trusted_storage/libtfm_psa_rot_partition_its.a(its_flash_nor.o)
                0x0000000000002c5c                its_flash_fs_ops_nor
 .rodata.data_width_byte
                0x0000000000002c70        0xc secure_fw/partitions/internal_trusted_storage/libtfm_psa_rot_partition_its.a(its_flash_nor.o)
 .rodata.tfm_crypto_api_dispatcher.str1.1
                0x0000000000002c7c       0x25 secure_fw/partitions/crypto/libtfm_psa_rot_partition_crypto.a(crypto_init.o)
 .rodata.tfm_crypto_library_get_info.str1.1
                0x0000000000002ca1        0xf secure_fw/partitions/crypto/libtfm_psa_rot_partition_crypto.a(crypto_library.o)
 .rodata.tfm_its_init.str1.1
                0x0000000000002cb0       0x4b secure_fw/partitions/internal_trusted_storage/libtfm_psa_rot_partition_its.a(tfm_internal_trusted_storage.o)
 *(TFM_*_PSA-ROT_ATTR_FN)
                0x0000000000002d00                . = ALIGN (0x20)
 *fill*         0x0000000000002cfb        0x5 
                0x0000000000000660                Image$$TFM_PSA_ROT_LINKER$$RO$$Base = ADDR (.TFM_PSA_ROT_LINKER)
                0x0000000000002d00                Image$$TFM_PSA_ROT_LINKER$$RO$$Limit = (ADDR (.TFM_PSA_ROT_LINKER) + SIZEOF (.TFM_PSA_ROT_LINKER))
                0x0000000000000660                Image$$TFM_PSA_ROT_LINKER$$Base = ADDR (.TFM_PSA_ROT_LINKER)
                0x0000000000002d00                Image$$TFM_PSA_ROT_LINKER$$Limit = (ADDR (.TFM_PSA_ROT_LINKER) + SIZEOF (.TFM_PSA_ROT_LINKER))
                0x0000000000002d00                Image$$TFM_PSA_CODE_END$$Base = .
                0x0000000000002d00                Image$$TFM_APP_CODE_START$$Base = .

.TFM_APP_ROT_LINKER
                0x0000000000002d00      0xd40
 *tfm_app_rot_partition*:(SORT_BY_ALIGNMENT(.text*))
 .text.tfm_protected_storage_service_sfn
                0x0000000000002d00      0x128 secure_fw/partitions/protected_storage/libtfm_app_rot_partition_ps.a(tfm_ps_req_mngr.o)
                0x0000000000002d00                tfm_protected_storage_service_sfn
 .text.ps_req_mngr_read_asset_data
                0x0000000000002e28       0x24 secure_fw/partitions/protected_storage/libtfm_app_rot_partition_ps.a(tfm_ps_req_mngr.o)
                0x0000000000002e28                ps_req_mngr_read_asset_data
 .text.ps_req_mngr_write_asset_data
                0x0000000000002e4c       0x18 secure_fw/partitions/protected_storage/libtfm_app_rot_partition_ps.a(tfm_ps_req_mngr.o)
                0x0000000000002e4c                ps_req_mngr_write_asset_data
 .text.tfm_ps_init
                0x0000000000002e64       0x28 secure_fw/partitions/protected_storage/libtfm_app_rot_partition_ps.a(tfm_protected_storage.o)
                0x0000000000002e64                tfm_ps_init
 .text.ps_system_prepare
                0x0000000000002e8c       0x1c secure_fw/partitions/protected_storage/libtfm_app_rot_partition_ps.a(ps_object_system.o)
                0x0000000000002e8c                ps_system_prepare
 .text.ps_object_read
                0x0000000000002ea8       0x70 secure_fw/partitions/protected_storage/libtfm_app_rot_partition_ps.a(ps_object_system.o)
                0x0000000000002ea8                ps_object_read
 .text.ps_object_create
                0x0000000000002f18       0xfc secure_fw/partitions/protected_storage/libtfm_app_rot_partition_ps.a(ps_object_system.o)
                0x0000000000002f18                ps_object_create
 .text.ps_object_get_info
                0x0000000000003014       0x58 secure_fw/partitions/protected_storage/libtfm_app_rot_partition_ps.a(ps_object_system.o)
                0x0000000000003014                ps_object_get_info
 .text.ps_object_delete
                0x000000000000306c       0x70 secure_fw/partitions/protected_storage/libtfm_app_rot_partition_ps.a(ps_object_system.o)
                0x000000000000306c                ps_object_delete
 .text.ps_get_object_entry_idx
                0x00000000000030dc       0x34 secure_fw/partitions/protected_storage/libtfm_app_rot_partition_ps.a(ps_object_table.o)
 .text.ps_object_table_save_table.constprop.0
                0x0000000000003110       0xa0 secure_fw/partitions/protected_storage/libtfm_app_rot_partition_ps.a(ps_object_table.o)
 .text.ps_object_table_create
                0x00000000000031b0       0x28 secure_fw/partitions/protected_storage/libtfm_app_rot_partition_ps.a(ps_object_table.o)
                0x00000000000031b0                ps_object_table_create
 .text.ps_object_table_init
                0x00000000000031d8      0x150 secure_fw/partitions/protected_storage/libtfm_app_rot_partition_ps.a(ps_object_table.o)
                0x00000000000031d8                ps_object_table_init
 .text.ps_object_table_get_free_fid
                0x0000000000003328       0x64 secure_fw/partitions/protected_storage/libtfm_app_rot_partition_ps.a(ps_object_table.o)
                0x0000000000003328                ps_object_table_get_free_fid
 .text.ps_object_table_set_obj_tbl_info
                0x000000000000338c       0xac secure_fw/partitions/protected_storage/libtfm_app_rot_partition_ps.a(ps_object_table.o)
                0x000000000000338c                ps_object_table_set_obj_tbl_info
 .text.ps_object_table_get_obj_tbl_info
                0x0000000000003438       0x2c secure_fw/partitions/protected_storage/libtfm_app_rot_partition_ps.a(ps_object_table.o)
                0x0000000000003438                ps_object_table_get_obj_tbl_info
 .text.ps_object_table_delete_object
                0x0000000000003464       0x4c secure_fw/partitions/protected_storage/libtfm_app_rot_partition_ps.a(ps_object_table.o)
                0x0000000000003464                ps_object_table_delete_object
 .text.ps_object_table_delete_old_table
                0x00000000000034b0       0x14 secure_fw/partitions/protected_storage/libtfm_app_rot_partition_ps.a(ps_object_table.o)
                0x00000000000034b0                ps_object_table_delete_old_table
 .text.ps_crypto_setkey
                0x00000000000034c4       0x94 secure_fw/partitions/protected_storage/libtfm_app_rot_partition_ps.a(ps_crypto_interface.o)
                0x00000000000034c4                ps_crypto_setkey
 .text.ps_crypto_destroykey
                0x0000000000003558       0x18 secure_fw/partitions/protected_storage/libtfm_app_rot_partition_ps.a(ps_crypto_interface.o)
                0x0000000000003558                ps_crypto_destroykey
 .text.ps_crypto_set_iv
                0x0000000000003570       0x10 secure_fw/partitions/protected_storage/libtfm_app_rot_partition_ps.a(ps_crypto_interface.o)
                0x0000000000003570                ps_crypto_set_iv
 .text.ps_crypto_get_iv
                0x0000000000003580       0x70 secure_fw/partitions/protected_storage/libtfm_app_rot_partition_ps.a(ps_crypto_interface.o)
                0x0000000000003580                ps_crypto_get_iv
 .text.ps_crypto_encrypt_and_tag
                0x00000000000035f0       0x54 secure_fw/partitions/protected_storage/libtfm_app_rot_partition_ps.a(ps_crypto_interface.o)
                0x00000000000035f0                ps_crypto_encrypt_and_tag
 .text.ps_crypto_auth_and_decrypt
                0x0000000000003644       0x58 secure_fw/partitions/protected_storage/libtfm_app_rot_partition_ps.a(ps_crypto_interface.o)
                0x0000000000003644                ps_crypto_auth_and_decrypt
 .text.ps_crypto_generate_auth_tag
                0x000000000000369c       0x48 secure_fw/partitions/protected_storage/libtfm_app_rot_partition_ps.a(ps_crypto_interface.o)
                0x000000000000369c                ps_crypto_generate_auth_tag
 .text.ps_crypto_authenticate
                0x00000000000036e4       0x44 secure_fw/partitions/protected_storage/libtfm_app_rot_partition_ps.a(ps_crypto_interface.o)
                0x00000000000036e4                ps_crypto_authenticate
 .text.tfm_ps_entry
                0x0000000000003728        0x4 secure_fw/partitions/protected_storage/libtfm_app_rot_partition_ps.a(tfm_ps_req_mngr.o)
                0x0000000000003728                tfm_ps_entry
 .text.tfm_ps_set
                0x000000000000372c       0x2c secure_fw/partitions/protected_storage/libtfm_app_rot_partition_ps.a(tfm_protected_storage.o)
                0x000000000000372c                tfm_ps_set
 .text.tfm_ps_get
                0x0000000000003758       0x28 secure_fw/partitions/protected_storage/libtfm_app_rot_partition_ps.a(tfm_protected_storage.o)
                0x0000000000003758                tfm_ps_get
 .text.tfm_ps_get_info
                0x0000000000003780       0x20 secure_fw/partitions/protected_storage/libtfm_app_rot_partition_ps.a(tfm_protected_storage.o)
                0x0000000000003780                tfm_ps_get_info
 .text.tfm_ps_remove
                0x00000000000037a0       0x26 secure_fw/partitions/protected_storage/libtfm_app_rot_partition_ps.a(tfm_protected_storage.o)
                0x00000000000037a0                tfm_ps_remove
 .text.tfm_ps_get_support
                0x00000000000037c6        0x4 secure_fw/partitions/protected_storage/libtfm_app_rot_partition_ps.a(tfm_protected_storage.o)
                0x00000000000037c6                tfm_ps_get_support
 .text.ps_remove_old_data
                0x00000000000037ca       0x18 secure_fw/partitions/protected_storage/libtfm_app_rot_partition_ps.a(ps_object_system.o)
 .text.ps_system_wipe_all
                0x00000000000037e2        0x4 secure_fw/partitions/protected_storage/libtfm_app_rot_partition_ps.a(ps_object_system.o)
                0x00000000000037e2                ps_system_wipe_all
 .text.ps_object_table_align_nv_counters
                0x00000000000037e6       0x5c secure_fw/partitions/protected_storage/libtfm_app_rot_partition_ps.a(ps_object_table.o)
 .text.ps_object_table_authenticate
                0x0000000000003842       0x56 secure_fw/partitions/protected_storage/libtfm_app_rot_partition_ps.a(ps_object_table.o)
 .text.ps_crypto_init
                0x0000000000003898        0x4 secure_fw/partitions/protected_storage/libtfm_app_rot_partition_ps.a(ps_crypto_interface.o)
                0x0000000000003898                ps_crypto_init
 .text.ps_encrypted_object_read
                0x000000000000389c       0x86 secure_fw/partitions/protected_storage/libtfm_app_rot_partition_ps.a(ps_encrypted_object.o)
                0x000000000000389c                ps_encrypted_object_read
 .text.ps_encrypted_object_write
                0x0000000000003922       0x9c secure_fw/partitions/protected_storage/libtfm_app_rot_partition_ps.a(ps_encrypted_object.o)
                0x0000000000003922                ps_encrypted_object_write
 .text.ps_read_nv_counter
                0x00000000000039be       0x16 secure_fw/partitions/protected_storage/libtfm_app_rot_partition_ps.a(ps_nv_counters.o)
                0x00000000000039be                ps_read_nv_counter
 .text.ps_increment_nv_counter
                0x00000000000039d4       0x12 secure_fw/partitions/protected_storage/libtfm_app_rot_partition_ps.a(ps_nv_counters.o)
                0x00000000000039d4                ps_increment_nv_counter
 *tfm_app_rot_partition*:(SORT_BY_ALIGNMENT(.rodata*))
 *fill*         0x00000000000039e6        0x2 
 .rodata        0x00000000000039e8       0x20 secure_fw/partitions/protected_storage/libtfm_app_rot_partition_ps.a(ps_object_table.o)
 .rodata.tfm_ps_init.str1.1
                0x0000000000003a08       0x21 secure_fw/partitions/protected_storage/libtfm_app_rot_partition_ps.a(tfm_protected_storage.o)
 *(TFM_*_APP-ROT_ATTR_FN)
                0x0000000000003a40                . = ALIGN (0x20)
 *fill*         0x0000000000003a29       0x17 
                0x0000000000002d00                Image$$TFM_APP_ROT_LINKER$$RO$$Base = ADDR (.TFM_APP_ROT_LINKER)
                0x0000000000003a40                Image$$TFM_APP_ROT_LINKER$$RO$$Limit = (ADDR (.TFM_APP_ROT_LINKER) + SIZEOF (.TFM_APP_ROT_LINKER))
                0x0000000000002d00                Image$$TFM_APP_ROT_LINKER$$Base = ADDR (.TFM_APP_ROT_LINKER)
                0x0000000000003a40                Image$$TFM_APP_ROT_LINKER$$Limit = (ADDR (.TFM_APP_ROT_LINKER) + SIZEOF (.TFM_APP_ROT_LINKER))
                0x0000000000003a40                Image$$TFM_APP_CODE_END$$Base = .

.ARM.extab
 *(.ARM.extab* .gnu.linkonce.armextab.*)
                0x0000000000003a40                __exidx_start = .

.ARM.exidx      0x0000000000003a40        0x8
 *(.ARM.exidx* .gnu.linkonce.armexidx.*)
 .ARM.exidx     0x0000000000003a40        0x8 /opt/nordic/ncs/toolchains/b8efef2ad5/opt/zephyr-sdk/arm-zephyr-eabi/bin/../lib/gcc/arm-zephyr-eabi/12.2.0/../../../../arm-zephyr-eabi/lib/thumb/v8-m.main/nofp/crt0.o
                                         0x10 (size before relaxing)
                0x0000000000003a48                __exidx_end = .

.ER_TFM_CODE    0x0000000000003a48     0x42c7
                0x0000000000003a48                . = ALIGN (0x4)
                0x0000000000003a48                PROVIDE (__preinit_array_start = .)
 *(.preinit_array)
                0x0000000000003a48                PROVIDE (__preinit_array_end = .)
                0x0000000000003a48                . = ALIGN (0x4)
                0x0000000000003a48                PROVIDE (__init_array_start = .)
 *(SORT_BY_NAME(.init_array.*))
 *(.init_array)
 .init_array    0x0000000000003a48        0x4 /opt/nordic/ncs/toolchains/b8efef2ad5/opt/zephyr-sdk/arm-zephyr-eabi/bin/../lib/gcc/arm-zephyr-eabi/12.2.0/thumb/v8-m.main/nofp/crtbegin.o
                0x0000000000003a4c                PROVIDE (__init_array_end = .)
                0x0000000000003a4c                . = ALIGN (0x4)
                [!provide]                        PROVIDE (__fini_array_start = .)
 *(SORT_BY_NAME(.fini_array.*))
 *(.fini_array)
 .fini_array    0x0000000000003a4c        0x4 /opt/nordic/ncs/toolchains/b8efef2ad5/opt/zephyr-sdk/arm-zephyr-eabi/bin/../lib/gcc/arm-zephyr-eabi/12.2.0/thumb/v8-m.main/nofp/crtbegin.o
                [!provide]                        PROVIDE (__fini_array_end = .)
                0x0000000000003a50                . = ALIGN (0x4)
                0x0000000000003a50                __copy_table_start__ = .
                0x0000000000003a50        0x4 LONG 0x12e08 LOADADDR (.TFM_DATA)
                0x0000000000003a54        0x4 LONG 0x2000c9a0 ADDR (.TFM_DATA)
                0x0000000000003a58        0x4 LONG 0x32 (SIZEOF (.TFM_DATA) / 0x4)
                0x0000000000003a5c        0x4 LONG 0x12dd0 LOADADDR (.TFM_PSA_ROT_LINKER_DATA)
                0x0000000000003a60        0x4 LONG 0x20001d80 ADDR (.TFM_PSA_ROT_LINKER_DATA)
                0x0000000000003a64        0x4 LONG 0xe (SIZEOF (.TFM_PSA_ROT_LINKER_DATA) / 0x4)
                0x0000000000003a68        0x4 LONG 0x12dc0 LOADADDR (.TFM_APP_ROT_LINKER_DATA)
                0x0000000000003a6c        0x4 LONG 0x20000c60 ADDR (.TFM_APP_ROT_LINKER_DATA)
                0x0000000000003a70        0x4 LONG 0x4 (SIZEOF (.TFM_APP_ROT_LINKER_DATA) / 0x4)
                0x0000000000003a74                __copy_table_end__ = .
                0x0000000000003a74                . = ALIGN (0x4)
                0x0000000000003a74                __zero_table_start__ = .
                0x0000000000003a74        0x4 LONG 0x2000ca68 ADDR (.TFM_BSS)
                0x0000000000003a78        0x4 LONG 0x4d0 (SIZEOF (.TFM_BSS) / 0x4)
                0x0000000000003a7c        0x4 LONG 0x20001db8 ADDR (.TFM_PSA_ROT_LINKER_BSS)
                0x0000000000003a80        0x4 LONG 0x2afa (SIZEOF (.TFM_PSA_ROT_LINKER_BSS) / 0x4)
                0x0000000000003a84        0x4 LONG 0x20000c70 ADDR (.TFM_APP_ROT_LINKER_BSS)
                0x0000000000003a88        0x4 LONG 0x444 (SIZEOF (.TFM_APP_ROT_LINKER_BSS) / 0x4)
                0x0000000000003a8c        0x4 LONG 0x20000c40 ADDR (.TFM_SP_META_PTR)
                0x0000000000003a90        0x4 LONG 0x8 (SIZEOF (.TFM_SP_META_PTR) / 0x4)
                0x0000000000003a94                __zero_table_end__ = .
 *startup*(.text*)
 .text.default_irq_handler
                0x0000000000003a94        0x4 secure_fw/CMakeFiles/tfm_s.dir/__/platform/ext/target/nordic_nrf/common/core/startup.o
                0x0000000000003a94                default_irq_handler
 .text.Reset_Handler
                0x0000000000003a98       0xa4 secure_fw/CMakeFiles/tfm_s.dir/__/platform/ext/target/nordic_nrf/common/core/startup.o
                0x0000000000003a98                Reset_Handler
 .text.default_tfm_IRQHandler
                0x0000000000003b3c       0x1c secure_fw/CMakeFiles/tfm_s.dir/__/platform/ext/target/nordic_nrf/common/core/startup_nrf54l15.o
                0x0000000000003b3c                ECB10_IRQHandler
                0x0000000000003b3c                GRTC_1_IRQHandler
                0x0000000000003b3c                SWI02_IRQHandler
                0x0000000000003b3c                SysTick_Handler
                0x0000000000003b3c                GRTC_2_IRQHandler
                0x0000000000003b3c                NMI_Handler
                0x0000000000003b3c                SERIAL20_IRQHandler
                0x0000000000003b3c                WDT31_IRQHandler
                0x0000000000003b3c                SERIAL30_IRQHandler
                0x0000000000003b3c                default_tfm_IRQHandler
                0x0000000000003b3c                TEMP_IRQHandler
                0x0000000000003b3c                AAR00_CCM00_IRQHandler
                0x0000000000003b3c                RTC10_IRQHandler
                0x0000000000003b3c                QDEC21_IRQHandler
                0x0000000000003b3c                GRTC_3_IRQHandler
                0x0000000000003b3c                EGU10_IRQHandler
                0x0000000000003b3c                CM33SS_IRQHandler
                0x0000000000003b3c                ECB00_IRQHandler
                0x0000000000003b3c                TIMER23_IRQHandler
                0x0000000000003b3c                AAR10_CCM10_IRQHandler
                0x0000000000003b3c                TAMPC_IRQHandler
                0x0000000000003b3c                RADIO_1_IRQHandler
                0x0000000000003b3c                SERIAL00_IRQHandler
                0x0000000000003b3c                PWM22_IRQHandler
                0x0000000000003b3c                SWI01_IRQHandler
                0x0000000000003b3c                GPIOTE20_1_IRQHandler
                0x0000000000003b3c                GPIOTE30_1_IRQHandler
                0x0000000000003b3c                TIMER21_IRQHandler
                0x0000000000003b3c                TIMER00_IRQHandler
                0x0000000000003b3c                SERIAL21_IRQHandler
                0x0000000000003b3c                SWI03_IRQHandler
                0x0000000000003b3c                SAADC_IRQHandler
                0x0000000000003b3c                SWI00_IRQHandler
                0x0000000000003b3c                TIMER24_IRQHandler
                0x0000000000003b3c                SERIAL22_IRQHandler
                0x0000000000003b3c                CTRLAP_IRQHandler
                0x0000000000003b3c                VPR00_IRQHandler
                0x0000000000003b3c                RRAMC_IRQHandler
                0x0000000000003b3c                RADIO_0_IRQHandler
                0x0000000000003b3c                GRTC_0_IRQHandler
                0x0000000000003b3c                NFCT_IRQHandler
                0x0000000000003b3c                EGU20_IRQHandler
                0x0000000000003b3c                TIMER10_IRQHandler
                0x0000000000003b3c                I2S20_IRQHandler
                0x0000000000003b3c                TIMER20_IRQHandler
                0x0000000000003b3c                TIMER22_IRQHandler
                0x0000000000003b3c                QDEC20_IRQHandler
                0x0000000000003b3c                PWM20_IRQHandler
                0x0000000000003b3c                COMP_LPCOMP_IRQHandler
                0x0000000000003b3c                PWM21_IRQHandler
                0x0000000000003b3c                WDT30_IRQHandler
                0x0000000000003b3c                CLOCK_POWER_IRQHandler
                0x0000000000003b3c                DebugMon_Handler
 *libplatform_s*:(SORT_BY_ALIGNMENT(.text*))
 .text.nrf54l_handle_approtect_signal
                0x0000000000003b58       0x34 platform/libplatform_s.a(system_nrf54l.o)
 .text.SystemCoreClockUpdate
                0x0000000000003b8c       0x2c platform/libplatform_s.a(system_nrf54l.o)
                0x0000000000003b8c                SystemCoreClockUpdate
 .text.SystemInit
                0x0000000000003bb8       0xc4 platform/libplatform_s.a(system_nrf54l.o)
                0x0000000000003bb8                SystemInit
 .text.tfm_exception_info_get_context
                0x0000000000003c7c        0xc platform/libplatform_s.a(exception_info.o)
                0x0000000000003c7c                tfm_exception_info_get_context
 .text.store_and_dump_context
                0x0000000000003c88      0x118 platform/libplatform_s.a(exception_info.o)
                0x0000000000003c88                store_and_dump_context
 .text.stdio_output_string
                0x0000000000003da0       0x40 platform/libplatform_s.a(uart_stdout.o)
                0x0000000000003da0                stdio_output_string
 .text.stdio_init
                0x0000000000003de0       0x30 platform/libplatform_s.a(uart_stdout.o)
                0x0000000000003de0                stdio_init
 .text.ARM_USART_GetVersion
                0x0000000000003e10       0x20 platform/libplatform_s.a(Driver_USART.o)
 .text.ARM_USART30_GetTxCount
                0x0000000000003e30        0xc platform/libplatform_s.a(Driver_USART.o)
 .text.ARM_USART30_GetRxCount
                0x0000000000003e3c        0xc platform/libplatform_s.a(Driver_USART.o)
 .text.ARM_USART30_Uninitialize
                0x0000000000003e48       0x18 platform/libplatform_s.a(Driver_USART.o)
 .text.ARM_USART30_Receive
                0x0000000000003e60       0x3c platform/libplatform_s.a(Driver_USART.o)
 .text.ARM_USARTx_Send.constprop.0
                0x0000000000003e9c       0x78 platform/libplatform_s.a(Driver_USART.o)
 .text.ARM_USART30_Control
                0x0000000000003f14      0x194 platform/libplatform_s.a(Driver_USART.o)
 .text.ARM_USART30_Initialize
                0x00000000000040a8       0x74 platform/libplatform_s.a(Driver_USART.o)
 .text.on_rx_disabled
                0x000000000000411c       0x64 platform/libplatform_s.a(nrfx_uarte.o)
 .text.nrfx_coredep_delay_us.part.0
                0x0000000000004180       0x20 platform/libplatform_s.a(nrfx_uarte.o)
 .text.nrf_gpio_cfg_input.constprop.0
                0x00000000000041a0       0x38 platform/libplatform_s.a(nrfx_uarte.o)
 .text.blocking_tx
                0x00000000000041d8      0x1b8 platform/libplatform_s.a(nrfx_uarte.o)
 .text.nrf_gpio_pin_set
                0x0000000000004390       0x24 platform/libplatform_s.a(nrfx_uarte.o)
 .text.nrf_gpio_cfg_output
                0x00000000000043b4       0x3c platform/libplatform_s.a(nrfx_uarte.o)
 .text.uarte_configure
                0x00000000000043f0      0x13c platform/libplatform_s.a(nrfx_uarte.o)
 .text.nrf_gpio_cfg_default
                0x000000000000452c       0x3c platform/libplatform_s.a(nrfx_uarte.o)
 .text.nrfx_uarte_init
                0x0000000000004568      0x13c platform/libplatform_s.a(nrfx_uarte.o)
                0x0000000000004568                nrfx_uarte_init
 .text.nrfx_uarte_tx
                0x00000000000046a4       0xd8 platform/libplatform_s.a(nrfx_uarte.o)
                0x00000000000046a4                nrfx_uarte_tx
 .text.nrfx_uarte_tx_abort
                0x000000000000477c       0xb8 platform/libplatform_s.a(nrfx_uarte.o)
                0x000000000000477c                nrfx_uarte_tx_abort
 .text.nrfx_uarte_rx_enable
                0x0000000000004834      0x14c platform/libplatform_s.a(nrfx_uarte.o)
                0x0000000000004834                nrfx_uarte_rx_enable
 .text.nrfx_uarte_rx_buffer_set
                0x0000000000004980      0x190 platform/libplatform_s.a(nrfx_uarte.o)
                0x0000000000004980                nrfx_uarte_rx_buffer_set
 .text.nrfx_uarte_rx_abort
                0x0000000000004b10      0x150 platform/libplatform_s.a(nrfx_uarte.o)
                0x0000000000004b10                nrfx_uarte_rx_abort
 .text.nrfx_uarte_uninit
                0x0000000000004c60       0xd4 platform/libplatform_s.a(nrfx_uarte.o)
                0x0000000000004c60                nrfx_uarte_uninit
 .text.nrfx_uarte_rx_ready
                0x0000000000004d34       0x54 platform/libplatform_s.a(nrfx_uarte.o)
                0x0000000000004d34                nrfx_uarte_rx_ready
 .text.nrfx_uarte_rx
                0x0000000000004d88       0x84 platform/libplatform_s.a(nrfx_uarte.o)
                0x0000000000004d88                nrfx_uarte_rx
 .text.nrfx_critical_section_enter
                0x0000000000004e0c       0x10 platform/libplatform_s.a(nrfx_glue.o)
                0x0000000000004e0c                nrfx_critical_section_enter
 .text.nrfx_critical_section_exit
                0x0000000000004e1c       0x14 platform/libplatform_s.a(nrfx_glue.o)
                0x0000000000004e1c                nrfx_critical_section_exit
 .text.ARM_Flash_GetInfo
                0x0000000000004e30        0x8 platform/libplatform_s.a(Driver_Flash.o)
 .text.ARM_Flash_Initialize
                0x0000000000004e38       0x48 platform/libplatform_s.a(Driver_Flash.o)
 .text.ARM_Flash_ProgramData
                0x0000000000004e80       0x48 platform/libplatform_s.a(Driver_Flash.o)
 .text.ARM_Flash_ReadData
                0x0000000000004ec8       0x30 platform/libplatform_s.a(Driver_Flash.o)
 .text.rramc_configure
                0x0000000000004ef8       0x80 platform/libplatform_s.a(nrfx_rramc.o)
 .text.__nrfy_internal_rramc_config_set.constprop.0.isra.0
                0x0000000000004f78       0x18 platform/libplatform_s.a(nrfx_rramc.o)
 .text.nrfx_rramc_words_write
                0x0000000000004f90       0x50 platform/libplatform_s.a(nrfx_rramc.o)
                0x0000000000004f90                nrfx_rramc_words_write
 .text.nrfx_rramc_init
                0x0000000000004fe0       0x2c platform/libplatform_s.a(nrfx_rramc.o)
                0x0000000000004fe0                nrfx_rramc_init
 .text.mpu_armv8m_enable
                0x000000000000500c       0x34 platform/libplatform_s.a(mpu_armv8m_drv.o)
                0x000000000000500c                mpu_armv8m_enable
 .text.spu_enable_interrupts
                0x0000000000005040       0x28 platform/libplatform_s.a(spu.o)
                0x0000000000005040                spu_enable_interrupts
 .text.spu_events_get
                0x0000000000005068       0x44 platform/libplatform_s.a(spu.o)
                0x0000000000005068                spu_events_get
 .text.mpc_enable_interrupts
                0x00000000000050ac       0x10 platform/libplatform_s.a(spu.o)
                0x00000000000050ac                mpc_enable_interrupts
 .text.mpc_events_get
                0x00000000000050bc       0x14 platform/libplatform_s.a(spu.o)
                0x00000000000050bc                mpc_events_get
 .text.mpc_clear_events
                0x00000000000050d0       0x14 platform/libplatform_s.a(spu.o)
                0x00000000000050d0                mpc_clear_events
 .text.spu_clear_events
                0x00000000000050e4       0x3c platform/libplatform_s.a(spu.o)
                0x00000000000050e4                spu_clear_events
 .text.spu_get_peri_addr
                0x0000000000005120       0x2c platform/libplatform_s.a(spu.o)
                0x0000000000005120                spu_get_peri_addr
 .text.nrf_exception_info_store_context
                0x000000000000514c       0x48 platform/libplatform_s.a(nrf_exception_info.o)
                0x000000000000514c                nrf_exception_info_store_context
 .text.nrf_exception_info_get_context
                0x0000000000005194        0xc platform/libplatform_s.a(nrf_exception_info.o)
                0x0000000000005194                nrf_exception_info_get_context
 .text.tfm_hal_its_aead_generate_nonce
                0x00000000000051a0       0x58 platform/libplatform_s.a(tfm_hal_its_encryption_cracen.o)
                0x00000000000051a0                tfm_hal_its_aead_generate_nonce
 .text.tfm_hal_its_get_aead
                0x00000000000051f8      0x130 platform/libplatform_s.a(tfm_hal_its_encryption_cracen.o)
                0x00000000000051f8                tfm_hal_its_get_aead
 .text.tfm_hal_platform_init
                0x0000000000005328       0x90 platform/libplatform_s.a(tfm_hal_platform.o)
                0x0000000000005328                tfm_hal_platform_init
 .text.ns_fault_service_set_handler
                0x00000000000053b8       0x14 platform/libplatform_s.a(ns_fault_service.o)
                0x00000000000053b8                ns_fault_service_set_handler
 .text.call_ns_callback
                0x00000000000053cc       0xa8 platform/libplatform_s.a(ns_fault_service.o)
                0x00000000000053cc                call_ns_callback
 .text.ns_fault_service_call_handler
                0x0000000000005474       0x34 platform/libplatform_s.a(ns_fault_service.o)
                0x0000000000005474                ns_fault_service_call_handler
 .text.tfm_platform_hal_system_reset
                0x00000000000054a8       0x24 platform/libplatform_s.a(tfm_platform_system.o)
                0x00000000000054a8                tfm_platform_hal_system_reset
 .text.nordicsemi_nrf54l_init
                0x00000000000054cc       0x9c platform/libplatform_s.a(soc.o)
                0x00000000000054cc                nordicsemi_nrf54l_init
 .text.erase_flash_region
                0x0000000000005568       0x3c platform/libplatform_s.a(flash_otp_nv_counters_backend.o)
 .text.copy_flash_region
                0x00000000000055a4       0x78 platform/libplatform_s.a(flash_otp_nv_counters_backend.o)
 .text.read_otp_nv_counters_flash
                0x000000000000561c       0x7c platform/libplatform_s.a(flash_otp_nv_counters_backend.o)
                0x000000000000561c                read_otp_nv_counters_flash
 .text.write_otp_nv_counters_flash
                0x0000000000005698      0x1ac platform/libplatform_s.a(flash_otp_nv_counters_backend.o)
                0x0000000000005698                write_otp_nv_counters_flash
 .text.init_otp_nv_counters_flash
                0x0000000000005844      0x154 platform/libplatform_s.a(flash_otp_nv_counters_backend.o)
                0x0000000000005844                init_otp_nv_counters_flash
 .text.tfm_plat_otp_get_size
                0x0000000000005998       0x34 platform/libplatform_s.a(otp_flash.o)
                0x0000000000005998                tfm_plat_otp_get_size
 .text.tfm_platform_hal_read_service
                0x00000000000059cc       0x5c platform/libplatform_s.a(tfm_platform_hal_ioctl.o)
                0x00000000000059cc                tfm_platform_hal_read_service
 .text.tfm_platform_hal_write32_service
                0x0000000000005a28       0x54 platform/libplatform_s.a(tfm_platform_hal_ioctl.o)
                0x0000000000005a28                tfm_platform_hal_write32_service
 .text.tfm_hal_output_spm_log
                0x0000000000005a7c        0x4 platform/libplatform_s.a(tfm_hal_spm_logdev_peripheral.o)
                0x0000000000005a7c                tfm_hal_output_spm_log
 .text.ARM_USART_GetCapabilities
                0x0000000000005a80        0x4 platform/libplatform_s.a(Driver_USART.o)
 .text.ARM_USART_Transfer
                0x0000000000005a84        0x6 platform/libplatform_s.a(Driver_USART.o)
 .text.ARM_USART_GetStatus
                0x0000000000005a8a        0xc platform/libplatform_s.a(Driver_USART.o)
 .text.ARM_USART_SetModemControl
                0x0000000000005a96        0x6 platform/libplatform_s.a(Driver_USART.o)
 .text.ARM_USART_GetModemStatus
                0x0000000000005a9c        0xc platform/libplatform_s.a(Driver_USART.o)
 .text.ARM_USART30_PowerControl
                0x0000000000005aa8        0xc platform/libplatform_s.a(Driver_USART.o)
 .text.ARM_USART30_Send
                0x0000000000005ab4        0x4 platform/libplatform_s.a(Driver_USART.o)
 .text.uart_config_set_uart_pins
                0x0000000000005ab8       0x3c platform/libplatform_s.a(Driver_USART.o)
                0x0000000000005ab8                uart_config_set_uart_pins
 .text.is_tx_ready
                0x0000000000005af4       0x1a platform/libplatform_s.a(nrfx_uarte.o)
 .text.user_handler
                0x0000000000005b0e       0x22 platform/libplatform_s.a(nrfx_uarte.o)
 .text.user_handler_on_rx_done
                0x0000000000005b30       0x28 platform/libplatform_s.a(nrfx_uarte.o)
 .text.disable_hw_from_rx
                0x0000000000005b58       0x24 platform/libplatform_s.a(nrfx_uarte.o)
 .text.disable_hw_from_tx
                0x0000000000005b7c       0x16 platform/libplatform_s.a(nrfx_uarte.o)
 .text.tx_prepare_start.isra.0
                0x0000000000005b92       0x7e platform/libplatform_s.a(nrfx_uarte.o)
 .text.ARM_Flash_GetCapabilities
                0x0000000000005c10        0x4 platform/libplatform_s.a(Driver_Flash.o)
 .text.ARM_Flash_Unitialize
                0x0000000000005c14        0x4 platform/libplatform_s.a(Driver_Flash.o)
 .text.ARM_Flash_EraseSector
                0x0000000000005c18        0x4 platform/libplatform_s.a(Driver_Flash.o)
 .text.mpu_armv8m_region_enable
                0x0000000000005c1c       0x6a platform/libplatform_s.a(mpu_armv8m_drv.o)
                0x0000000000005c1c                mpu_armv8m_region_enable
 .text.mpu_armv8m_region_disable
                0x0000000000005c86       0x14 platform/libplatform_s.a(mpu_armv8m_drv.o)
                0x0000000000005c86                mpu_armv8m_region_disable
 .text.mpu_armv8m_clean
                0x0000000000005c9a       0x22 platform/libplatform_s.a(mpu_armv8m_drv.o)
                0x0000000000005c9a                mpu_armv8m_clean
 .text.spu_peripheral_config_secure
                0x0000000000005cbc       0x3a platform/libplatform_s.a(spu.o)
                0x0000000000005cbc                spu_peripheral_config_secure
 .text.tfm_hal_its_aead_encrypt
                0x0000000000005cf6       0x24 platform/libplatform_s.a(tfm_hal_its_encryption_cracen.o)
                0x0000000000005cf6                tfm_hal_its_aead_encrypt
 .text.tfm_hal_its_aead_decrypt
                0x0000000000005d1a       0x24 platform/libplatform_s.a(tfm_hal_its_encryption_cracen.o)
                0x0000000000005d1a                tfm_hal_its_aead_decrypt
 .text.tfm_hal_system_halt
                0x0000000000005d3e        0xc platform/libplatform_s.a(tfm_hal_reset_halt.o)
                0x0000000000005d3e                tfm_hal_system_halt
 .text.tfm_plat_provisioning_is_required
                0x0000000000005d4a        0x4 platform/libplatform_s.a(dummy_provisioning.o)
                0x0000000000005d4a                tfm_plat_provisioning_is_required
 .text.tfm_plat_provisioning_perform
                0x0000000000005d4e        0x4 platform/libplatform_s.a(dummy_provisioning.o)
                0x0000000000005d4e                tfm_plat_provisioning_perform
 .text.tfm_plat_provisioning_check_for_dummy_keys
                0x0000000000005d52        0x2 platform/libplatform_s.a(dummy_provisioning.o)
                0x0000000000005d52                tfm_plat_provisioning_check_for_dummy_keys
 .text.tfm_platform_hal_ioctl
                0x0000000000005d54       0x7c platform/libplatform_s.a(tfm_platform_system.o)
                0x0000000000005d54                tfm_platform_hal_ioctl
 .text.tfm_hal_ps_fs_info
                0x0000000000005dd0       0x1c platform/libplatform_s.a(tfm_hal_ps.o)
                0x0000000000005dd0                tfm_hal_ps_fs_info
 .text.tfm_hal_its_fs_info
                0x0000000000005dec       0x1c platform/libplatform_s.a(tfm_hal_its.o)
                0x0000000000005dec                tfm_hal_its_fs_info
 .text.set_nv_counter_flash
                0x0000000000005e08       0x3e platform/libplatform_s.a(nv_counters.o)
 .text.tfm_plat_init_nv_counter
                0x0000000000005e46        0x4 platform/libplatform_s.a(nv_counters.o)
                0x0000000000005e46                tfm_plat_init_nv_counter
 .text.tfm_plat_read_nv_counter
                0x0000000000005e4a       0x38 platform/libplatform_s.a(nv_counters.o)
                0x0000000000005e4a                tfm_plat_read_nv_counter
 .text.tfm_plat_set_nv_counter
                0x0000000000005e82       0x38 platform/libplatform_s.a(nv_counters.o)
                0x0000000000005e82                tfm_plat_set_nv_counter
 .text.tfm_plat_increment_nv_counter
                0x0000000000005eba       0x26 platform/libplatform_s.a(nv_counters.o)
                0x0000000000005eba                tfm_plat_increment_nv_counter
 .text.make_backup
                0x0000000000005ee0       0x26 platform/libplatform_s.a(flash_otp_nv_counters_backend.o)
 .text.tfm_plat_otp_init
                0x0000000000005f06        0x4 platform/libplatform_s.a(otp_flash.o)
                0x0000000000005f06                tfm_plat_otp_init
 .text.write_to_output
                0x0000000000005f0a       0x2c platform/libplatform_s.a(otp_flash.o)
 .text.tfm_plat_otp_read
                0x0000000000005f36       0x9e platform/libplatform_s.a(otp_flash.o)
                0x0000000000005f36                tfm_plat_otp_read
 *libtfm_spm*:(SORT_BY_ALIGNMENT(.text*))
 .text.spm_log_msgval
                0x0000000000005fd4       0x58 secure_fw/spm/libtfm_spm.a(spm_log.o)
                0x0000000000005fd4                spm_log_msgval
 .text.startup.main
                0x000000000000602c       0x68 secure_fw/spm/libtfm_spm.a(main.o)
                0x000000000000602c                main
 .text.SVC_Handler
                0x0000000000006094       0x68 secure_fw/spm/libtfm_spm.a(tfm_arch_v8m_main.o)
                0x0000000000006094                SVC_Handler
 .text.tfm_arch_set_secure_exception_priorities
                0x00000000000060fc       0x28 secure_fw/spm/libtfm_spm.a(tfm_arch_v8m_main.o)
                0x00000000000060fc                tfm_arch_set_secure_exception_priorities
 .text.ns_agent_tz_main
                0x0000000000006124       0x30 secure_fw/spm/libtfm_spm.a(ns_agent_tz_v80m.o)
                0x0000000000006124                ns_agent_tz_main
 .text.tfm_hal_bind_boundary
                0x0000000000006154       0x6c secure_fw/spm/libtfm_spm.a(tfm_hal_isolation.o)
                0x0000000000006154                tfm_hal_bind_boundary
 .text.mpu_init_cfg
                0x00000000000061c0      0x11c secure_fw/spm/libtfm_spm.a(tfm_hal_isolation.o)
                0x00000000000061c0                mpu_init_cfg
 .text.SPU_Handler
                0x00000000000062dc       0x44 secure_fw/spm/libtfm_spm.a(faults.o)
                0x00000000000062dc                SPU_Handler
 .text.MPC_Handler
                0x0000000000006320       0x30 secure_fw/spm/libtfm_spm.a(faults.o)
                0x0000000000006320                MPC_Handler
 .text.MPC00_IRQHandler
                0x0000000000006350       0x30 secure_fw/spm/libtfm_spm.a(faults.o)
                0x0000000000006350                MPC00_IRQHandler
 .text.init_mpc_region_override
                0x0000000000006380       0x20 secure_fw/spm/libtfm_spm.a(target_cfg.o)
 .text.nrf_gpio_pin_control_select.constprop.0
                0x00000000000063a0       0x1c secure_fw/spm/libtfm_spm.a(target_cfg.o)
 .text.enable_fault_handlers
                0x00000000000063bc       0x14 secure_fw/spm/libtfm_spm.a(target_cfg.o)
                0x00000000000063bc                enable_fault_handlers
 .text.system_reset_cfg
                0x00000000000063d0       0x18 secure_fw/spm/libtfm_spm.a(target_cfg.o)
                0x00000000000063d0                system_reset_cfg
 .text.nvic_interrupt_target_state_cfg
                0x00000000000063e8       0x50 secure_fw/spm/libtfm_spm.a(target_cfg.o)
                0x00000000000063e8                nvic_interrupt_target_state_cfg
 .text.nvic_interrupt_enable
                0x0000000000006438       0x50 secure_fw/spm/libtfm_spm.a(target_cfg.o)
                0x0000000000006438                nvic_interrupt_enable
 .text.sau_and_idau_cfg
                0x0000000000006488       0x6c secure_fw/spm/libtfm_spm.a(target_cfg.o)
                0x0000000000006488                sau_and_idau_cfg
 .text.nrf_mpc_init_cfg
                0x00000000000064f4       0x64 secure_fw/spm/libtfm_spm.a(target_cfg.o)
                0x00000000000064f4                nrf_mpc_init_cfg
 .text.spu_periph_init_cfg
                0x0000000000006558      0x168 secure_fw/spm/libtfm_spm.a(target_cfg.o)
                0x0000000000006558                spu_periph_init_cfg
 .text.tfm_core_validate_boot_data
                0x00000000000066c0        0xc secure_fw/spm/libtfm_spm.a(tfm_boot_data.o)
                0x00000000000066c0                tfm_core_validate_boot_data
 .text.tfm_core_get_boot_data_handler
                0x00000000000066cc       0x38 secure_fw/spm/libtfm_spm.a(tfm_boot_data.o)
                0x00000000000066cc                tfm_core_get_boot_data_handler
 .text.tfm_spm_get_service_by_sid
                0x0000000000006704       0x2c secure_fw/spm/libtfm_spm.a(spm_ipc.o)
                0x0000000000006704                tfm_spm_get_service_by_sid
 .text.tfm_spm_check_authorization
                0x0000000000006730       0x48 secure_fw/spm/libtfm_spm.a(spm_ipc.o)
                0x0000000000006730                tfm_spm_check_authorization
 .text.spm_init_idle_connection
                0x0000000000006778       0x34 secure_fw/spm/libtfm_spm.a(spm_ipc.o)
                0x0000000000006778                spm_init_idle_connection
 .text.tfm_spm_partition_get_running_partition_id
                0x00000000000067ac       0x1c secure_fw/spm/libtfm_spm.a(spm_ipc.o)
                0x00000000000067ac                tfm_spm_partition_get_running_partition_id
 .text.tfm_spm_is_ns_caller
                0x00000000000067c8       0x28 secure_fw/spm/libtfm_spm.a(spm_ipc.o)
                0x00000000000067c8                tfm_spm_is_ns_caller
 .text.spm_get_idle_connection
                0x00000000000067f0       0x78 secure_fw/spm/libtfm_spm.a(spm_ipc.o)
                0x00000000000067f0                spm_get_idle_connection
 .text.tfm_spm_init
                0x0000000000006868       0x64 secure_fw/spm/libtfm_spm.a(spm_ipc.o)
                0x0000000000006868                tfm_spm_init
 .text.load_a_partition_assuredly
                0x00000000000068cc      0x10c secure_fw/spm/libtfm_spm.a(rom_loader.o)
                0x00000000000068cc                load_a_partition_assuredly
 .text.load_services_assuredly
                0x00000000000069d8       0xc4 secure_fw/spm/libtfm_spm.a(rom_loader.o)
                0x00000000000069d8                load_services_assuredly
 .text.partition_init
                0x0000000000006a9c       0x1c secure_fw/spm/libtfm_spm.a(backend_ipc.o)
 .text.ns_agent_tz_init
                0x0000000000006ab8       0x2c secure_fw/spm/libtfm_spm.a(backend_ipc.o)
 .text.backend_init_comp_assuredly
                0x0000000000006ae4       0xb4 secure_fw/spm/libtfm_spm.a(backend_ipc.o)
                0x0000000000006ae4                backend_init_comp_assuredly
 .text.backend_system_run
                0x0000000000006b98       0x30 secure_fw/spm/libtfm_spm.a(backend_ipc.o)
                0x0000000000006b98                backend_system_run
 .text.backend_abi_entering_spm
                0x0000000000006bc8       0x44 secure_fw/spm/libtfm_spm.a(backend_ipc.o)
                0x0000000000006bc8                backend_abi_entering_spm
 .text.ipc_schedule
                0x0000000000006c0c       0x94 secure_fw/spm/libtfm_spm.a(backend_ipc.o)
                0x0000000000006c0c                ipc_schedule
 .text.spm_svc_handler
                0x0000000000006ca0       0xb8 secure_fw/spm/libtfm_spm.a(tfm_svcalls.o)
                0x0000000000006ca0                spm_svc_handler
 .text.thrd_set_query_callback
                0x0000000000006d58        0xc secure_fw/spm/libtfm_spm.a(thread.o)
                0x0000000000006d58                thrd_set_query_callback
 .text.thrd_next
                0x0000000000006d64       0x4c secure_fw/spm/libtfm_spm.a(thread.o)
                0x0000000000006d64                thrd_next
 .text.thrd_set_state
                0x0000000000006db0       0x28 secure_fw/spm/libtfm_spm.a(thread.o)
                0x0000000000006db0                thrd_set_state
 .text.thrd_start
                0x0000000000006dd8       0x44 secure_fw/spm/libtfm_spm.a(thread.o)
                0x0000000000006dd8                thrd_start
 .text.tz_ns_agent_register_client_id_range
                0x0000000000006e1c        0xc secure_fw/spm/libtfm_spm.a(tfm_spm_ns_ctx.o)
                0x0000000000006e1c                tz_ns_agent_register_client_id_range
 .text.tfm_nspm_get_current_client_id
                0x0000000000006e28       0x14 secure_fw/spm/libtfm_spm.a(tfm_spm_ns_ctx.o)
                0x0000000000006e28                tfm_nspm_get_current_client_id
 .text.tfm_nspm_ctx_init
                0x0000000000006e3c       0x18 secure_fw/spm/libtfm_spm.a(tfm_spm_ns_ctx.o)
                0x0000000000006e3c                tfm_nspm_ctx_init
 .text.connection_to_handle
                0x0000000000006e54       0x20 secure_fw/spm/libtfm_spm.a(spm_connection_pool.o)
                0x0000000000006e54                connection_to_handle
 .text.handle_to_connection
                0x0000000000006e74       0x10 secure_fw/spm/libtfm_spm.a(spm_connection_pool.o)
                0x0000000000006e74                handle_to_connection
 .text.spm_init_connection_space
                0x0000000000006e84       0x20 secure_fw/spm/libtfm_spm.a(spm_connection_pool.o)
                0x0000000000006e84                spm_init_connection_space
 .text.spm_allocate_connection
                0x0000000000006ea4        0xc secure_fw/spm/libtfm_spm.a(spm_connection_pool.o)
                0x0000000000006ea4                spm_allocate_connection
 .text.spm_validate_connection
                0x0000000000006eb0       0x1c secure_fw/spm/libtfm_spm.a(spm_connection_pool.o)
                0x0000000000006eb0                spm_validate_connection
 .text.spm_free_connection
                0x0000000000006ecc       0x1c secure_fw/spm/libtfm_spm.a(spm_connection_pool.o)
                0x0000000000006ecc                spm_free_connection
 .text.tfm_hal_get_ns_VTOR
                0x0000000000006ee8        0xc secure_fw/spm/libtfm_spm.a(tfm_hal_platform_common.o)
                0x0000000000006ee8                tfm_hal_get_ns_VTOR
 .text.tfm_hal_get_ns_MSP
                0x0000000000006ef4        0xc secure_fw/spm/libtfm_spm.a(tfm_hal_platform_common.o)
                0x0000000000006ef4                tfm_hal_get_ns_MSP
 .text.tfm_hal_get_ns_entry_point
                0x0000000000006f00        0xc secure_fw/spm/libtfm_spm.a(tfm_hal_platform_common.o)
                0x0000000000006f00                tfm_hal_get_ns_entry_point
 .text.arch_acquire_sched_lock
                0x0000000000006f0c       0x10 secure_fw/spm/libtfm_spm.a(tfm_arch.o)
                0x0000000000006f0c                arch_acquire_sched_lock
 .text.arch_release_sched_lock
                0x0000000000006f1c       0x14 secure_fw/spm/libtfm_spm.a(tfm_arch.o)
                0x0000000000006f1c                arch_release_sched_lock
 .text.arch_attempt_schedule
                0x0000000000006f30       0x2c secure_fw/spm/libtfm_spm.a(tfm_arch.o)
                0x0000000000006f30                arch_attempt_schedule
 .text.tfm_arch_init_context
                0x0000000000006f5c       0x5c secure_fw/spm/libtfm_spm.a(tfm_arch.o)
                0x0000000000006f5c                tfm_arch_init_context
 .text.tfm_spm_partition_psa_wait
                0x0000000000006fb8       0x3c secure_fw/spm/libtfm_spm.a(psa_api.o)
                0x0000000000006fb8                tfm_spm_partition_psa_wait
 .text.tfm_spm_partition_psa_get
                0x0000000000006ff4       0xb0 secure_fw/spm/libtfm_spm.a(psa_api.o)
                0x0000000000006ff4                tfm_spm_partition_psa_get
 .text.tfm_pool_alloc
                0x00000000000070a4       0x20 secure_fw/spm/libtfm_spm.a(tfm_pools.o)
                0x00000000000070a4                tfm_pool_alloc
 .text.is_valid_chunk_data_in_pool
                0x00000000000070c4       0x38 secure_fw/spm/libtfm_spm.a(tfm_pools.o)
                0x00000000000070c4                is_valid_chunk_data_in_pool
 .text.spm_associate_call_params
                0x00000000000070fc      0x18c secure_fw/spm/libtfm_spm.a(psa_call_api.o)
                0x00000000000070fc                spm_associate_call_params
 .text.tfm_spm_partition_psa_read
                0x0000000000007288       0x74 secure_fw/spm/libtfm_spm.a(psa_read_write_skip_api.o)
                0x0000000000007288                tfm_spm_partition_psa_read
 .text.tfm_spm_partition_psa_write
                0x00000000000072fc       0x78 secure_fw/spm/libtfm_spm.a(psa_read_write_skip_api.o)
                0x00000000000072fc                tfm_spm_partition_psa_write
 .text.tfm_core_panic
                0x0000000000007374        0x4 secure_fw/spm/libtfm_spm.a(utilities.o)
                0x0000000000007374                tfm_core_panic
 .text.tfm_arch_thread_fn_call
                0x0000000000007378       0x52 secure_fw/spm/libtfm_spm.a(tfm_arch_v8m_main.o)
                0x0000000000007378                tfm_arch_thread_fn_call
 .text.PendSV_Handler
                0x00000000000073ca       0x54 secure_fw/spm/libtfm_spm.a(tfm_arch_v8m_main.o)
                0x00000000000073ca                PendSV_Handler
 .text.tfm_arch_config_extensions
                0x000000000000741e        0x2 secure_fw/spm/libtfm_spm.a(tfm_arch_v8m_main.o)
                0x000000000000741e                tfm_arch_config_extensions
 .text.tfm_hal_activate_boundary
                0x0000000000007420       0x1c secure_fw/spm/libtfm_spm.a(tfm_hal_isolation.o)
                0x0000000000007420                tfm_hal_activate_boundary
 .text.tfm_hal_memory_check
                0x000000000000743c       0x5e secure_fw/spm/libtfm_spm.a(tfm_hal_isolation.o)
                0x000000000000743c                tfm_hal_memory_check
 .text.tfm_hal_set_up_static_boundaries
                0x000000000000749a       0x2a secure_fw/spm/libtfm_spm.a(tfm_hal_isolation.o)
                0x000000000000749a                tfm_hal_set_up_static_boundaries
 .text.tfm_hal_boundary_need_switch
                0x00000000000074c4       0x1a secure_fw/spm/libtfm_spm.a(tfm_hal_isolation.o)
                0x00000000000074c4                tfm_hal_boundary_need_switch
 .text.SPU00_IRQHandler
                0x00000000000074de       0x1c secure_fw/spm/libtfm_spm.a(faults.o)
                0x00000000000074de                SPU00_IRQHandler
 .text.SPU10_IRQHandler
                0x00000000000074fa       0x1c secure_fw/spm/libtfm_spm.a(faults.o)
                0x00000000000074fa                SPU10_IRQHandler
 .text.SPU20_IRQHandler
                0x0000000000007516       0x1c secure_fw/spm/libtfm_spm.a(faults.o)
                0x0000000000007516                SPU20_IRQHandler
 .text.SPU30_IRQHandler
                0x0000000000007532       0x1c secure_fw/spm/libtfm_spm.a(faults.o)
                0x0000000000007532                SPU30_IRQHandler
 .text.mpc_configure_override.constprop.0
                0x000000000000754e       0x46 secure_fw/spm/libtfm_spm.a(target_cfg.o)
 .text.NVIC_ClearTargetState.isra.0
                0x0000000000007594       0x26 secure_fw/spm/libtfm_spm.a(target_cfg.o)
 .text.init_debug
                0x00000000000075ba        0x4 secure_fw/spm/libtfm_spm.a(target_cfg.o)
                0x00000000000075ba                init_debug
 .text.spm_get_handle_by_signal
                0x00000000000075be       0x4a secure_fw/spm/libtfm_spm.a(spm_ipc.o)
                0x00000000000075be                spm_get_handle_by_signal
 .text.tfm_spm_check_client_version
                0x0000000000007608       0x24 secure_fw/spm/libtfm_spm.a(spm_ipc.o)
                0x0000000000007608                tfm_spm_check_client_version
 .text.spm_msg_handle_to_connection
                0x000000000000762c       0x28 secure_fw/spm/libtfm_spm.a(spm_ipc.o)
                0x000000000000762c                spm_msg_handle_to_connection
 .text.tfm_spm_get_client_id
                0x0000000000007654       0x20 secure_fw/spm/libtfm_spm.a(spm_ipc.o)
                0x0000000000007654                tfm_spm_get_client_id
 .text.update_caller_outvec_len
                0x0000000000007674       0x1e secure_fw/spm/libtfm_spm.a(spm_ipc.o)
                0x0000000000007674                update_caller_outvec_len
 .text.load_irqs_assuredly
                0x0000000000007692        0x2 secure_fw/spm/libtfm_spm.a(rom_loader.o)
                0x0000000000007692                load_irqs_assuredly
 .text.query_state
                0x0000000000007694       0x42 secure_fw/spm/libtfm_spm.a(backend_ipc.o)
 .text.backend_wait_signals
                0x00000000000076d6       0x20 secure_fw/spm/libtfm_spm.a(backend_ipc.o)
                0x00000000000076d6                backend_wait_signals
 .text.backend_assert_signal
                0x00000000000076f6       0x2c secure_fw/spm/libtfm_spm.a(backend_ipc.o)
                0x00000000000076f6                backend_assert_signal
 .text.backend_messaging
                0x0000000000007722       0x40 secure_fw/spm/libtfm_spm.a(backend_ipc.o)
                0x0000000000007722                backend_messaging
 .text.backend_replying
                0x0000000000007762        0xa secure_fw/spm/libtfm_spm.a(backend_ipc.o)
                0x0000000000007762                backend_replying
 .text.backend_abi_leaving_spm
                0x000000000000776c       0x1e secure_fw/spm/libtfm_spm.a(backend_ipc.o)
                0x000000000000776c                backend_abi_leaving_spm
 .text.thrd_start_scheduler
                0x000000000000778a       0x1c secure_fw/spm/libtfm_spm.a(thread.o)
                0x000000000000778a                thrd_start_scheduler
 .text.tfm_hal_platform_common_init
                0x00000000000077a6       0x36 secure_fw/spm/libtfm_spm.a(tfm_hal_platform_common.o)
                0x00000000000077a6                tfm_hal_platform_common_init
 .text.tfm_arch_free_msp_and_exc_ret
                0x00000000000077dc        0x8 secure_fw/spm/libtfm_spm.a(tfm_arch.o)
                0x00000000000077dc                tfm_arch_free_msp_and_exc_ret
 .text.tfm_arch_set_context_ret_code
                0x00000000000077e4        0x6 secure_fw/spm/libtfm_spm.a(tfm_arch.o)
                0x00000000000077e4                tfm_arch_set_context_ret_code
 .text.tfm_arch_refresh_hardware_context
                0x00000000000077ea       0x16 secure_fw/spm/libtfm_spm.a(tfm_arch.o)
                0x00000000000077ea                tfm_arch_refresh_hardware_context
 .text.spm_handle_programmer_errors
                0x0000000000007800       0x18 secure_fw/spm/libtfm_spm.a(psa_api.o)
                0x0000000000007800                spm_handle_programmer_errors
 .text.tfm_spm_get_lifecycle_state
                0x0000000000007818       0x40 secure_fw/spm/libtfm_spm.a(psa_api.o)
                0x0000000000007818                tfm_spm_get_lifecycle_state
 .text.tfm_spm_partition_psa_reply
                0x0000000000007858       0x9a secure_fw/spm/libtfm_spm.a(psa_api.o)
                0x0000000000007858                tfm_spm_partition_psa_reply
 .text.tfm_spm_partition_psa_panic
                0x00000000000078f2        0xc secure_fw/spm/libtfm_spm.a(psa_api.o)
                0x00000000000078f2                tfm_spm_partition_psa_panic
 .text.tfm_pool_init
                0x00000000000078fe       0x5c secure_fw/spm/libtfm_spm.a(tfm_pools.o)
                0x00000000000078fe                tfm_pool_init
 .text.tfm_pool_free
                0x000000000000795a       0x14 secure_fw/spm/libtfm_spm.a(tfm_pools.o)
                0x000000000000795a                tfm_pool_free
 .text.tfm_spm_client_psa_call
                0x000000000000796e       0x4e secure_fw/spm/libtfm_spm.a(psa_call_api.o)
                0x000000000000796e                tfm_spm_client_psa_call
 .text.tfm_spm_client_psa_framework_version
                0x00000000000079bc        0x6 secure_fw/spm/libtfm_spm.a(psa_version_api.o)
                0x00000000000079bc                tfm_spm_client_psa_framework_version
 .text.tfm_spm_client_psa_version
                0x00000000000079c2       0x2c secure_fw/spm/libtfm_spm.a(psa_version_api.o)
                0x00000000000079c2                tfm_spm_client_psa_version
 .text.tfm_spm_partition_psa_skip
                0x00000000000079ee       0x3c secure_fw/spm/libtfm_spm.a(psa_read_write_skip_api.o)
                0x00000000000079ee                tfm_spm_partition_psa_skip
 *libplatform_s*:*(.rodata*)
 .rodata.store_and_dump_context.str1.1
                0x0000000000007a2a       0x8b platform/libplatform_s.a(exception_info.o)
 *fill*         0x0000000000007ab5        0x3 
 .rodata.Driver_USART30
                0x0000000000007ab8       0x38 platform/libplatform_s.a(Driver_USART.o)
                0x0000000000007ab8                Driver_USART30
 .rodata.UART30_pins
                0x0000000000007af0       0x10 platform/libplatform_s.a(Driver_USART.o)
 .rodata.DriverVersion
                0x0000000000007b00        0x4 platform/libplatform_s.a(Driver_USART.o)
 .rodata.CSWTCH.97
                0x0000000000007b04        0xc platform/libplatform_s.a(nrfx_uarte.o)
 *fill*         0x0000000000007b10        0x0 
 .rodata.delay_machine_code.0
                0x0000000000007b10        0x6 platform/libplatform_s.a(nrfx_uarte.o)
 *fill*         0x0000000000007b16        0x2 
 .rodata.Driver_FLASH0
                0x0000000000007b18       0x2c platform/libplatform_s.a(Driver_Flash.o)
                0x0000000000007b18                Driver_FLASH0
 .rodata.FlashInfo
                0x0000000000007b44       0x18 platform/libplatform_s.a(Driver_Flash.o)
 .rodata        0x0000000000007b5c        0xa platform/libplatform_s.a(Driver_Flash.o)
 *fill*         0x0000000000007b66        0x2 
 .rodata.spu_instances
                0x0000000000007b68       0x10 platform/libplatform_s.a(spu.o)
 .rodata.nrf_exception_info_store_context.str1.1
                0x0000000000007b78       0x16 platform/libplatform_s.a(nrf_exception_info.o)
 .rodata.tfm_hal_platform_init.str1.1
                0x0000000000007b8e       0x75 platform/libplatform_s.a(tfm_hal_platform.o)
 *fill*         0x0000000000007c03        0x1 
 .rodata.data_width_byte
                0x0000000000007c04        0xc platform/libplatform_s.a(flash_otp_nv_counters_backend.o)
 *libtfm_spm*:*(.rodata*)
 .rodata.HEX_TABLE
                0x0000000000007c10       0x10 secure_fw/spm/libtfm_spm.a(spm_log.o)
 .rodata.main.str1.1
                0x0000000000007c20       0x65 secure_fw/spm/libtfm_spm.a(main.o)
 *fill*         0x0000000000007c85        0x3 
 .rodata.memory_regions
                0x0000000000007c88       0x14 secure_fw/spm/libtfm_spm.a(target_cfg.o)
                0x0000000000007c88                memory_regions
 .rodata.spu_instances
                0x0000000000007c9c       0x10 secure_fw/spm/libtfm_spm.a(target_cfg.o)
 .rodata        0x0000000000007cac       0x1a secure_fw/spm/libtfm_spm.a(target_cfg.o)
 *fill*         0x0000000000007cc6        0x2 
 .rodata.serv_pool_ea
                0x0000000000007cc8        0x4 secure_fw/spm/libtfm_spm.a(rom_loader.o)
 .rodata.part_pool_ea
                0x0000000000007ccc        0x4 secure_fw/spm/libtfm_spm.a(rom_loader.o)
 .rodata.ldinf_ea
                0x0000000000007cd0        0x4 secure_fw/spm/libtfm_spm.a(rom_loader.o)
 .rodata.spm_svc_handler.str1.1
                0x0000000000007cd4       0x3b secure_fw/spm/libtfm_spm.a(tfm_svcalls.o)

.glue_7         0x0000000000007d10        0x0
 .glue_7        0x0000000000007d10        0x0 linker stubs

.glue_7t        0x0000000000007d10        0x0
 .glue_7t       0x0000000000007d10        0x0 linker stubs

.vfp11_veneer   0x0000000000007d10        0x0
 .vfp11_veneer  0x0000000000007d10        0x0 linker stubs

.v4_bx          0x0000000000007d10        0x0
 .v4_bx         0x0000000000007d10        0x0 linker stubs

.iplt           0x0000000000007d10        0x0
 .iplt          0x0000000000007d10        0x0 /opt/nordic/ncs/toolchains/b8efef2ad5/opt/zephyr-sdk/arm-zephyr-eabi/bin/../lib/gcc/arm-zephyr-eabi/12.2.0/thumb/v8-m.main/nofp/crtbegin.o

.psa_interface_thread_fn_call
                0x0000000000007d10       0xb0
 .psa_interface_thread_fn_call
                0x0000000000007d10       0xb0 secure_fw/partitions/lib/runtime/libtfm_sprt.a(psa_interface_thread_fn_call.o)
                0x0000000000007d10                psa_framework_version_thread_fn_call
                0x0000000000007d1c                psa_version_thread_fn_call
                0x0000000000007d28                tfm_psa_call_pack_thread_fn_call
                0x0000000000007d34                psa_wait_thread_fn_call
                0x0000000000007d40                psa_get_thread_fn_call
                0x0000000000007d4c                psa_read_thread_fn_call
                0x0000000000007d58                psa_skip_thread_fn_call
                0x0000000000007d64                psa_write_thread_fn_call
                0x0000000000007d70                psa_reply_thread_fn_call
                0x0000000000007d7c                psa_panic_thread_fn_call
                0x0000000000007d88                psa_rot_lifecycle_state_thread_fn_call

.TFM_UNPRIV_CODE
                0x0000000000007dc0     0xb000
 *(SORT_BY_ALIGNMENT(.text*))
 .text          0x0000000000007dc0       0x88 /opt/nordic/ncs/toolchains/b8efef2ad5/opt/zephyr-sdk/arm-zephyr-eabi/bin/../lib/gcc/arm-zephyr-eabi/12.2.0/thumb/v8-m.main/nofp/crtbegin.o
 .text          0x0000000000007e48       0x7c /opt/nordic/ncs/toolchains/b8efef2ad5/opt/zephyr-sdk/arm-zephyr-eabi/bin/../lib/gcc/arm-zephyr-eabi/12.2.0/../../../../arm-zephyr-eabi/lib/thumb/v8-m.main/nofp/crt0.o
                0x0000000000007e48                _stack_init
                0x0000000000007e50                _mainCRTStartup
                0x0000000000007e50                _start
 .text.tfm_psa_framework_version_veneer
                0x0000000000007ec4       0x24 secure_fw/CMakeFiles/tfm_s.dir/partitions/ns_agent_tz/psa_api_veneers_v80m.o
                0x0000000000007ec4                __acle_se_tfm_psa_framework_version_veneer
 .text.tfm_psa_version_veneer
                0x0000000000007ee8       0x24 secure_fw/CMakeFiles/tfm_s.dir/partitions/ns_agent_tz/psa_api_veneers_v80m.o
                0x0000000000007ee8                __acle_se_tfm_psa_version_veneer
 .text.tfm_psa_call_veneer
                0x0000000000007f0c       0x2c secure_fw/CMakeFiles/tfm_s.dir/partitions/ns_agent_tz/psa_api_veneers_v80m.o
                0x0000000000007f0c                __acle_se_tfm_psa_call_veneer
 .text.tfm_psa_connect_veneer
                0x0000000000007f38       0x1c secure_fw/CMakeFiles/tfm_s.dir/partitions/ns_agent_tz/psa_api_veneers_v80m.o
                0x0000000000007f38                __acle_se_tfm_psa_connect_veneer
 .text.tfm_psa_close_veneer
                0x0000000000007f54       0x14 secure_fw/CMakeFiles/tfm_s.dir/partitions/ns_agent_tz/psa_api_veneers_v80m.o
                0x0000000000007f54                __acle_se_tfm_psa_close_veneer
 .text.psa_framework_version
                0x0000000000007f68       0x10 secure_fw/partitions/lib/runtime/libtfm_sprt.a(psa_api_ipc.o)
                0x0000000000007f68                psa_framework_version
 .text.psa_version
                0x0000000000007f78       0x10 secure_fw/partitions/lib/runtime/libtfm_sprt.a(psa_api_ipc.o)
                0x0000000000007f78                psa_version
 .text.tfm_psa_call_pack
                0x0000000000007f88       0x14 secure_fw/partitions/lib/runtime/libtfm_sprt.a(psa_api_ipc.o)
                0x0000000000007f88                tfm_psa_call_pack
 .text.psa_wait
                0x0000000000007f9c       0x10 secure_fw/partitions/lib/runtime/libtfm_sprt.a(psa_api_ipc.o)
                0x0000000000007f9c                psa_wait
 .text.psa_get  0x0000000000007fac       0x10 secure_fw/partitions/lib/runtime/libtfm_sprt.a(psa_api_ipc.o)
                0x0000000000007fac                psa_get
 .text.psa_read
                0x0000000000007fbc       0x14 secure_fw/partitions/lib/runtime/libtfm_sprt.a(psa_api_ipc.o)
                0x0000000000007fbc                psa_read
 .text.psa_write
                0x0000000000007fd0       0x14 secure_fw/partitions/lib/runtime/libtfm_sprt.a(psa_api_ipc.o)
                0x0000000000007fd0                psa_write
 .text.psa_reply
                0x0000000000007fe4       0x10 secure_fw/partitions/lib/runtime/libtfm_sprt.a(psa_api_ipc.o)
                0x0000000000007fe4                psa_reply
 .text.psa_panic
                0x0000000000007ff4       0x10 secure_fw/partitions/lib/runtime/libtfm_sprt.a(psa_api_ipc.o)
                0x0000000000007ff4                psa_panic
 .text.verify_header
                0x0000000000008004       0x40 secure_fw/partitions/crypto/mbedcrypto/nrf_security_src/libcrypto_service_mbedcrypto.a(memory_buffer_alloc.o)
 .text.verify_chain
                0x0000000000008044       0x3c secure_fw/partitions/crypto/mbedcrypto/nrf_security_src/libcrypto_service_mbedcrypto.a(memory_buffer_alloc.o)
 .text.buffer_alloc_calloc
                0x0000000000008080       0xf4 secure_fw/partitions/crypto/mbedcrypto/nrf_security_src/libcrypto_service_mbedcrypto.a(memory_buffer_alloc.o)
 .text.buffer_alloc_free