Archive member included to satisfy reference by file (symbol)

app/libapp.a(main.c.obj)      (--whole-archive)
zephyr/libzephyr.a(heap.c.obj)
                              (--whole-archive)
zephyr/libzephyr.a(cbprintf_packaged.c.obj)
                              (--whole-archive)
zephyr/libzephyr.a(printk.c.obj)
                              (--whole-archive)
zephyr/libzephyr.a(sem.c.obj)
                              (--whole-archive)
zephyr/libzephyr.a(thread_entry.c.obj)
                              (--whole-archive)
zephyr/libzephyr.a(cbprintf_complete.c.obj)
                              (--whole-archive)
zephyr/libzephyr.a(assert.c.obj)
                              (--whole-archive)
zephyr/libzephyr.a(dec.c.obj)
                              (--whole-archive)
zephyr/libzephyr.a(hex.c.obj)
                              (--whole-archive)
zephyr/libzephyr.a(rb.c.obj)  (--whole-archive)
zephyr/libzephyr.a(timeutil.c.obj)
                              (--whole-archive)
zephyr/libzephyr.a(bitarray.c.obj)
                              (--whole-archive)
zephyr/libzephyr.a(onoff.c.obj)
                              (--whole-archive)
zephyr/libzephyr.a(notify.c.obj)
                              (--whole-archive)
zephyr/libzephyr.a(configs.c.obj)
                              (--whole-archive)
zephyr/libzephyr.a(mem_attr.c.obj)
                              (--whole-archive)
zephyr/libzephyr.a(tracing_none.c.obj)
                              (--whole-archive)
zephyr/libzephyr.a(banner.c.obj)
                              (--whole-archive)
zephyr/libzephyr.a(flash_map_partition_manager.c.obj)
                              (--whole-archive)
zephyr/arch/common/libarch__common.a(sw_isr_common.c.obj)
                              (--whole-archive)
zephyr/arch/arch/arm/core/libarch__arm__core.a(fatal.c.obj)
                              (--whole-archive)
zephyr/arch/arch/arm/core/libarch__arm__core.a(nmi.c.obj)
                              (--whole-archive)
zephyr/arch/arch/arm/core/libarch__arm__core.a(nmi_on_reset.S.obj)
                              (--whole-archive)
zephyr/arch/arch/arm/core/libarch__arm__core.a(tls.c.obj)
                              (--whole-archive)
zephyr/arch/arch/arm/core/cortex_m/libarch__arm__core__cortex_m.a(exc_exit.c.obj)
                              (--whole-archive)
zephyr/arch/arch/arm/core/cortex_m/libarch__arm__core__cortex_m.a(fault.c.obj)
                              (--whole-archive)
zephyr/arch/arch/arm/core/cortex_m/libarch__arm__core__cortex_m.a(fault_s.S.obj)
                              (--whole-archive)
zephyr/arch/arch/arm/core/cortex_m/libarch__arm__core__cortex_m.a(fpu.c.obj)
                              (--whole-archive)
zephyr/arch/arch/arm/core/cortex_m/libarch__arm__core__cortex_m.a(reset.S.obj)
                              (--whole-archive)
zephyr/arch/arch/arm/core/cortex_m/libarch__arm__core__cortex_m.a(scb.c.obj)
                              (--whole-archive)
zephyr/arch/arch/arm/core/cortex_m/libarch__arm__core__cortex_m.a(thread_abort.c.obj)
                              (--whole-archive)
zephyr/arch/arch/arm/core/cortex_m/libarch__arm__core__cortex_m.a(vector_table.S.obj)
                              (--whole-archive)
zephyr/arch/arch/arm/core/cortex_m/libarch__arm__core__cortex_m.a(swap.c.obj)
                              (--whole-archive)
zephyr/arch/arch/arm/core/cortex_m/libarch__arm__core__cortex_m.a(swap_helper.S.obj)
                              (--whole-archive)
zephyr/arch/arch/arm/core/cortex_m/libarch__arm__core__cortex_m.a(irq_manage.c.obj)
                              (--whole-archive)
zephyr/arch/arch/arm/core/cortex_m/libarch__arm__core__cortex_m.a(prep_c.c.obj)
                              (--whole-archive)
zephyr/arch/arch/arm/core/cortex_m/libarch__arm__core__cortex_m.a(thread.c.obj)
                              (--whole-archive)
zephyr/arch/arch/arm/core/cortex_m/libarch__arm__core__cortex_m.a(cpu_idle.c.obj)
                              (--whole-archive)
zephyr/arch/arch/arm/core/cortex_m/libarch__arm__core__cortex_m.a(irq_init.c.obj)
                              (--whole-archive)
zephyr/arch/arch/arm/core/cortex_m/libarch__arm__core__cortex_m.a(isr_wrapper.c.obj)
                              (--whole-archive)
zephyr/arch/arch/arm/core/cortex_m/libarch__arm__core__cortex_m.a(__aeabi_read_tp.S.obj)
                              (--whole-archive)
zephyr/arch/arch/arm/core/cortex_m/cmse/libarch__arm__core__cortex_m__cmse.a(arm_core_cmse.c.obj)
                              (--whole-archive)
zephyr/arch/arch/arm/core/mpu/libarch__arm__core__mpu.a(arm_core_mpu.c.obj)
                              (--whole-archive)
zephyr/arch/arch/arm/core/mpu/libarch__arm__core__mpu.a(arm_mpu.c.obj)
                              (--whole-archive)
zephyr/arch/arch/arm/core/mpu/libarch__arm__core__mpu.a(arm_mpu_regions.c.obj)
                              (--whole-archive)
zephyr/lib/libc/picolibc/liblib__libc__picolibc.a(libc-hooks.c.obj)
[...]
Memory Configuration

Name             Origin             Length             Attributes
FLASH            0x0000000000048000 0x000000000011d000 xr
RAM              0x0000000020013000 0x000000000001c000 xw
IDT_LIST         0x00000000ffff7fff 0x0000000000008000 xw
*default*        0x0000000000000000 0xffffffffffffffff

Linker script and memory map

                0x000000000004bf38                vfprintf = __l_vfprintf
                0x0000000000000000                vfscanf = __l_vfscanf
LOAD zephyr/CMakeFiles/zephyr_final.dir/misc/empty_file.c.obj
LOAD zephyr/CMakeFiles/zephyr_final.dir/isr_tables.c.obj
LOAD zephyr/CMakeFiles/offsets.dir/./arch/arm/core/offsets/offsets.c.obj
LOAD tfm/api_ns/interface/lib/s_veneers.o
LOAD app/libapp.a
LOAD zephyr/libzephyr.a
LOAD zephyr/arch/common/libarch__common.a
LOAD zephyr/arch/arch/arm/core/libarch__arm__core.a
LOAD zephyr/arch/arch/arm/core/cortex_m/libarch__arm__core__cortex_m.a
LOAD zephyr/arch/arch/arm/core/cortex_m/cmse/libarch__arm__core__cortex_m__cmse.a
LOAD zephyr/arch/arch/arm/core/mpu/libarch__arm__core__mpu.a
LOAD zephyr/lib/libc/picolibc/liblib__libc__picolibc.a
LOAD zephyr/lib/libc/common/liblib__libc__common.a
LOAD zephyr/soc/soc/nrf54l15/libsoc__nordic.a
LOAD zephyr/drivers/clock_control/libdrivers__clock_control.a
LOAD zephyr/drivers/console/libdrivers__console.a
LOAD zephyr/drivers/gpio/libdrivers__gpio.a
LOAD zephyr/drivers/pinctrl/libdrivers__pinctrl.a
LOAD zephyr/drivers/serial/libdrivers__serial.a
LOAD zephyr/drivers/timer/libdrivers__timer.a
LOAD modules/nrf/subsys/nrf_security/src/zephyr/libmbedtls_zephyr.a
LOAD modules/nrf/modules/trusted-firmware-m/lib..__nrf__modules__trusted-firmware-m.a
LOAD modules/nrf/modules/trusted-firmware-m/libtfm_api_nrf.a
LOAD modules/trusted-firmware-m/libtfm_api.a
LOAD modules/hal_nordic/nrfx/libmodules__hal_nordic__nrfx.a
LOAD zephyr/kernel/libkernel.a
LOAD zephyr/arch/common/libisr_tables.a
LOAD modules/nrf/subsys/nrf_security/src/libmbedcrypto.a
LOAD modules/nrf/subsys/nrf_security/src/libmbedcrypto_base.a
LOAD modules/nrf/subsys/nrf_security/src/libnrf_security_utils.a
LOAD zephyr/kernel/libkernel.a
LOAD /opt/nordic/ncs/v2.9.0/nrfxlib/crypto/nrf_oberon/lib/cortex-m33/soft-float/liboberon_mbedtls_3.0.15.a
LOAD /opt/nordic/ncs/v2.9.0/nrfxlib/crypto/nrf_oberon/lib/cortex-m33/soft-float/liboberon_3.0.15.a
LOAD /opt/nordic/ncs/toolchains/b8efef2ad5/opt/zephyr-sdk/arm-zephyr-eabi/bin/../lib/gcc/../../picolibc/arm-zephyr-eabi/lib/thumb/v8-m.main/nofp/libc.a
LOAD /opt/nordic/ncs/toolchains/b8efef2ad5/opt/zephyr-sdk/arm-zephyr-eabi/bin/../lib/gcc/arm-zephyr-eabi/12.2.0/thumb/v8-m.main/nofp/libgcc.a
                0x0000000000000020                _region_min_align = 0x20

.rel.plt        0x0000000000048000        0x0
 *(SORT_BY_ALIGNMENT(.rel.plt))
                [!provide]                        PROVIDE (__rel_iplt_start = .)
 *(SORT_BY_ALIGNMENT(.rel.iplt))
 .rel.iplt      0x0000000000048000        0x0 zephyr/CMakeFiles/zephyr_final.dir/isr_tables.c.obj
                [!provide]                        PROVIDE (__rel_iplt_end = .)

.rela.plt       0x0000000000000000        0x0
 *(SORT_BY_ALIGNMENT(.rela.plt))
                [!provide]                        PROVIDE (__rela_iplt_start = .)
 *(SORT_BY_ALIGNMENT(.rela.iplt))
                [!provide]                        PROVIDE (__rela_iplt_end = .)

.rel.dyn
 *(SORT_BY_ALIGNMENT(.rel.*))

.rela.dyn
 *(SORT_BY_ALIGNMENT(.rela.*))

/DISCARD/
 *(SORT_BY_ALIGNMENT(.plt))

/DISCARD/
 *(SORT_BY_ALIGNMENT(.iplt))
                0x0000000000048000                __rom_region_start = 0x48000

rom_start       0x0000000000048000      0x47c
                0x0000000000048000                __rom_start_address = .
 FILL mask 0x00
                0x0000000000048000                . = (. + (0x0 - (. - __rom_start_address)))
                0x0000000000048000                . = ALIGN (0x4)
                0x0000000000048000                . = ALIGN (0x80)
                0x0000000000048000                . = ALIGN (0x800)
                0x0000000000048000                _vector_start = .
 *(SORT_BY_ALIGNMENT(.exc_vector_table))
 *(SORT_BY_ALIGNMENT(.exc_vector_table.*))
 .exc_vector_table._vector_table_section
                0x0000000000048000       0x40 zephyr/arch/arch/arm/core/cortex_m/libarch__arm__core__cortex_m.a(vector_table.S.obj)
                0x0000000000048000                _vector_table
 *(SORT_BY_ALIGNMENT(.vectors))
                0x000000000004847c                _vector_end = .
                0x0000000000048040                . = ALIGN (0x4)
 *(SORT_BY_ALIGNMENT(.gnu.linkonce.irq_vector_table*))
 .gnu.linkonce.irq_vector_table
                0x0000000000048040      0x43c zephyr/CMakeFiles/zephyr_final.dir/isr_tables.c.obj
                0x0000000000048040                _irq_vector_table
                0x000000000004847c                _vector_end = .

text            0x0000000000048480     0x4c00
                0x0000000000048480                __text_region_start = .
 *(SORT_BY_ALIGNMENT(.text))
 .text          0x0000000000048480       0x30 /opt/nordic/ncs/toolchains/b8efef2ad5/opt/zephyr-sdk/arm-zephyr-eabi/bin/../lib/gcc/arm-zephyr-eabi/12.2.0/thumb/v8-m.main/nofp/libgcc.a(_aeabi_uldivmod.o)
                0x0000000000048480                __aeabi_uldivmod
 .text          0x00000000000484b0        0x4 /opt/nordic/ncs/toolchains/b8efef2ad5/opt/zephyr-sdk/arm-zephyr-eabi/bin/../lib/gcc/arm-zephyr-eabi/12.2.0/thumb/v8-m.main/nofp/libgcc.a(_dvmd_tls.o)
                0x00000000000484b0                __aeabi_ldiv0
                0x00000000000484b0                __aeabi_idiv0
 .text          0x00000000000484b4      0x29c /opt/nordic/ncs/toolchains/b8efef2ad5/opt/zephyr-sdk/arm-zephyr-eabi/bin/../lib/gcc/arm-zephyr-eabi/12.2.0/thumb/v8-m.main/nofp/libgcc.a(_udivmoddi4.o)
                0x00000000000484b4                __udivmoddi4
 *(SORT_BY_ALIGNMENT(.text.*))
 .text.main     0x0000000000048750       0xa8 app/libapp.a(main.c.obj)
                0x0000000000048750                main
 .text.button_pressed
                0x00000000000487f8       0x10 app/libapp.a(main.c.obj)
                0x00000000000487f8                button_pressed
 .text.char_out
                0x0000000000048808        0xc zephyr/libzephyr.a(printk.c.obj)
 .text.__printk_hook_install
                0x0000000000048814        0xc zephyr/libzephyr.a(printk.c.obj)
                0x0000000000048814                __printk_hook_install
 .text.vprintk  0x0000000000048820       0x30 zephyr/libzephyr.a(printk.c.obj)
                0x0000000000048820                vprintk
 .text.z_thread_entry
                0x0000000000048850       0x34 zephyr/libzephyr.a(thread_entry.c.obj)
                0x0000000000048850                z_thread_entry
 .text.process_event
                0x0000000000048884      0x21c zephyr/libzephyr.a(onoff.c.obj)
 .text.mem_attr_get_regions
                0x0000000000048aa0        0xc zephyr/libzephyr.a(mem_attr.c.obj)
                0x0000000000048aa0                mem_attr_get_regions
 .text.boot_banner
                0x0000000000048aac       0x1c zephyr/libzephyr.a(banner.c.obj)
                0x0000000000048aac                boot_banner
 .text.z_SysNmiOnReset
                0x0000000000048ac8        0x8 zephyr/arch/arch/arm/core/libarch__arm__core.a(nmi_on_reset.S.obj)
                0x0000000000048ac8                z_SysNmiOnReset
 .text.arch_tls_stack_setup
                0x0000000000048ad0       0x40 zephyr/arch/arch/arm/core/libarch__arm__core.a(tls.c.obj)
                0x0000000000048ad0                arch_tls_stack_setup
 .text._HandlerModeExit
                0x0000000000048b10       0x28 zephyr/arch/arch/arm/core/cortex_m/libarch__arm__core__cortex_m.a(exc_exit.c.obj)
                0x0000000000048b10                z_arm_exc_exit
                0x0000000000048b10                z_arm_int_exit
 .text.usage_fault.constprop.0
                0x0000000000048b38       0x5c zephyr/arch/arch/arm/core/cortex_m/libarch__arm__core__cortex_m.a(fault.c.obj)
 .text.bus_fault.constprop.0
                0x0000000000048b94       0x6c zephyr/arch/arch/arm/core/cortex_m/libarch__arm__core__cortex_m.a(fault.c.obj)
 .text.mem_manage_fault.constprop.0
                0x0000000000048c00       0x78 zephyr/arch/arch/arm/core/cortex_m/libarch__arm__core__cortex_m.a(fault.c.obj)
 .text.z_arm_fault
                0x0000000000048c78      0x130 zephyr/arch/arch/arm/core/cortex_m/libarch__arm__core__cortex_m.a(fault.c.obj)
                0x0000000000048c78                z_arm_fault
 .text.z_arm_fault_init
                0x0000000000048da8       0x20 zephyr/arch/arch/arm/core/cortex_m/libarch__arm__core__cortex_m.a(fault.c.obj)
                0x0000000000048da8                z_arm_fault_init
 .text.__fault  0x0000000000048dc8       0x14 zephyr/arch/arch/arm/core/cortex_m/libarch__arm__core__cortex_m.a(fault_s.S.obj)
                0x0000000000048dc8                z_arm_bus_fault
                0x0000000000048dc8                z_arm_usage_fault
                0x0000000000048dc8                z_arm_mpu_fault
                0x0000000000048dc8                z_arm_exc_spurious
                0x0000000000048dc8                z_arm_debug_monitor
                0x0000000000048dc8                z_arm_hard_fault
 .text._reset_section
                0x0000000000048ddc       0x60 zephyr/arch/arch/arm/core/cortex_m/libarch__arm__core__cortex_m.a(reset.S.obj)
                0x0000000000048ddc                z_arm_reset
                0x0000000000048ddc                __start
 .text.z_arm_clear_arm_mpu_config
                0x0000000000048e3c       0x24 zephyr/arch/arch/arm/core/cortex_m/libarch__arm__core__cortex_m.a(scb.c.obj)
                0x0000000000048e3c                z_arm_clear_arm_mpu_config
 .text.z_arm_init_arch_hw_at_boot
                0x0000000000048e60       0x4c zephyr/arch/arch/arm/core/cortex_m/libarch__arm__core__cortex_m.a(scb.c.obj)
                0x0000000000048e60                z_arm_init_arch_hw_at_boot
 .text.z_impl_k_thread_abort
                0x0000000000048eac       0x2c zephyr/arch/arch/arm/core/cortex_m/libarch__arm__core__cortex_m.a(thread_abort.c.obj)
                0x0000000000048eac                z_impl_k_thread_abort
 .text.arch_swap
                0x0000000000048ed8       0x34 zephyr/arch/arch/arm/core/cortex_m/libarch__arm__core__cortex_m.a(swap.c.obj)
                0x0000000000048ed8                arch_swap
 .text.z_arm_pendsv_c
                0x0000000000048f0c       0x54 zephyr/arch/arch/arm/core/cortex_m/libarch__arm__core__cortex_m.a(swap.c.obj)
                0x0000000000048f0c                z_arm_pendsv_c
 .text.z_arm_pendsv
                0x0000000000048f60       0x48 zephyr/arch/arch/arm/core/cortex_m/libarch__arm__core__cortex_m.a(swap_helper.S.obj)
                0x0000000000048f60                z_arm_pendsv
 .text.z_arm_svc
                0x0000000000048fa8       0x20 zephyr/arch/arch/arm/core/cortex_m/libarch__arm__core__cortex_m.a(swap_helper.S.obj)
                0x0000000000048fa8                z_arm_svc
 .text.arch_irq_enable
                0x0000000000048fc8       0x1c zephyr/arch/arch/arm/core/cortex_m/libarch__arm__core__cortex_m.a(irq_manage.c.obj)
                0x0000000000048fc8                arch_irq_enable
 .text.arch_irq_is_enabled
                0x0000000000048fe4       0x1c zephyr/arch/arch/arm/core/cortex_m/libarch__arm__core__cortex_m.a(irq_manage.c.obj)
                0x0000000000048fe4                arch_irq_is_enabled
 .text.z_arm_irq_priority_set
                0x0000000000049000       0x2c zephyr/arch/arch/arm/core/cortex_m/libarch__arm__core__cortex_m.a(irq_manage.c.obj)
                0x0000000000049000                z_arm_irq_priority_set
 .text.z_prep_c
                0x000000000004902c       0x38 zephyr/arch/arch/arm/core/cortex_m/libarch__arm__core__cortex_m.a(prep_c.c.obj)
                0x000000000004902c                z_prep_c
 .text.arch_new_thread
                0x0000000000049064       0x40 zephyr/arch/arch/arm/core/cortex_m/libarch__arm__core__cortex_m.a(thread.c.obj)
                0x0000000000049064                arch_new_thread
 .text.arch_switch_to_main_thread
                0x00000000000490a4       0x48 zephyr/arch/arch/arm/core/cortex_m/libarch__arm__core__cortex_m.a(thread.c.obj)
                0x00000000000490a4                arch_switch_to_main_thread
 .text.z_arm_cpu_idle_init
                0x00000000000490ec        0xc zephyr/arch/arch/arm/core/cortex_m/libarch__arm__core__cortex_m.a(cpu_idle.c.obj)
                0x00000000000490ec                z_arm_cpu_idle_init
 .text.z_arm_interrupt_init
                0x00000000000490f8       0x20 zephyr/arch/arch/arm/core/cortex_m/libarch__arm__core__cortex_m.a(irq_init.c.obj)
                0x00000000000490f8                z_arm_interrupt_init
 .text._isr_wrapper
                0x0000000000049118       0x24 zephyr/arch/arch/arm/core/cortex_m/libarch__arm__core__cortex_m.a(isr_wrapper.c.obj)
                0x0000000000049118                _isr_wrapper
 .text.z_arm_configure_static_mpu_regions
                0x000000000004913c       0x38 zephyr/arch/arch/arm/core/mpu/libarch__arm__core__mpu.a(arm_core_mpu.c.obj)
                0x000000000004913c                z_arm_configure_static_mpu_regions
 .text.region_init
                0x0000000000049174       0x34 zephyr/arch/arch/arm/core/mpu/libarch__arm__core__mpu.a(arm_mpu.c.obj)
 .text.region_allocate_and_init
                0x00000000000491a8       0x24 zephyr/arch/arch/arm/core/mpu/libarch__arm__core__mpu.a(arm_mpu.c.obj)
 .text.mpu_configure_regions_and_partition.constprop.0
                0x00000000000491cc      0x148 zephyr/arch/arch/arm/core/mpu/libarch__arm__core__mpu.a(arm_mpu.c.obj)
 .text.arm_core_mpu_enable
                0x0000000000049314       0x18 zephyr/arch/arch/arm/core/mpu/libarch__arm__core__mpu.a(arm_mpu.c.obj)
                0x0000000000049314                arm_core_mpu_enable
 .text.arm_core_mpu_disable
                0x000000000004932c       0x14 zephyr/arch/arch/arm/core/mpu/libarch__arm__core__mpu.a(arm_mpu.c.obj)
                0x000000000004932c                arm_core_mpu_disable
 .text.arm_core_mpu_configure_static_mpu_regions
                0x0000000000049340       0x14 zephyr/arch/arch/arm/core/mpu/libarch__arm__core__mpu.a(arm_mpu.c.obj)
                0x0000000000049340                arm_core_mpu_configure_static_mpu_regions
 .text.arm_core_mpu_mark_areas_for_dynamic_regions
                0x0000000000049354       0xb8 zephyr/arch/arch/arm/core/mpu/libarch__arm__core__mpu.a(arm_mpu.c.obj)
                0x0000000000049354                arm_core_mpu_mark_areas_for_dynamic_regions
 .text.z_arm_mpu_init
                0x000000000004940c      0x11c zephyr/arch/arch/arm/core/mpu/libarch__arm__core__mpu.a(arm_mpu.c.obj)
                0x000000000004940c                z_arm_mpu_init
 .text.z_impl_zephyr_fputc
                0x0000000000049528       0x10 zephyr/lib/libc/picolibc/liblib__libc__picolibc.a(libc-hooks.c.obj)
                0x0000000000049528                z_impl_zephyr_fputc
 .text.__stdout_hook_install
                0x0000000000049538       0x18 zephyr/lib/libc/picolibc/liblib__libc__picolibc.a(libc-hooks.c.obj)
                0x0000000000049538                __stdout_hook_install
 .text.malloc_prepare
                0x0000000000049550       0x24 zephyr/lib/libc/common/liblib__libc__common.a(malloc.c.obj)
 .text.arch_busy_wait
                0x0000000000049574       0x24 zephyr/soc/soc/nrf54l15/libsoc__nordic.a(soc.c.obj)
                0x0000000000049574                arch_busy_wait
 .text.onoff_stop
                0x0000000000049598       0x30 zephyr/drivers/clock_control/libdrivers__clock_control.a(clock_control_nrf.c.obj)
 .text.onoff_start
                0x00000000000495c8       0x44 zephyr/drivers/clock_control/libdrivers__clock_control.a(clock_control_nrf.c.obj)
 .text.generic_hfclk_stop
                0x000000000004960c       0x34 zephyr/drivers/clock_control/libdrivers__clock_control.a(clock_control_nrf.c.obj)
 .text.clk_init
                0x0000000000049640       0x5c zephyr/drivers/clock_control/libdrivers__clock_control.a(clock_control_nrf.c.obj)
 .text.api_blocking_start
                0x000000000004969c       0x34 zephyr/drivers/clock_control/libdrivers__clock_control.a(clock_control_nrf.c.obj)
 .text.clkstarted_handle.constprop.0
                0x00000000000496d0       0x4c zephyr/drivers/clock_control/libdrivers__clock_control.a(clock_control_nrf.c.obj)
 .text.generic_hfclk_start
                0x000000000004971c       0x78 zephyr/drivers/clock_control/libdrivers__clock_control.a(clock_control_nrf.c.obj)
 .text.clock_event_handler
                0x0000000000049794       0x1c zephyr/drivers/clock_control/libdrivers__clock_control.a(clock_control_nrf.c.obj)
 .text.z_nrf_clock_control_lf_on
                0x00000000000497b0       0xf4 zephyr/drivers/clock_control/libdrivers__clock_control.a(clock_control_nrf.c.obj)
                0x00000000000497b0                z_nrf_clock_control_lf_on
 .text.uart_console_init
                0x00000000000498a4       0x28 zephyr/drivers/console/libdrivers__console.a(uart_console.c.obj)
 .text.console_out
                0x00000000000498cc       0x28 zephyr/drivers/console/libdrivers__console.a(uart_console.c.obj)
 .text.gpio_nrfx_init
                0x00000000000498f4       0x54 zephyr/drivers/gpio/libdrivers__gpio.a(gpio_nrfx.c.obj)
 .text.gpio_nrfx_pin_configure
                0x0000000000049948      0x184 zephyr/drivers/gpio/libdrivers__gpio.a(gpio_nrfx.c.obj)
 .text.nrfx_gpio_handler
                0x0000000000049acc       0x58 zephyr/drivers/gpio/libdrivers__gpio.a(gpio_nrfx.c.obj)
 .text.gpio_nrfx_pin_interrupt_configure
                0x0000000000049b24       0xfc zephyr/drivers/gpio/libdrivers__gpio.a(gpio_nrfx.c.obj)
 .text.nrf_gpio_pin_port_decode
                0x0000000000049c20       0x20 zephyr/drivers/pinctrl/libdrivers__pinctrl.a(pinctrl_nrf.c.obj)
 .text.pinctrl_configure_pins
                0x0000000000049c40      0x154 zephyr/drivers/pinctrl/libdrivers__pinctrl.a(pinctrl_nrf.c.obj)
                0x0000000000049c40                pinctrl_configure_pins
 .text.uarte_nrfx_poll_out
                0x0000000000049d94       0xb4 zephyr/drivers/serial/libdrivers__serial.a(uart_nrfx_uarte.c.obj)
 .text.sys_clock_timeout_handler
                0x0000000000049e48       0x48 zephyr/drivers/timer/libdrivers__timer.a(nrf_grtc_timer.c.obj)
 .text.sys_clock_driver_init
                0x0000000000049e90       0x6c zephyr/drivers/timer/libdrivers__timer.a(nrf_grtc_timer.c.obj)
 .text.sys_clock_elapsed
                0x0000000000049efc       0x2c zephyr/drivers/timer/libdrivers__timer.a(nrf_grtc_timer.c.obj)
                0x0000000000049efc                sys_clock_elapsed
 .text.sys_clock_set_timeout
                0x0000000000049f28       0x5c zephyr/drivers/timer/libdrivers__timer.a(nrf_grtc_timer.c.obj)
                0x0000000000049f28                sys_clock_set_timeout
 .text.ns_fault_init
                0x0000000000049f84       0x10 modules/nrf/modules/trusted-firmware-m/lib..__nrf__modules__trusted-firmware-m.a(fault.c.obj)
 .text.arm_fault
                0x0000000000049f94       0xbc modules/nrf/modules/trusted-firmware-m/lib..__nrf__modules__trusted-firmware-m.a(fault.c.obj)
                0x0000000000049f94                arm_fault
 .text.tfm_ns_fault_handler_callback
                0x000000000004a050       0x48 modules/nrf/modules/trusted-firmware-m/lib..__nrf__modules__trusted-firmware-m.a(fault.c.obj)
                0x000000000004a050                tfm_ns_fault_handler_callback
 .text.tfm_ns_interface_dispatch
                0x000000000004a098       0x68 modules/trusted-firmware-m/libtfm_api.a(interface.c.obj)
                0x000000000004a098                tfm_ns_interface_dispatch
 .text.tfm_platform_ioctl
                0x000000000004a100       0x4c modules/trusted-firmware-m/libtfm_api.a(tfm_platform_api.c.obj)
                0x000000000004a100                tfm_platform_ioctl
 .text.psa_call
                0x000000000004a14c       0x34 modules/trusted-firmware-m/libtfm_api.a(tfm_tz_psa_ns_api.c.obj)
                0x000000000004a14c                psa_call
 .text.SystemInit
                0x000000000004a180       0x14 modules/hal_nordic/nrfx/libmodules__hal_nordic__nrfx.a(system_nrf54l.c.obj)
                0x000000000004a180                SystemInit
 .text.nrfx_flag32_alloc
                0x000000000004a194       0x40 modules/hal_nordic/nrfx/libmodules__hal_nordic__nrfx.a(nrfx_flag32_allocator.c.obj)
                0x000000000004a194                nrfx_flag32_alloc
 .text.nrfx_flag32_free
                0x000000000004a1d4       0x38 modules/hal_nordic/nrfx/libmodules__hal_nordic__nrfx.a(nrfx_flag32_allocator.c.obj)
                0x000000000004a1d4                nrfx_flag32_free
 .text.clock_stop
                0x000000000004a20c       0xb8 modules/hal_nordic/nrfx/libmodules__hal_nordic__nrfx.a(nrfx_clock.c.obj)
 .text.nrfx_clock_init
                0x000000000004a2c4       0x20 modules/hal_nordic/nrfx/libmodules__hal_nordic__nrfx.a(nrfx_clock.c.obj)
                0x000000000004a2c4                nrfx_clock_init
 .text.nrfx_clock_enable
                0x000000000004a2e4       0x2c modules/hal_nordic/nrfx/libmodules__hal_nordic__nrfx.a(nrfx_clock.c.obj)
                0x000000000004a2e4                nrfx_clock_enable
 .text.nrfx_clock_start
                0x000000000004a310       0xb0 modules/hal_nordic/nrfx/libmodules__hal_nordic__nrfx.a(nrfx_clock.c.obj)
                0x000000000004a310                nrfx_clock_start
 .text.nrfx_power_clock_irq_handler
                0x000000000004a3c0       0x84 modules/hal_nordic/nrfx/libmodules__hal_nordic__nrfx.a(nrfx_clock.c.obj)
                0x000000000004a3c0                nrfx_power_clock_irq_handler
 .text.nrf_gpio_pin_port_decode
                0x000000000004a444       0x20 modules/hal_nordic/nrfx/libmodules__hal_nordic__nrfx.a(nrfx_gpiote.c.obj)
 .text.get_pin_idx
                0x000000000004a464       0x14 modules/hal_nordic/nrfx/libmodules__hal_nordic__nrfx.a(nrfx_gpiote.c.obj)
 .text.release_handler
                0x000000000004a478       0x70 modules/hal_nordic/nrfx/libmodules__hal_nordic__nrfx.a(nrfx_gpiote.c.obj)
 .text.latch_pending_read_and_check
                0x000000000004a4e8       0x58 modules/hal_nordic/nrfx/libmodules__hal_nordic__nrfx.a(nrfx_gpiote.c.obj)
 .text.pin_te_get.isra.0
                0x000000000004a540       0x20 modules/hal_nordic/nrfx/libmodules__hal_nordic__nrfx.a(nrfx_gpiote.c.obj)
 .text.pin_is_output.isra.0
                0x000000000004a560       0x24 modules/hal_nordic/nrfx/libmodules__hal_nordic__nrfx.a(nrfx_gpiote.c.obj)
 .text.pin_in_use_by_te.isra.0
                0x000000000004a584       0x24 modules/hal_nordic/nrfx/libmodules__hal_nordic__nrfx.a(nrfx_gpiote.c.obj)
 .text.irq_handler
                0x000000000004a5a8      0x1a8 modules/hal_nordic/nrfx/libmodules__hal_nordic__nrfx.a(nrfx_gpiote.c.obj)
 .text.pin_uninit
                0x000000000004a750       0xa4 modules/hal_nordic/nrfx/libmodules__hal_nordic__nrfx.a(nrfx_gpiote.c.obj)
 .text.nrfx_gpiote_input_configure
                0x000000000004a7f4      0x1ec modules/hal_nordic/nrfx/libmodules__hal_nordic__nrfx.a(nrfx_gpiote.c.obj)
                0x000000000004a7f4                nrfx_gpiote_input_configure
 .text.nrfx_gpiote_output_configure
                0x000000000004a9e0      0x128 modules/hal_nordic/nrfx/libmodules__hal_nordic__nrfx.a(nrfx_gpiote.c.obj)
                0x000000000004a9e0                nrfx_gpiote_output_configure
 .text.nrfx_gpiote_global_callback_set
                0x000000000004ab08       0x1c modules/hal_nordic/nrfx/libmodules__hal_nordic__nrfx.a(nrfx_gpiote.c.obj)
                0x000000000004ab08                nrfx_gpiote_global_callback_set
 .text.nrfx_gpiote_channel_get
                0x000000000004ab24       0x3c modules/hal_nordic/nrfx/libmodules__hal_nordic__nrfx.a(nrfx_gpiote.c.obj)
                0x000000000004ab24                nrfx_gpiote_channel_get
 .text.nrfx_gpiote_init
                0x000000000004ab60       0x78 modules/hal_nordic/nrfx/libmodules__hal_nordic__nrfx.a(nrfx_gpiote.c.obj)
                0x000000000004ab60                nrfx_gpiote_init
 .text.nrfx_gpiote_init_check
                0x000000000004abd8       0x1c modules/hal_nordic/nrfx/libmodules__hal_nordic__nrfx.a(nrfx_gpiote.c.obj)
                0x000000000004abd8                nrfx_gpiote_init_check
 .text.nrfx_gpiote_channel_free
                0x000000000004abf4       0x18 modules/hal_nordic/nrfx/libmodules__hal_nordic__nrfx.a(nrfx_gpiote.c.obj)
                0x000000000004abf4                nrfx_gpiote_channel_free
 .text.nrfx_gpiote_channel_alloc
                0x000000000004ac0c       0x18 modules/hal_nordic/nrfx/libmodules__hal_nordic__nrfx.a(nrfx_gpiote.c.obj)
                0x000000000004ac0c                nrfx_gpiote_channel_alloc
 .text.nrfx_gpiote_trigger_enable
                0x000000000004ac24       0xb8 modules/hal_nordic/nrfx/libmodules__hal_nordic__nrfx.a(nrfx_gpiote.c.obj)
                0x000000000004ac24                nrfx_gpiote_trigger_enable
 .text.nrfx_gpiote_20_irq_handler
                0x000000000004acdc       0x10 modules/hal_nordic/nrfx/libmodules__hal_nordic__nrfx.a(nrfx_gpiote.c.obj)
                0x000000000004acdc                nrfx_gpiote_20_irq_handler
 .text.nrfx_gpiote_30_irq_handler
                0x000000000004acec       0x10 modules/hal_nordic/nrfx/libmodules__hal_nordic__nrfx.a(nrfx_gpiote.c.obj)
                0x000000000004acec                nrfx_gpiote_30_irq_handler
 .text.cc_channel_prepare
                0x000000000004acfc       0x5c modules/hal_nordic/nrfx/libmodules__hal_nordic__nrfx.a(nrfx_grtc.c.obj)
 .text.sleep_configure
                0x000000000004ad58       0x24 modules/hal_nordic/nrfx/libmodules__hal_nordic__nrfx.a(nrfx_grtc.c.obj)
 .text.syscounter_check
                0x000000000004ad7c       0x38 modules/hal_nordic/nrfx/libmodules__hal_nordic__nrfx.a(nrfx_grtc.c.obj)
 .text.nrfx_grtc_syscounter_get
                0x000000000004adb4       0x64 modules/hal_nordic/nrfx/libmodules__hal_nordic__nrfx.a(nrfx_grtc.c.obj)
                0x000000000004adb4                nrfx_grtc_syscounter_get
 .text.nrfx_grtc_init
                0x000000000004ae18      0x12c modules/hal_nordic/nrfx/libmodules__hal_nordic__nrfx.a(nrfx_grtc.c.obj)
                0x000000000004ae18                nrfx_grtc_init
 .text.nrfx_grtc_syscounter_start
                0x000000000004af44       0xc8 modules/hal_nordic/nrfx/libmodules__hal_nordic__nrfx.a(nrfx_grtc.c.obj)
                0x000000000004af44                nrfx_grtc_syscounter_start
 .text.nrfx_grtc_syscounter_cc_absolute_set
                0x000000000004b00c       0x84 modules/hal_nordic/nrfx/libmodules__hal_nordic__nrfx.a(nrfx_grtc.c.obj)
                0x000000000004b00c                nrfx_grtc_syscounter_cc_absolute_set
 .text.nrfx_grtc_irq_handler
                0x000000000004b090       0xa0 modules/hal_nordic/nrfx/libmodules__hal_nordic__nrfx.a(nrfx_grtc.c.obj)
                0x000000000004b090                nrfx_grtc_irq_handler
 .text.z_fatal_error
                0x000000000004b130       0x30 zephyr/kernel/libkernel.a(fatal.c.obj)
                0x000000000004b130                z_fatal_error
 .text.z_sys_init_run_level
                0x000000000004b160       0x2c zephyr/kernel/libkernel.a(init.c.obj)
 .text.bg_thread_main
                0x000000000004b18c       0xc4 zephyr/kernel/libkernel.a(init.c.obj)
 .text.z_bss_zero
                0x000000000004b250       0x18 zephyr/kernel/libkernel.a(init.c.obj)
                0x000000000004b250                z_bss_zero
 .text.z_init_cpu
                0x000000000004b268       0x68 zephyr/kernel/libkernel.a(init.c.obj)
                0x000000000004b268                z_init_cpu
 .text.z_cstart
                0x000000000004b2d0       0xd8 zephyr/kernel/libkernel.a(init.c.obj)
                0x000000000004b2d0                z_cstart
 .text.z_impl_k_mutex_lock
                0x000000000004b3a8       0xf0 zephyr/kernel/libkernel.a(mutex.c.obj)
                0x000000000004b3a8                z_impl_k_mutex_lock
 .text.z_impl_k_mutex_unlock
                0x000000000004b498       0x78 zephyr/kernel/libkernel.a(mutex.c.obj)
                0x000000000004b498                z_impl_k_mutex_unlock
 .text.z_impl_k_sem_give
                0x000000000004b510       0x48 zephyr/kernel/libkernel.a(sem.c.obj)
                0x000000000004b510                z_impl_k_sem_give
 .text.z_impl_k_sem_take
                0x000000000004b558       0x4c zephyr/kernel/libkernel.a(sem.c.obj)
                0x000000000004b558                z_impl_k_sem_take
 .text.z_setup_new_thread
                0x000000000004b5a4       0x80 zephyr/kernel/libkernel.a(thread.c.obj)
                0x000000000004b5a4                z_setup_new_thread
 .text.update_cache
                0x000000000004b624       0x3c zephyr/kernel/libkernel.a(sched.c.obj)
 .text.unready_thread
                0x000000000004b660       0x30 zephyr/kernel/libkernel.a(sched.c.obj)
 .text.ready_thread
                0x000000000004b690       0x68 zephyr/kernel/libkernel.a(sched.c.obj)
 .text.z_thread_halt
                0x000000000004b6f8       0xdc zephyr/kernel/libkernel.a(sched.c.obj)
 .text.move_thread_to_end_of_prio_q
                0x000000000004b7d4       0x74 zephyr/kernel/libkernel.a(sched.c.obj)
                0x000000000004b7d4                move_thread_to_end_of_prio_q
 .text.z_pend_curr
                0x000000000004b848       0x58 zephyr/kernel/libkernel.a(sched.c.obj)
                0x000000000004b848                z_pend_curr
 .text.z_thread_prio_set
                0x000000000004b8a0       0x88 zephyr/kernel/libkernel.a(sched.c.obj)
                0x000000000004b8a0                z_thread_prio_set
 .text.z_reschedule
                0x000000000004b928       0x24 zephyr/kernel/libkernel.a(sched.c.obj)
                0x000000000004b928                z_reschedule
 .text.z_sched_start
                0x000000000004b94c       0x3c zephyr/kernel/libkernel.a(sched.c.obj)
                0x000000000004b94c                z_sched_start
 .text.z_reschedule_irqlock
                0x000000000004b988       0x28 zephyr/kernel/libkernel.a(sched.c.obj)
                0x000000000004b988                z_reschedule_irqlock
 .text.k_sched_lock
                0x000000000004b9b0       0x28 zephyr/kernel/libkernel.a(sched.c.obj)
                0x000000000004b9b0                k_sched_lock
 .text.k_sched_unlock
                0x000000000004b9d8       0x40 zephyr/kernel/libkernel.a(sched.c.obj)
                0x000000000004b9d8                k_sched_unlock
 .text.z_sched_init
                0x000000000004ba18       0x10 zephyr/kernel/libkernel.a(sched.c.obj)
                0x000000000004ba18                z_sched_init
 .text.z_impl_k_yield
                0x000000000004ba28       0x7c zephyr/kernel/libkernel.a(sched.c.obj)
                0x000000000004ba28                z_impl_k_yield
 .text.z_tick_sleep
                0x000000000004baa4       0x88 zephyr/kernel/libkernel.a(sched.c.obj)
 .text.z_impl_k_sleep
                0x000000000004bb2c       0x40 zephyr/kernel/libkernel.a(sched.c.obj)
                0x000000000004bb2c                z_impl_k_sleep
 .text.z_impl_k_sched_current_thread_query
                0x000000000004bb6c        0xc zephyr/kernel/libkernel.a(sched.c.obj)
                0x000000000004bb6c                z_impl_k_sched_current_thread_query
 .text.slice_timeout
                0x000000000004bb78       0x20 zephyr/kernel/libkernel.a(timeslicing.c.obj)
 .text.thread_is_sliceable
                0x000000000004bb98       0x3c zephyr/kernel/libkernel.a(timeslicing.c.obj)
                0x000000000004bb98                thread_is_sliceable
 .text.z_reset_time_slice
                0x000000000004bbd4       0x50 zephyr/kernel/libkernel.a(timeslicing.c.obj)
                0x000000000004bbd4                z_reset_time_slice
 .text.z_time_slice
                0x000000000004bc24       0x60 zephyr/kernel/libkernel.a(timeslicing.c.obj)
                0x000000000004bc24                z_time_slice
 .text.z_data_copy
                0x000000000004bc84       0x34 zephyr/kernel/libkernel.a(xip.c.obj)
                0x000000000004bc84                z_data_copy
 .text.elapsed  0x000000000004bcb8       0x14 zephyr/kernel/libkernel.a(timeout.c.obj)
 .text.remove_timeout
                0x000000000004bccc       0x38 zephyr/kernel/libkernel.a(timeout.c.obj)
 .text.next_timeout
                0x000000000004bd04       0x40 zephyr/kernel/libkernel.a(timeout.c.obj)
 .text.z_add_timeout
                0x000000000004bd44       0xf4 zephyr/kernel/libkernel.a(timeout.c.obj)
                0x000000000004bd44                z_add_timeout
 .text.sys_clock_announce
                0x000000000004be38       0xd0 zephyr/kernel/libkernel.a(timeout.c.obj)
                0x000000000004be38                sys_clock_announce
 .text.sys_clock_tick_get
                0x000000000004bf08       0x30 zephyr/kernel/libkernel.a(timeout.c.obj)
                0x000000000004bf08                sys_clock_tick_get
 .text.__l_vfprintf
                0x000000000004bf38      0x4b4 /opt/nordic/ncs/toolchains/b8efef2ad5/opt/zephyr-sdk/arm-zephyr-eabi/bin/../lib/gcc/../../picolibc/arm-zephyr-eabi/lib/thumb/v8-m.main/nofp/libc.a(libc_tinystdio_vflprintf.c.o)
                0x000000000004bf38                __l_vfprintf
 .text._OffsetAbsSyms
                0x000000000004c3ec        0x2 zephyr/CMakeFiles/offsets.dir/./arch/arm/core/offsets/offsets.c.obj
                0x000000000004c3ec                _OffsetAbsSyms
 .text.gpio_pin_configure_dt
                0x000000000004c3ee       0x3e app/libapp.a(main.c.obj)
 .text.chunk_field
                0x000000000004c42c       0x16 zephyr/libzephyr.a(heap.c.obj)
 .text.chunk_set
                0x000000000004c442       0x16 zephyr/libzephyr.a(heap.c.obj)
 .text.chunk_size
                0x000000000004c458        0xc zephyr/libzephyr.a(heap.c.obj)
 .text.set_chunk_used
                0x000000000004c464       0x30 zephyr/libzephyr.a(heap.c.obj)
 .text.set_chunk_size
                0x000000000004c494        0x8 zephyr/libzephyr.a(heap.c.obj)
 .text.bucket_idx.isra.0
                0x000000000004c49c       0x1c zephyr/libzephyr.a(heap.c.obj)
 .text.free_list_add
                0x000000000004c4b8       0x84 zephyr/libzephyr.a(heap.c.obj)
 .text.sys_heap_init
                0x000000000004c53c       0xb0 zephyr/libzephyr.a(heap.c.obj)
                0x000000000004c53c                sys_heap_init
 .text.arch_printk_char_out
                0x000000000004c5ec        0x4 zephyr/libzephyr.a(printk.c.obj)
                0x000000000004c5ec                arch_printk_char_out
 .text.printk   0x000000000004c5f0       0x1a zephyr/libzephyr.a(printk.c.obj)
                0x000000000004c5f0                printk
 .text.process_recheck
                0x000000000004c60a       0x38 zephyr/libzephyr.a(onoff.c.obj)
 .text.validate_args
                0x000000000004c642       0x20 zephyr/libzephyr.a(onoff.c.obj)
 .text.notify_one
                0x000000000004c662       0x2c zephyr/libzephyr.a(onoff.c.obj)
 .text.transition_complete
                0x000000000004c68e       0x1a zephyr/libzephyr.a(onoff.c.obj)
 .text.onoff_manager_init
                0x000000000004c6a8       0x26 zephyr/libzephyr.a(onoff.c.obj)
                0x000000000004c6a8                onoff_manager_init
 .text.onoff_request
                0x000000000004c6ce       0xae zephyr/libzephyr.a(onoff.c.obj)
                0x000000000004c6ce                onoff_request
 .text.sys_notify_validate
                0x000000000004c77c       0x22 zephyr/libzephyr.a(notify.c.obj)
                0x000000000004c77c                sys_notify_validate
 .text.sys_notify_finalize
                0x000000000004c79e       0x1a zephyr/libzephyr.a(notify.c.obj)
                0x000000000004c79e                sys_notify_finalize
 .text._ConfigAbsSyms
                0x000000000004c7b8        0x2 zephyr/libzephyr.a(configs.c.obj)
                0x000000000004c7b8                _ConfigAbsSyms
 .text.z_arm_fatal_error
                0x000000000004c7ba        0xc zephyr/arch/arch/arm/core/libarch__arm__core.a(fatal.c.obj)
                0x000000000004c7ba                z_arm_fatal_error
 .text.z_do_kernel_oops
                0x000000000004c7c6        0x8 zephyr/arch/arch/arm/core/libarch__arm__core.a(fatal.c.obj)
                0x000000000004c7c6                z_do_kernel_oops
 .text.z_arm_nmi
                0x000000000004c7ce        0xe zephyr/arch/arch/arm/core/libarch__arm__core.a(nmi.c.obj)
                0x000000000004c7ce                z_arm_nmi
 .text.z_arm_save_fp_context
                0x000000000004c7dc        0x2 zephyr/arch/arch/arm/core/cortex_m/libarch__arm__core__cortex_m.a(fpu.c.obj)
                0x000000000004c7dc                z_arm_save_fp_context
 .text.z_arm_restore_fp_context
                0x000000000004c7de        0x2 zephyr/arch/arch/arm/core/cortex_m/libarch__arm__core__cortex_m.a(fpu.c.obj)
                0x000000000004c7de                z_arm_restore_fp_context
 .text.z_irq_spurious
                0x000000000004c7e0        0x8 zephyr/arch/arch/arm/core/cortex_m/libarch__arm__core__cortex_m.a(irq_manage.c.obj)
                0x000000000004c7e0                z_irq_spurious
 .text.configure_builtin_stack_guard
                0x000000000004c7e8        0x8 zephyr/arch/arch/arm/core/cortex_m/libarch__arm__core__cortex_m.a(thread.c.obj)
                0x000000000004c7e8                configure_builtin_stack_guard
 .text.arch_irq_unlock_outlined
                0x000000000004c7f0        0xe zephyr/arch/arch/arm/core/cortex_m/libarch__arm__core__cortex_m.a(thread.c.obj)
                0x000000000004c7f0                arch_irq_unlock_outlined
 .text.arch_cpu_idle
                0x000000000004c7fe       0x1a zephyr/arch/arch/arm/core/cortex_m/libarch__arm__core__cortex_m.a(cpu_idle.c.obj)
                0x000000000004c7fe                arch_cpu_idle
 .text.arch_cpu_atomic_idle
                0x000000000004c818       0x1e zephyr/arch/arch/arm/core/cortex_m/libarch__arm__core__cortex_m.a(cpu_idle.c.obj)
                0x000000000004c818                arch_cpu_atomic_idle
 .text.arm_cmse_mpu_region_get
                0x000000000004c836       0x12 zephyr/arch/arch/arm/core/cortex_m/cmse/libarch__arm__core__cortex_m__cmse.a(arm_core_cmse.c.obj)
                0x000000000004c836                arm_cmse_mpu_region_get
 .text.mpu_configure_region
                0x000000000004c848       0x32 zephyr/arch/arch/arm/core/mpu/libarch__arm__core__mpu.a(arm_mpu.c.obj)
 .text.picolibc_put
                0x000000000004c87a        0xa zephyr/lib/libc/picolibc/liblib__libc__picolibc.a(libc-hooks.c.obj)
 .text.nordicsemi_nrf54l_init
                0x000000000004c884        0x4 zephyr/soc/soc/nrf54l15/libsoc__nordic.a(soc.c.obj)
                0x000000000004c884                nordicsemi_nrf54l_init
 .text.get_status
                0x000000000004c888       0x12 zephyr/drivers/clock_control/libdrivers__clock_control.a(clock_control_nrf.c.obj)
 .text.stop     0x000000000004c89a       0x52 zephyr/drivers/clock_control/libdrivers__clock_control.a(clock_control_nrf.c.obj)
 .text.api_stop
                0x000000000004c8ec        0x6 zephyr/drivers/clock_control/libdrivers__clock_control.a(clock_control_nrf.c.obj)
 .text.async_start
                0x000000000004c8f2       0x5c zephyr/drivers/clock_control/libdrivers__clock_control.a(clock_control_nrf.c.obj)
 .text.api_start
                0x000000000004c94e        0xe zephyr/drivers/clock_control/libdrivers__clock_control.a(clock_control_nrf.c.obj)
 .text.onoff_started_callback
                0x000000000004c95c       0x12 zephyr/drivers/clock_control/libdrivers__clock_control.a(clock_control_nrf.c.obj)
 .text.lfclk_start
                0x000000000004c96e        0x6 zephyr/drivers/clock_control/libdrivers__clock_control.a(clock_control_nrf.c.obj)
 .text.lfclk_stop
                0x000000000004c974        0x6 zephyr/drivers/clock_control/libdrivers__clock_control.a(clock_control_nrf.c.obj)
 .text.blocking_start_callback
                0x000000000004c97a        0x6 zephyr/drivers/clock_control/libdrivers__clock_control.a(clock_control_nrf.c.obj)
 .text.gpio_nrfx_port_get_raw
                0x000000000004c980        0xc zephyr/drivers/gpio/libdrivers__gpio.a(gpio_nrfx.c.obj)
 .text.gpio_nrfx_port_set_masked_raw
                0x000000000004c98c       0x14 zephyr/drivers/gpio/libdrivers__gpio.a(gpio_nrfx.c.obj)
 .text.gpio_nrfx_port_set_bits_raw
                0x000000000004c9a0        0xa zephyr/drivers/gpio/libdrivers__gpio.a(gpio_nrfx.c.obj)
 .text.gpio_nrfx_port_clear_bits_raw
                0x000000000004c9aa        0xa zephyr/drivers/gpio/libdrivers__gpio.a(gpio_nrfx.c.obj)
 .text.gpio_nrfx_port_toggle_bits
                0x000000000004c9b4       0x14 zephyr/drivers/gpio/libdrivers__gpio.a(gpio_nrfx.c.obj)
 .text.gpio_nrfx_manage_callback
                0x000000000004c9c8       0x52 zephyr/drivers/gpio/libdrivers__gpio.a(gpio_nrfx.c.obj)
 .text.pinctrl_lookup_state
                0x000000000004ca1a       0x26 zephyr/drivers/pinctrl/libdrivers__pinctrl.a(common.c.obj)
                0x000000000004ca1a                pinctrl_lookup_state
 .text.uarte_nrfx_isr_int
                0x000000000004ca40        0xa zephyr/drivers/serial/libdrivers__serial.a(uart_nrfx_uarte.c.obj)
 .text.uarte_nrfx_err_check
                0x000000000004ca4a        0xe zephyr/drivers/serial/libdrivers__serial.a(uart_nrfx_uarte.c.obj)
 .text.uarte_nrfx_poll_in
                0x000000000004ca58       0x26 zephyr/drivers/serial/libdrivers__serial.a(uart_nrfx_uarte.c.obj)
 .text.uarte_20_init
                0x000000000004ca7e       0xb0 zephyr/drivers/serial/libdrivers__serial.a(uart_nrfx_uarte.c.obj)
 .text.tfm_platform_ns_fault_set_handler
                0x000000000004cb2e       0x4e modules/nrf/modules/trusted-firmware-m/libtfm_api_nrf.a(tfm_ioctl_ns_api.c.obj)
                0x000000000004cb2e                tfm_platform_ns_fault_set_handler
 .text.ns_interface_init
                0x000000000004cb7c        0x4 modules/trusted-firmware-m/libtfm_api.a(interface.c.obj)
 .text.nrfx_isr
                0x000000000004cb80        0x2 modules/hal_nordic/nrfx/libmodules__hal_nordic__nrfx.a(nrfx_glue.c.obj)
                0x000000000004cb80                nrfx_isr
 .text.nrfx_busy_wait
                0x000000000004cb82        0x4 modules/hal_nordic/nrfx/libmodules__hal_nordic__nrfx.a(nrfx_glue.c.obj)
                0x000000000004cb82                nrfx_busy_wait
 .text.nrfx_clock_stop
                0x000000000004cb86        0x4 modules/hal_nordic/nrfx/libmodules__hal_nordic__nrfx.a(nrfx_clock.c.obj)
                0x000000000004cb86                nrfx_clock_stop
 .text.nrf_gpio_reconfigure
                0x000000000004cb8a       0x92 modules/hal_nordic/nrfx/libmodules__hal_nordic__nrfx.a(nrfx_gpiote.c.obj)
 .text.nrf_gpio_cfg_sense_set
                0x000000000004cc1c       0x1e modules/hal_nordic/nrfx/libmodules__hal_nordic__nrfx.a(nrfx_gpiote.c.obj)
 .text.call_handler
                0x000000000004cc3a       0x3e modules/hal_nordic/nrfx/libmodules__hal_nordic__nrfx.a(nrfx_gpiote.c.obj)
 .text.__nrfy_internal_gpiote_events_process
                0x000000000004cc78       0x4e modules/hal_nordic/nrfx/libmodules__hal_nordic__nrfx.a(nrfx_gpiote.c.obj)
 .text.pin_trigger_disable
                0x000000000004ccc6       0x4a modules/hal_nordic/nrfx/libmodules__hal_nordic__nrfx.a(nrfx_gpiote.c.obj)
 .text.nrfx_gpiote_pin_uninit
                0x000000000004cd10        0x4 modules/hal_nordic/nrfx/libmodules__hal_nordic__nrfx.a(nrfx_gpiote.c.obj)
                0x000000000004cd10                nrfx_gpiote_pin_uninit
 .text.nrfx_gpiote_trigger_disable
                0x000000000004cd14        0x4 modules/hal_nordic/nrfx/libmodules__hal_nordic__nrfx.a(nrfx_gpiote.c.obj)
                0x000000000004cd14                nrfx_gpiote_trigger_disable
 .text.z_impl_k_busy_wait
                0x000000000004cd18        0x8 zephyr/kernel/libkernel.a(busy_wait.c.obj)
                0x000000000004cd18                z_impl_k_busy_wait
 .text.z_device_state_init
                0x000000000004cd20        0x2 zephyr/kernel/libkernel.a(device.c.obj)
                0x000000000004cd20                z_device_state_init
 .text.z_impl_device_is_ready
                0x000000000004cd22       0x16 zephyr/kernel/libkernel.a(device.c.obj)
                0x000000000004cd22                z_impl_device_is_ready
 .text.arch_system_halt
                0x000000000004cd38       0x10 zephyr/kernel/libkernel.a(fatal.c.obj)
                0x000000000004cd38                arch_system_halt
 .text.k_sys_fatal_error_handler
                0x000000000004cd48        0x6 zephyr/kernel/libkernel.a(fatal.c.obj)
                0x000000000004cd48                k_sys_fatal_error_handler
 .text.do_device_init
                0x000000000004cd4e       0x30 zephyr/kernel/libkernel.a(init.c.obj)
 .text.z_early_memset
                0x000000000004cd7e        0x4 zephyr/kernel/libkernel.a(init.c.obj)
                0x000000000004cd7e                z_early_memset
 .text.z_early_memcpy
                0x000000000004cd82        0x4 zephyr/kernel/libkernel.a(init.c.obj)
                0x000000000004cd82                z_early_memcpy
 .text.z_init_static
                0x000000000004cd86        0x2 zephyr/kernel/libkernel.a(init_static.c.obj)
                0x000000000004cd86                z_init_static
 .text.idle     0x000000000004cd88       0x16 zephyr/kernel/libkernel.a(idle.c.obj)
                0x000000000004cd88                idle
 .text.adjust_owner_prio.isra.0
                0x000000000004cd9e       0x10 zephyr/kernel/libkernel.a(mutex.c.obj)
 .text.k_is_in_isr
                0x000000000004cdae        0xc zephyr/kernel/libkernel.a(thread.c.obj)
                0x000000000004cdae                k_is_in_isr
 .text.z_impl_k_thread_start
                0x000000000004cdba        0x4 zephyr/kernel/libkernel.a(thread.c.obj)
                0x000000000004cdba                z_impl_k_thread_start
 .text.sys_dlist_remove
                0x000000000004cdbe       0x10 zephyr/kernel/libkernel.a(sched.c.obj)
 .text.unpend_thread_no_timeout
                0x000000000004cdce       0x14 zephyr/kernel/libkernel.a(sched.c.obj)
 .text.add_to_waitq_locked
                0x000000000004cde2       0x50 zephyr/kernel/libkernel.a(sched.c.obj)
 .text.z_ready_thread
                0x000000000004ce32       0x1e zephyr/kernel/libkernel.a(sched.c.obj)
                0x000000000004ce32                z_ready_thread
 .text.z_impl_k_thread_suspend
                0x000000000004ce50       0x34 zephyr/kernel/libkernel.a(sched.c.obj)
                0x000000000004ce50                z_impl_k_thread_suspend
 .text.z_sched_wake_thread
                0x000000000004ce84       0x4e zephyr/kernel/libkernel.a(sched.c.obj)
                0x000000000004ce84                z_sched_wake_thread
 .text.z_thread_timeout
                0x000000000004ced2        0x8 zephyr/kernel/libkernel.a(sched.c.obj)
                0x000000000004ced2                z_thread_timeout
 .text.z_unpend_first_thread
                0x000000000004ceda       0x36 zephyr/kernel/libkernel.a(sched.c.obj)
                0x000000000004ceda                z_unpend_first_thread
 .text.z_thread_abort
                0x000000000004cf10       0x44 zephyr/kernel/libkernel.a(sched.c.obj)
                0x000000000004cf10                z_thread_abort
 .text.z_abort_timeout
                0x000000000004cf54       0x2a zephyr/kernel/libkernel.a(timeout.c.obj)
                0x000000000004cf54                z_abort_timeout
 .text.sys_clock_tick_get_32
                0x000000000004cf7e        0x8 zephyr/kernel/libkernel.a(timeout.c.obj)
                0x000000000004cf7e                sys_clock_tick_get_32
 .text.memcpy   0x000000000004cf86       0x1a /opt/nordic/ncs/toolchains/b8efef2ad5/opt/zephyr-sdk/arm-zephyr-eabi/bin/../lib/gcc/../../picolibc/arm-zephyr-eabi/lib/thumb/v8-m.main/nofp/libc.a(memcpy.c.o)
                0x000000000004cf86                memcpy
                0x000000000004cf86                __aeabi_memcpy
                0x000000000004cf86                __aeabi_memcpy4
                0x000000000004cf86                __aeabi_memcpy8
 .text.memset   0x000000000004cfa0       0x10 /opt/nordic/ncs/toolchains/b8efef2ad5/opt/zephyr-sdk/arm-zephyr-eabi/bin/../lib/gcc/../../picolibc/arm-zephyr-eabi/lib/thumb/v8-m.main/nofp/libc.a(memset.c.o)
                0x000000000004cfa0                memset
 .text.strnlen  0x000000000004cfb0       0x18 /opt/nordic/ncs/toolchains/b8efef2ad5/opt/zephyr-sdk/arm-zephyr-eabi/bin/../lib/gcc/../../picolibc/arm-zephyr-eabi/lib/thumb/v8-m.main/nofp/libc.a(libc_string_strnlen.c.o)
                0x000000000004cfb0                strnlen
 .text.__ultoa_invert
                0x000000000004cfc8       0xac /opt/nordic/ncs/toolchains/b8efef2ad5/opt/zephyr-sdk/arm-zephyr-eabi/bin/../lib/gcc/../../picolibc/arm-zephyr-eabi/lib/thumb/v8-m.main/nofp/libc.a(libc_tinystdio_vflprintf.c.o)
 *(SORT_BY_ALIGNMENT(.TEXT.*))
 .TEXT.__aeabi_read_tp
                0x000000000004d074        0xc zephyr/arch/arch/arm/core/cortex_m/libarch__arm__core__cortex_m.a(__aeabi_read_tp.S.obj)
                0x000000000004d074                __aeabi_read_tp
 *(SORT_BY_ALIGNMENT(.gnu.linkonce.t.*))
 *(SORT_BY_ALIGNMENT(.glue_7t))
 .glue_7t       0x000000000004d080        0x0 linker stubs
 *(SORT_BY_ALIGNMENT(.glue_7))
 .glue_7        0x000000000004d080        0x0 linker stubs
 *(SORT_BY_ALIGNMENT(.vfp11_veneer))
 .vfp11_veneer  0x000000000004d080        0x0 linker stubs
 *(SORT_BY_ALIGNMENT(.v4_bx))
 .v4_bx         0x000000000004d080        0x0 linker stubs
                0x000000000004d080                . = ALIGN (0x4)
                0x000000000004d080                __text_region_end = .

.ARM.exidx      0x000000000004d080        0x8
                0x000000000004d080                __exidx_start = .
 *(SORT_BY_ALIGNMENT(.ARM.exidx*) SORT_BY_ALIGNMENT(gnu.linkonce.armexidx.*))
 .ARM.exidx     0x000000000004d080        0x8 /opt/nordic/ncs/toolchains/b8efef2ad5/opt/zephyr-sdk/arm-zephyr-eabi/bin/../lib/gcc/arm-zephyr-eabi/12.2.0/thumb/v8-m.main/nofp/libgcc.a(_udivmoddi4.o)
                0x000000000004d088                __exidx_end = .
                0x000000000004d088                __rodata_region_start = .

initlevel       0x000000000004d088       0x58
                0x000000000004d088                __init_start = .
                0x000000000004d088                __init_EARLY_start = .
 *(SORT_BY_NAME(SORT_BY_ALIGNMENT(.z_init_EARLY?_*)))
 *(SORT_BY_NAME(SORT_BY_ALIGNMENT(.z_init_EARLY??_*)))
                0x000000000004d088                __init_PRE_KERNEL_1_start = .
 *(SORT_BY_NAME(SORT_BY_ALIGNMENT(.z_init_PRE_KERNEL_1?_*)))
 .z_init_PRE_KERNEL_10_0_
                0x000000000004d088        0x8 zephyr/soc/soc/nrf54l15/libsoc__nordic.a(soc.c.obj)
 .z_init_PRE_KERNEL_10_0_
                0x000000000004d090        0x8 modules/nrf/modules/trusted-firmware-m/lib..__nrf__modules__trusted-firmware-m.a(fault.c.obj)
 *(SORT_BY_NAME(SORT_BY_ALIGNMENT(.z_init_PRE_KERNEL_1??_*)))
 .z_init_PRE_KERNEL_130_00056_
                0x000000000004d098        0x8 zephyr/drivers/clock_control/libdrivers__clock_control.a(clock_control_nrf.c.obj)
 .z_init_PRE_KERNEL_140_00010_
                0x000000000004d0a0        0x8 zephyr/drivers/gpio/libdrivers__gpio.a(gpio_nrfx.c.obj)
 .z_init_PRE_KERNEL_140_00012_
                0x000000000004d0a8        0x8 zephyr/drivers/gpio/libdrivers__gpio.a(gpio_nrfx.c.obj)
 .z_init_PRE_KERNEL_140_00024_
                0x000000000004d0b0        0x8 zephyr/drivers/gpio/libdrivers__gpio.a(gpio_nrfx.c.obj)
 .z_init_PRE_KERNEL_150_00098_
                0x000000000004d0b8        0x8 zephyr/drivers/serial/libdrivers__serial.a(uart_nrfx_uarte.c.obj)
 .z_init_PRE_KERNEL_160_0_
                0x000000000004d0c0        0x8 zephyr/drivers/console/libdrivers__console.a(uart_console.c.obj)
                0x000000000004d0c8                __init_PRE_KERNEL_2_start = .
 *(SORT_BY_NAME(SORT_BY_ALIGNMENT(.z_init_PRE_KERNEL_2?_*)))
 .z_init_PRE_KERNEL_20_0_
                0x000000000004d0c8        0x8 zephyr/drivers/timer/libdrivers__timer.a(nrf_grtc_timer.c.obj)
 *(SORT_BY_NAME(SORT_BY_ALIGNMENT(.z_init_PRE_KERNEL_2??_*)))
                0x000000000004d0d0                __init_POST_KERNEL_start = .
 *(SORT_BY_NAME(SORT_BY_ALIGNMENT(.z_init_POST_KERNEL?_*)))
 *(SORT_BY_NAME(SORT_BY_ALIGNMENT(.z_init_POST_KERNEL??_*)))
 .z_init_POST_KERNEL35_0_
                0x000000000004d0d0        0x8 zephyr/lib/libc/common/liblib__libc__common.a(malloc.c.obj)
 .z_init_POST_KERNEL40_0_
                0x000000000004d0d8        0x8 modules/trusted-firmware-m/libtfm_api.a(interface.c.obj)
                0x000000000004d0e0                __init_APPLICATION_start = .
 *(SORT_BY_NAME(SORT_BY_ALIGNMENT(.z_init_APPLICATION?_*)))
 *(SORT_BY_NAME(SORT_BY_ALIGNMENT(.z_init_APPLICATION??_*)))
                0x000000000004d0e0                __init_SMP_start = .
 *(SORT_BY_NAME(SORT_BY_ALIGNMENT(.z_init_SMP?_*)))
 *(SORT_BY_NAME(SORT_BY_ALIGNMENT(.z_init_SMP??_*)))
                0x000000000004d0e0                __init_end = .
                0x000000000004d0e0                __deferred_init_list_start = .
 *(SORT_BY_ALIGNMENT(.z_deferred_init*))
                0x000000000004d0e0                __deferred_init_list_end = .

device_area     0x000000000004d0e0       0x64
                0x000000000004d0e0                _device_list_start = .
 *(SORT_BY_NAME(SORT_BY_ALIGNMENT(._device.static.*_?_*)))
 *(SORT_BY_NAME(SORT_BY_ALIGNMENT(._device.static.*_??_*)))
 ._device.static.1_30_
                0x000000000004d0e0       0x14 zephyr/drivers/clock_control/libdrivers__clock_control.a(clock_control_nrf.c.obj)
                0x000000000004d0e0                __device_dts_ord_56
 ._device.static.1_40_
                0x000000000004d0f4       0x3c zephyr/drivers/gpio/libdrivers__gpio.a(gpio_nrfx.c.obj)
                0x000000000004d0f4                __device_dts_ord_12
                0x000000000004d108                __device_dts_ord_10
                0x000000000004d11c                __device_dts_ord_24
 ._device.static.1_50_
                0x000000000004d130       0x14 zephyr/drivers/serial/libdrivers__serial.a(uart_nrfx_uarte.c.obj)
                0x000000000004d130                __device_dts_ord_98
                0x000000000004d144                _device_list_end = .

sw_isr_table    0x000000000004d144      0x878
                0x000000000004d144                . = ALIGN (0x4)
 *(SORT_BY_ALIGNMENT(.gnu.linkonce.sw_isr_table*))
 .gnu.linkonce.sw_isr_table
                0x000000000004d144      0x878 zephyr/CMakeFiles/zephyr_final.dir/isr_tables.c.obj
                0x000000000004d144                _sw_isr_table

initlevel_error
                0x000000000004d088        0x0
 *(SORT_BY_NAME(SORT_BY_ALIGNMENT(.z_init_[_A-Z0-9]*)))
                0x0000000000000001                ASSERT ((SIZEOF (initlevel_error) == 0x0), Undefined initialization levels used.)

app_shmem_regions
                0x000000000004d9bc        0x0
                0x000000000004d9bc                __app_shmem_regions_start = .
 *(SORT_BY_NAME(SORT_BY_ALIGNMENT(.app_regions.*)))
                0x000000000004d9bc                __app_shmem_regions_end = .

k_p4wq_initparam_area
                0x000000000004d9bc        0x0
                0x000000000004d9bc                _k_p4wq_initparam_list_start = .
 *(SORT_BY_NAME(SORT_BY_ALIGNMENT(._k_p4wq_initparam.static.*)))
                0x000000000004d9bc                _k_p4wq_initparam_list_end = .

_static_thread_data_area
                0x000000000004d9bc        0x0
                0x000000000004d9bc                __static_thread_data_list_start = .
 *(SORT_BY_NAME(SORT_BY_ALIGNMENT(.__static_thread_data.static.*)))
                0x000000000004d9bc                __static_thread_data_list_end = .

device_deps     0x000000000004d9bc        0x0
                0x000000000004d9bc                __device_deps_start = .
 *(SORT_BY_NAME(SORT_BY_ALIGNMENT(.__device_deps_pass2*)))
                0x000000000004d9bc                __device_deps_end = .

ztest           0x000000000004d9bc        0x0
                0x000000000004d9bc                _ztest_expected_result_entry_list_start = .
 *(SORT_BY_NAME(SORT_BY_ALIGNMENT(._ztest_expected_result_entry.static.*)))
                0x000000000004d9bc                _ztest_expected_result_entry_list_end = .
                0x000000000004d9bc                _ztest_suite_node_list_start = .
 *(SORT_BY_NAME(SORT_BY_ALIGNMENT(._ztest_suite_node.static.*)))
                0x000000000004d9bc                _ztest_suite_node_list_end = .
                0x000000000004d9bc                _ztest_unit_test_list_start = .
 *(SORT_BY_NAME(SORT_BY_ALIGNMENT(._ztest_unit_test.static.*)))
                0x000000000004d9bc                _ztest_unit_test_list_end = .
                0x000000000004d9bc                _ztest_test_rule_list_start = .
 *(SORT_BY_NAME(SORT_BY_ALIGNMENT(._ztest_test_rule.static.*)))
                0x000000000004d9bc                _ztest_test_rule_list_end = .

init_array      0x000000000004d9bc        0x0
 *(SORT_BY_NAME(SORT_BY_ALIGNMENT(.ctors*)))
 *(SORT_BY_NAME(SORT_BY_ALIGNMENT(.init_array*)))
                0x0000000000000001                ASSERT ((SIZEOF (init_array) == 0x0), GNU-style constructors required but STATIC_INIT_GNU not enabled)

bt_l2cap_fixed_chan_area
                0x000000000004d9bc        0x0
                0x000000000004d9bc                _bt_l2cap_fixed_chan_list_start = .
 *(SORT_BY_NAME(SORT_BY_ALIGNMENT(._bt_l2cap_fixed_chan.static.*)))
                0x000000000004d9bc                _bt_l2cap_fixed_chan_list_end = .

bt_gatt_service_static_area
                0x000000000004d9bc        0x0
                0x000000000004d9bc                _bt_gatt_service_static_list_start = .
 *(SORT_BY_NAME(SORT_BY_ALIGNMENT(._bt_gatt_service_static.static.*)))
                0x000000000004d9bc                _bt_gatt_service_static_list_end = .

log_strings_area
                0x000000000004d9bc        0x0
                0x000000000004d9bc                _log_strings_list_start = .
 *(SORT_BY_NAME(SORT_BY_ALIGNMENT(._log_strings.static.*)))
                0x000000000004d9bc                _log_strings_list_end = .

log_const_area  0x000000000004d9bc        0x0
                0x000000000004d9bc                _log_const_list_start = .
 *(SORT_BY_NAME(SORT_BY_ALIGNMENT(._log_const.static.*)))
                0x000000000004d9bc                _log_const_list_end = .

log_backend_area
                0x000000000004d9bc        0x0
                0x000000000004d9bc                _log_backend_list_start = .
 *(SORT_BY_NAME(SORT_BY_ALIGNMENT(._log_backend.static.*)))
                0x000000000004d9bc                _log_backend_list_end = .

log_link_area   0x000000000004d9bc        0x0
                0x000000000004d9bc                _log_link_list_start = .
 *(SORT_BY_NAME(SORT_BY_ALIGNMENT(._log_link.static.*)))
                0x000000000004d9bc                _log_link_list_end = .

tracing_backend_area
                0x000000000004d9bc        0x0
                0x000000000004d9bc                _tracing_backend_list_start = .
 *(SORT_BY_NAME(SORT_BY_ALIGNMENT(._tracing_backend.static.*)))
                0x000000000004d9bc                _tracing_backend_list_end = .

zephyr_dbg_info
 *(SORT_BY_ALIGNMENT(.dbg_thread_info))

intc_table_area
                0x000000000004d9bc        0x0
                0x000000000004d9bc                _intc_table_list_start = .
 *(SORT_BY_NAME(SORT_BY_ALIGNMENT(._intc_table.static.*)))
                0x000000000004d9bc                _intc_table_list_end = .

symbol_to_keep  0x000000000004d9bc        0x0
                0x000000000004d9bc                __symbol_to_keep_start = .
 *(SORT_BY_NAME(SORT_BY_ALIGNMENT(.symbol_to_keep*)))
                0x000000000004d9bc                __symbol_to_keep_end = .

shell_area      0x000000000004d9bc        0x0
                0x000000000004d9bc                _shell_list_start = .
 *(SORT_BY_NAME(SORT_BY_ALIGNMENT(._shell.static.*)))
                0x000000000004d9bc                _shell_list_end = .

shell_root_cmds_area
                0x000000000004d9bc        0x0
                0x000000000004d9bc                _shell_root_cmds_list_start = .
 *(SORT_BY_NAME(SORT_BY_ALIGNMENT(._shell_root_cmds.static.*)))
                0x000000000004d9bc                _shell_root_cmds_list_end = .

shell_subcmds_area
                0x000000000004d9bc        0x0
                0x000000000004d9bc                _shell_subcmds_list_start = .
 *(SORT_BY_NAME(SORT_BY_ALIGNMENT(._shell_subcmds.static.*)))
                0x000000000004d9bc                _shell_subcmds_list_end = .

shell_dynamic_subcmds_area
                0x000000000004d9bc        0x0
                0x000000000004d9bc                _shell_dynamic_subcmds_list_start = .
 *(SORT_BY_NAME(SORT_BY_ALIGNMENT(._shell_dynamic_subcmds.static.*)))
                0x000000000004d9bc                _shell_dynamic_subcmds_list_end = .

cfb_font_area   0x000000000004d9bc        0x0
                0x000000000004d9bc                _cfb_font_list_start = .
 *(SORT_BY_NAME(SORT_BY_ALIGNMENT(._cfb_font.static.*)))
                0x000000000004d9bc                _cfb_font_list_end = .

tdata           0x000000000004d9bc        0x0
 *(SORT_BY_ALIGNMENT(.tdata) SORT_BY_ALIGNMENT(.tdata.*) SORT_BY_ALIGNMENT(.gnu.linkonce.td.*))

tbss            0x000000000004d9bc        0x4
 *(SORT_BY_ALIGNMENT(.tbss) SORT_BY_ALIGNMENT(.tbss.*) SORT_BY_ALIGNMENT(.gnu.linkonce.tb.*) SORT_BY_ALIGNMENT(.tcommon))
 .tbss.z_tls_current
                0x000000000004d9bc        0x4 zephyr/libzephyr.a(thread_entry.c.obj)
                0x000000000004d9bc                z_tls_current
                0x000000000004d9bc                PROVIDE (__tdata_start = LOADADDR (tdata))
                0x0000000000000001                PROVIDE (__tdata_align = ALIGNOF (tdata))
                0x0000000000000000                PROVIDE (__tdata_size = (((SIZEOF (tdata) + __tdata_align) - 0x1) & ~ ((__tdata_align - 0x1))))
                [!provide]                        PROVIDE (__tdata_end = (__tdata_start + __tdata_size))
                0x0000000000000004                PROVIDE (__tbss_align = ALIGNOF (tbss))
                [!provide]                        PROVIDE (__tbss_start = ADDR (tbss))
                0x0000000000000004                PROVIDE (__tbss_size = (((SIZEOF (tbss) + __tbss_align) - 0x1) & ~ ((__tbss_align - 0x1))))
                [!provide]                        PROVIDE (__tbss_end = (__tbss_start + __tbss_size))
                [!provide]                        PROVIDE (__tls_start = __tdata_start)
                [!provide]                        PROVIDE (__tls_end = __tbss_end)
                [!provide]                        PROVIDE (__tls_size = (__tbss_end - __tdata_start))

rodata          0x000000000004d9c0      0x290
 *(SORT_BY_ALIGNMENT(.rodata))
 .rodata        0x000000000004d9c0        0xc modules/hal_nordic/nrfx/libmodules__hal_nordic__nrfx.a(nrfx_gpiote.c.obj)
 .rodata        0x000000000004d9cc        0xc modules/hal_nordic/nrfx/libmodules__hal_nordic__nrfx.a(nrfx_grtc.c.obj)
 *(SORT_BY_ALIGNMENT(.rodata.*))
 *fill*         0x000000000004d9d8        0x8 
 .rodata.delay_machine_code.0
                0x000000000004d9e0        0x6 zephyr/soc/soc/nrf54l15/libsoc__nordic.a(soc.c.obj)
 *fill*         0x000000000004d9e6        0xa 
 .rodata.delay_machine_code.0
                0x000000000004d9f0        0x6 modules/hal_nordic/nrfx/libmodules__hal_nordic__nrfx.a(nrfx_grtc.c.obj)
 *fill*         0x000000000004d9f6        0x2 
 .rodata.button
                0x000000000004d9f8        0x8 app/libapp.a(main.c.obj)
 .rodata.led    0x000000000004da00        0x8 app/libapp.a(main.c.obj)
 .rodata.mem_attr_region
                0x000000000004da08        0x0 zephyr/libzephyr.a(mem_attr.c.obj)
 .rodata.static_regions
                0x000000000004da08        0xc zephyr/arch/arch/arm/core/mpu/libarch__arm__core__mpu.a(arm_core_mpu.c.obj)
 .rodata.mpu_config
                0x000000000004da14        0x8 zephyr/arch/arch/arm/core/mpu/libarch__arm__core__mpu.a(arm_mpu_regions.c.obj)
                0x000000000004da14                mpu_config
 .rodata.mpu_regions
                0x000000000004da1c       0x20 zephyr/arch/arch/arm/core/mpu/libarch__arm__core__mpu.a(arm_mpu_regions.c.obj)
 .rodata.transitions.0
                0x000000000004da3c        0xc zephyr/drivers/clock_control/libdrivers__clock_control.a(clock_control_nrf.c.obj)
 .rodata.config
                0x000000000004da48       0x10 zephyr/drivers/clock_control/libdrivers__clock_control.a(clock_control_nrf.c.obj)
 .rodata.clock_control_api
                0x000000000004da58       0x1c zephyr/drivers/clock_control/libdrivers__clock_control.a(clock_control_nrf.c.obj)
 .rodata.CSWTCH.44
                0x000000000004da74        0xc zephyr/drivers/gpio/libdrivers__gpio.a(gpio_nrfx.c.obj)
 .rodata.gpio_nrfx_p2_cfg
                0x000000000004da80       0x18 zephyr/drivers/gpio/libdrivers__gpio.a(gpio_nrfx.c.obj)
 .rodata.gpio_nrfx_p1_cfg
                0x000000000004da98       0x18 zephyr/drivers/gpio/libdrivers__gpio.a(gpio_nrfx.c.obj)
 .rodata.gpio_nrfx_p0_cfg
                0x000000000004dab0       0x18 zephyr/drivers/gpio/libdrivers__gpio.a(gpio_nrfx.c.obj)
 .rodata.gpio_nrfx_drv_api_funcs
                0x000000000004dac8       0x24 zephyr/drivers/gpio/libdrivers__gpio.a(gpio_nrfx.c.obj)
 .rodata.CSWTCH.20
                0x000000000004daec        0xc zephyr/drivers/pinctrl/libdrivers__pinctrl.a(pinctrl_nrf.c.obj)
 .rodata.uarte_20z_config
                0x000000000004daf8       0x28 zephyr/drivers/serial/libdrivers__serial.a(uart_nrfx_uarte.c.obj)
 .rodata.__pinctrl_dev_config__device_dts_ord_98
                0x000000000004db20        0xc zephyr/drivers/serial/libdrivers__serial.a(uart_nrfx_uarte.c.obj)
 .rodata.__pinctrl_states__device_dts_ord_98
                0x000000000004db2c        0x8 zephyr/drivers/serial/libdrivers__serial.a(uart_nrfx_uarte.c.obj)
 .rodata.__pinctrl_state_pins_0__device_dts_ord_98
                0x000000000004db34       0x10 zephyr/drivers/serial/libdrivers__serial.a(uart_nrfx_uarte.c.obj)
 .rodata.uart_nrfx_uarte_driver_api
                0x000000000004db44        0xc zephyr/drivers/serial/libdrivers__serial.a(uart_nrfx_uarte.c.obj)
 .rodata.CSWTCH.100
                0x000000000004db50        0xc modules/hal_nordic/nrfx/libmodules__hal_nordic__nrfx.a(nrfx_gpiote.c.obj)
 .rodata.levels.0
                0x000000000004db5c       0x18 zephyr/kernel/libkernel.a(init.c.obj)
 .rodata.boot_banner.str1.1
                0x000000000004db74       0x63 zephyr/libzephyr.a(banner.c.obj)
 .rodata.str1.1
                0x000000000004dbd7        0xf zephyr/arch/arch/arm/core/mpu/libarch__arm__core__mpu.a(arm_mpu_regions.c.obj)
 .rodata.str1.1
                0x000000000004dbe6        0xd zephyr/drivers/clock_control/libdrivers__clock_control.a(clock_control_nrf.c.obj)
 .rodata.str1.1
                0x000000000004dbf3       0x22 zephyr/drivers/gpio/libdrivers__gpio.a(gpio_nrfx.c.obj)
 .rodata.drive_modes
                0x000000000004dc15        0x9 zephyr/drivers/pinctrl/libdrivers__pinctrl.a(pinctrl_nrf.c.obj)
 .rodata.str1.1
                0x000000000004dc1e        0xb zephyr/drivers/serial/libdrivers__serial.a(uart_nrfx_uarte.c.obj)
 .rodata.port_offset.1
                0x000000000004dc29       0x10 modules/hal_nordic/nrfx/libmodules__hal_nordic__nrfx.a(nrfx_gpiote.c.obj)
 .rodata.ports  0x000000000004dc39        0x3 modules/hal_nordic/nrfx/libmodules__hal_nordic__nrfx.a(nrfx_gpiote.c.obj)
 .rodata.z_cstart.str1.1
                0x000000000004dc3c        0x5 zephyr/kernel/libkernel.a(init.c.obj)
 .rodata.__l_vfprintf.str1.1
                0x000000000004dc41        0xf /opt/nordic/ncs/toolchains/b8efef2ad5/opt/zephyr-sdk/arm-zephyr-eabi/bin/../lib/gcc/../../picolibc/arm-zephyr-eabi/lib/thumb/v8-m.main/nofp/libc.a(libc_tinystdio_vflprintf.c.o)
 *(SORT_BY_ALIGNMENT(.gnu.linkonce.r.*))
                0x000000000004dc50                . = ALIGN (0x4)
                0x000000000004dc50                __rodata_region_end = .
                0x000000000004dc60                . = ALIGN (_region_min_align)
                0x000000000004dc60                __rom_region_end = ((__rom_region_start + .) - ADDR (rom_start))

/DISCARD/
 *(SORT_BY_ALIGNMENT(.got.plt))
 *(SORT_BY_ALIGNMENT(.igot.plt))
 *(SORT_BY_ALIGNMENT(.got))
 *(SORT_BY_ALIGNMENT(.igot))
                0x0000000020013000                . = 0x20013000
                0x0000000020013000                . = ALIGN (_region_min_align)
                0x0000000020013000                _image_ram_start = .

.ramfunc        0x0000000020013000        0x0 load address 0x000000000004dc50
                0x0000000020013000                . = ALIGN (_region_min_align)
                0x0000000020013000                __ramfunc_start = .
 *(SORT_BY_ALIGNMENT(.ramfunc))
 *(SORT_BY_ALIGNMENT(.ramfunc.*))
                0x0000000020013000                . = ALIGN (_region_min_align)
                0x0000000020013000                __ramfunc_end = .
                0x0000000000000000                __ramfunc_size = (__ramfunc_end - __ramfunc_start)
                0x000000000004dc50                __ramfunc_load_start = LOADADDR (.ramfunc)

datas           0x0000000020013000      0x158 load address 0x000000000004dc50
                0x0000000020013000                __data_region_start = .
                0x0000000020013000                __data_start = .
 *(SORT_BY_ALIGNMENT(.data))
 *(SORT_BY_ALIGNMENT(.data.*))
 .data._char_out
                0x0000000020013000        0x4 zephyr/libzephyr.a(printk.c.obj)
 .data.__stdout
                0x0000000020013004       0x10 zephyr/lib/libc/picolibc/liblib__libc__picolibc.a(libc-hooks.c.obj)
 .data.system_clock_channel_data
                0x0000000020013014        0xc zephyr/drivers/timer/libdrivers__timer.a(nrf_grtc_timer.c.obj)
 .data.SystemCoreClock
                0x0000000020013020        0x4 modules/hal_nordic/nrfx/libmodules__hal_nordic__nrfx.a(system_nrf54l.c.obj)
                0x0000000020013020                SystemCoreClock
 .data.m_cb     0x0000000020013024       0xd8 modules/hal_nordic/nrfx/libmodules__hal_nordic__nrfx.a(nrfx_gpiote.c.obj)
 .data.m_cb     0x00000000200130fc       0x54 modules/hal_nordic/nrfx/libmodules__hal_nordic__nrfx.a(nrfx_grtc.c.obj)
 .data.timeout_list
                0x0000000020013150        0x8 zephyr/kernel/libkernel.a(timeout.c.obj)
 *(SORT_BY_ALIGNMENT(.kernel.*))
                0x0000000020013158                __data_end = .
                0x0000000000000158                __data_size = (__data_end - __data_start)
                0x000000000004dc50                __data_load_start = LOADADDR (datas)
                0x000000000004dc50                __data_region_load_start = LOADADDR (datas)

device_states   0x0000000020013158        0xa load address 0x000000000004dda8
                0x0000000020013158                __device_states_start = .
 *(SORT_BY_ALIGNMENT(.z_devstate))
 .z_devstate    0x0000000020013158        0x2 zephyr/drivers/clock_control/libdrivers__clock_control.a(clock_control_nrf.c.obj)
 .z_devstate    0x000000002001315a        0x6 zephyr/drivers/gpio/libdrivers__gpio.a(gpio_nrfx.c.obj)
 .z_devstate    0x0000000020013160        0x2 zephyr/drivers/serial/libdrivers__serial.a(uart_nrfx_uarte.c.obj)
 *(SORT_BY_ALIGNMENT(.z_devstate.*))
                0x0000000020013162                __device_states_end = .

log_mpsc_pbuf_area
                0x0000000020013162        0x0 load address 0x000000000004ddb2
                0x0000000020013162                _log_mpsc_pbuf_list_start = .
 *(SORT_BY_NAME(SORT_BY_ALIGNMENT(._log_mpsc_pbuf.static.*)))
                0x0000000020013162                _log_mpsc_pbuf_list_end = .

log_msg_ptr_area
                0x0000000020013162        0x0 load address 0x000000000004ddb2
                0x0000000020013162                _log_msg_ptr_list_start = .
 *(SORT_BY_NAME(SORT_BY_ALIGNMENT(._log_msg_ptr.static.*)))
                0x0000000020013162                _log_msg_ptr_list_end = .

log_dynamic_area
                0x0000000020013162        0x0 load address 0x000000000004ddb2
                0x0000000020013162                _log_dynamic_list_start = .
 *(SORT_BY_NAME(SORT_BY_ALIGNMENT(._log_dynamic.static.*)))
                0x0000000020013162                _log_dynamic_list_end = .

k_timer_area    0x0000000020013162        0x0 load address 0x000000000004ddb2
                0x0000000020013162                _k_timer_list_start = .
 *(SORT_BY_NAME(SORT_BY_ALIGNMENT(._k_timer.static.*)))
                0x0000000020013162                _k_timer_list_end = .

k_mem_slab_area
                0x0000000020013162        0x0 load address 0x000000000004ddb2
                0x0000000020013162                _k_mem_slab_list_start = .
 *(SORT_BY_NAME(SORT_BY_ALIGNMENT(._k_mem_slab.static.*)))
                0x0000000020013162                _k_mem_slab_list_end = .

k_heap_area     0x0000000020013162        0x0 load address 0x000000000004ddb2
                0x0000000020013162                _k_heap_list_start = .
 *(SORT_BY_NAME(SORT_BY_ALIGNMENT(._k_heap.static.*)))
                0x0000000020013162                _k_heap_list_end = .

k_mutex_area    0x0000000020013164       0x14 load address 0x000000000004ddb4
                0x0000000020013164                _k_mutex_list_start = .
 *(SORT_BY_NAME(SORT_BY_ALIGNMENT(._k_mutex.static.*)))
 ._k_mutex.static.tfm_mutex_
                0x0000000020013164       0x14 modules/trusted-firmware-m/libtfm_api.a(interface.c.obj)
                0x0000000020013164                tfm_mutex
                0x0000000020013178                _k_mutex_list_end = .

k_stack_area    0x0000000020013178        0x0 load address 0x000000000004ddc8
                0x0000000020013178                _k_stack_list_start = .
 *(SORT_BY_NAME(SORT_BY_ALIGNMENT(._k_stack.static.*)))
                0x0000000020013178                _k_stack_list_end = .

k_msgq_area     0x0000000020013178        0x0 load address 0x000000000004ddc8
                0x0000000020013178                _k_msgq_list_start = .
 *(SORT_BY_NAME(SORT_BY_ALIGNMENT(._k_msgq.static.*)))
                0x0000000020013178                _k_msgq_list_end = .

k_mbox_area     0x0000000020013178        0x0 load address 0x000000000004ddc8
                0x0000000020013178                _k_mbox_list_start = .
 *(SORT_BY_NAME(SORT_BY_ALIGNMENT(._k_mbox.static.*)))
                0x0000000020013178                _k_mbox_list_end = .

k_pipe_area     0x0000000020013178        0x0 load address 0x000000000004ddc8
                0x0000000020013178                _k_pipe_list_start = .
 *(SORT_BY_NAME(SORT_BY_ALIGNMENT(._k_pipe.static.*)))
                0x0000000020013178                _k_pipe_list_end = .

k_sem_area      0x0000000020013178        0x0 load address 0x000000000004ddc8
                0x0000000020013178                _k_sem_list_start = .
 *(SORT_BY_NAME(SORT_BY_ALIGNMENT(._k_sem.static.*)))
                0x0000000020013178                _k_sem_list_end = .

k_event_area    0x0000000020013178        0x0 load address 0x000000000004ddc8
                0x0000000020013178                _k_event_list_start = .
 *(SORT_BY_NAME(SORT_BY_ALIGNMENT(._k_event.static.*)))
                0x0000000020013178                _k_event_list_end = .

k_queue_area    0x0000000020013178        0x0 load address 0x000000000004ddc8
                0x0000000020013178                _k_queue_list_start = .
 *(SORT_BY_NAME(SORT_BY_ALIGNMENT(._k_queue.static.*)))
                0x0000000020013178                _k_queue_list_end = .

k_fifo_area     0x0000000020013178        0x0 load address 0x000000000004ddc8
                0x0000000020013178                _k_fifo_list_start = .
 *(SORT_BY_NAME(SORT_BY_ALIGNMENT(._k_fifo.static.*)))
                0x0000000020013178                _k_fifo_list_end = .

k_lifo_area     0x0000000020013178        0x0 load address 0x000000000004ddc8
                0x0000000020013178                _k_lifo_list_start = .
 *(SORT_BY_NAME(SORT_BY_ALIGNMENT(._k_lifo.static.*)))
                0x0000000020013178                _k_lifo_list_end = .

k_condvar_area  0x0000000020013178        0x0 load address 0x000000000004ddc8
                0x0000000020013178                _k_condvar_list_start = .
 *(SORT_BY_NAME(SORT_BY_ALIGNMENT(._k_condvar.static.*)))
                0x0000000020013178                _k_condvar_list_end = .

sys_mem_blocks_ptr_area
                0x0000000020013178        0x0 load address 0x000000000004ddc8
                0x0000000020013178                _sys_mem_blocks_ptr_list_start = .
 *(SORT_BY_NAME(SORT_BY_ALIGNMENT(._sys_mem_blocks_ptr.static.*)))
                0x0000000020013178                _sys_mem_blocks_ptr_list_end = .

net_buf_pool_area
                0x0000000020013178        0x0 load address 0x000000000004ddc8
                0x0000000020013178                _net_buf_pool_list_start = .
 *(SORT_BY_NAME(SORT_BY_ALIGNMENT(._net_buf_pool.static.*)))
                0x0000000020013178                _net_buf_pool_list_end = .
                0x0000000020013178                __data_region_end = .

bss             0x0000000020013178      0x355
                0x0000000020013178                . = ALIGN (0x4)
                0x0000000020013178                __bss_start = .
                0x0000000020013178                __kernel_ram_start = .
 *(SORT_BY_ALIGNMENT(.bss))
 *(SORT_BY_ALIGNMENT(.bss.*))
 .bss.last_count
                0x0000000020013178        0x8 zephyr/drivers/timer/libdrivers__timer.a(nrf_grtc_timer.c.obj)
 .bss.z_idle_threads
                0x0000000020013180       0x90 zephyr/kernel/libkernel.a(init.c.obj)
                0x0000000020013180                z_idle_threads
 .bss.z_main_thread
                0x0000000020013210       0x90 zephyr/kernel/libkernel.a(init.c.obj)
                0x0000000020013210                z_main_thread
 .bss._thread_dummy
                0x00000000200132a0       0x90 zephyr/kernel/libkernel.a(sched.c.obj)
                0x00000000200132a0                _thread_dummy
 .bss.slice_timeouts
                0x0000000020013330       0x18 zephyr/kernel/libkernel.a(timeslicing.c.obj)
 .bss.curr_tick
                0x0000000020013348        0x8 zephyr/kernel/libkernel.a(timeout.c.obj)
 .bss.button_cb_data
                0x0000000020013350        0xc app/libapp.a(main.c.obj)
 .bss.z_arm_tls_ptr
                0x000000002001335c        0x4 zephyr/arch/arch/arm/core/libarch__arm__core.a(tls.c.obj)
                0x000000002001335c                z_arm_tls_ptr
 .bss.dyn_reg_info
                0x0000000020013360       0x14 zephyr/arch/arch/arm/core/mpu/libarch__arm__core__mpu.a(arm_mpu.c.obj)
 .bss._stdout_hook
                0x0000000020013374        0x4 zephyr/lib/libc/picolibc/liblib__libc__picolibc.a(libc-hooks.c.obj)
 .bss.z_malloc_heap
                0x0000000020013378        0xc zephyr/lib/libc/common/liblib__libc__common.a(malloc.c.obj)
 .bss.cli.1     0x0000000020013384       0x10 zephyr/drivers/clock_control/libdrivers__clock_control.a(clock_control_nrf.c.obj)
 .bss.on.2      0x0000000020013394        0x4 zephyr/drivers/clock_control/libdrivers__clock_control.a(clock_control_nrf.c.obj)
 .bss.data      0x0000000020013398       0x50 zephyr/drivers/clock_control/libdrivers__clock_control.a(clock_control_nrf.c.obj)
 .bss.hfclk_users
                0x00000000200133e8        0x4 zephyr/drivers/clock_control/libdrivers__clock_control.a(clock_control_nrf.c.obj)
 .bss.gpio_nrfx_p2_data
                0x00000000200133ec        0xc zephyr/drivers/gpio/libdrivers__gpio.a(gpio_nrfx.c.obj)
 .bss.gpio_nrfx_p1_data
                0x00000000200133f8        0xc zephyr/drivers/gpio/libdrivers__gpio.a(gpio_nrfx.c.obj)
 .bss.gpio_nrfx_p0_data
                0x0000000020013404        0xc zephyr/drivers/gpio/libdrivers__gpio.a(gpio_nrfx.c.obj)
 .bss.uarte_20_data
                0x0000000020013410        0x8 zephyr/drivers/serial/libdrivers__serial.a(uart_nrfx_uarte.c.obj)
 .bss.int_mask  0x0000000020013418        0x4 zephyr/drivers/timer/libdrivers__timer.a(nrf_grtc_timer.c.obj)
 .bss.g_context
                0x000000002001341c       0x74 modules/nrf/modules/trusted-firmware-m/lib..__nrf__modules__trusted-firmware-m.a(fault.c.obj)
 .bss.m_clock_cb
                0x0000000020013490        0x8 modules/hal_nordic/nrfx/libmodules__hal_nordic__nrfx.a(nrfx_clock.c.obj)
 .bss._kernel   0x0000000020013498       0x20 zephyr/kernel/libkernel.a(init.c.obj)
                0x0000000020013498                _kernel
 .bss.pending_current
                0x00000000200134b8        0x4 zephyr/kernel/libkernel.a(timeslicing.c.obj)
                0x00000000200134b8                pending_current
 .bss.slice_max_prio
                0x00000000200134bc        0x4 zephyr/kernel/libkernel.a(timeslicing.c.obj)
 .bss.slice_ticks
                0x00000000200134c0        0x4 zephyr/kernel/libkernel.a(timeslicing.c.obj)
 .bss.announce_remaining
                0x00000000200134c4        0x4 zephyr/kernel/libkernel.a(timeout.c.obj)
 .bss.static_regions_num
                0x00000000200134c8        0x1 zephyr/arch/arch/arm/core/mpu/libarch__arm__core__mpu.a(arm_mpu.c.obj)
 .bss.uarte20_poll_in_byte
                0x00000000200134c9        0x1 zephyr/drivers/serial/libdrivers__serial.a(uart_nrfx_uarte.c.obj)
 .bss.uarte20_poll_out_byte
                0x00000000200134ca        0x1 zephyr/drivers/serial/libdrivers__serial.a(uart_nrfx_uarte.c.obj)
 .bss.z_sys_post_kernel
                0x00000000200134cb        0x1 zephyr/kernel/libkernel.a(init.c.obj)
                0x00000000200134cb                z_sys_post_kernel
 .bss.lock      0x00000000200134cc        0x0 zephyr/kernel/libkernel.a(mutex.c.obj)
 .bss.lock      0x00000000200134cc        0x0 zephyr/kernel/libkernel.a(sem.c.obj)
 .bss._sched_spinlock
                0x00000000200134cc        0x0 zephyr/kernel/libkernel.a(sched.c.obj)
                0x00000000200134cc                _sched_spinlock
 .bss.slice_expired
                0x00000000200134cc        0x1 zephyr/kernel/libkernel.a(timeslicing.c.obj)
 *(SORT_BY_ALIGNMENT(COMMON))
 *(SORT_BY_ALIGNMENT(.kernel_bss.*))
                0x00000000200134d0                __bss_end = ALIGN (0x4)

noinit          0x00000000200134d0      0xd40
 *(SORT_BY_ALIGNMENT(.noinit))
 *(SORT_BY_ALIGNMENT(.noinit.*))
 .noinit."WEST_TOPDIR/zephyr/kernel/init.c".2
                0x00000000200134d0      0x800 zephyr/kernel/libkernel.a(init.c.obj)
                0x00000000200134d0                z_interrupt_stacks
 .noinit."WEST_TOPDIR/zephyr/kernel/init.c".1
                0x0000000020013cd0      0x140 zephyr/kernel/libkernel.a(init.c.obj)
 .noinit."WEST_TOPDIR/zephyr/kernel/init.c".0
                0x0000000020013e10      0x400 zephyr/kernel/libkernel.a(init.c.obj)
                0x0000000020013e10                z_main_stack
 *(SORT_BY_ALIGNMENT(.kernel_noinit.*))
                0x000000002002f000                __kernel_ram_end = 0x2002f000
                0x000000000001be88                __kernel_ram_size = (__kernel_ram_end - __kernel_ram_start)
                0x000000000004a180                PROVIDE (soc_reset_hook = SystemInit)

/DISCARD/
 *(SORT_BY_ALIGNMENT(.irq_info*))
 *(SORT_BY_ALIGNMENT(.intList*))

.last_ram_section
                0x0000000020014210        0x0
                0x0000000020014210                _image_ram_end = .
                0x0000000000001210                _image_ram_size = (_image_ram_end - _image_ram_start)
                0x0000000020014210                _end = .
                0x0000000020014210                z_mapped_end = .

.stab
 *(SORT_BY_ALIGNMENT(.stab))

.stabstr
 *(SORT_BY_ALIGNMENT(.stabstr))

.stab.excl
 *(SORT_BY_ALIGNMENT(.stab.excl))

.stab.exclstr
 *(SORT_BY_ALIGNMENT(.stab.exclstr))

.stab.index
 *(SORT_BY_ALIGNMENT(.stab.index))

.stab.indexstr
 *(SORT_BY_ALIGNMENT(.stab.indexstr))

.gnu.build.attributes
 *(SORT_BY_ALIGNMENT(.gnu.build.attributes) SORT_BY_ALIGNMENT(.gnu.build.attributes.*))

.comment        0x0000000000000000       0x20
 *(SORT_BY_ALIGNMENT(.comment))
 .comment       0x0000000000000000       0x20 zephyr/CMakeFiles/zephyr_final.dir/isr_tables.c.obj
                                         0x21 (size before relaxing)
 .comment       0x0000000000000020       0x21 zephyr/CMakeFiles/offsets.dir/./arch/arm/core/offsets/offsets.c.obj
 .comment       0x0000000000000020       0x21 app/libapp.a(main.c.obj)
 .comment       0x0000000000000020       0x21 zephyr/libzephyr.a(heap.c.obj)
 .comment       0x0000000000000020       0x21 zephyr/libzephyr.a(printk.c.obj)
 .comment       0x0000000000000020       0x21 zephyr/libzephyr.a(thread_entry.c.obj)
 .comment       0x0000000000000020       0x21 zephyr/libzephyr.a(onoff.c.obj)
 .comment       0x0000000000000020       0x21 zephyr/libzephyr.a(notify.c.obj)
 .comment       0x0000000000000020       0x21 zephyr/libzephyr.a(configs.c.obj)
 .comment       0x0000000000000020       0x21 zephyr/libzephyr.a(mem_attr.c.obj)
 .comment       0x0000000000000020       0x21 zephyr/libzephyr.a(banner.c.obj)
 .comment       0x0000000000000020       0x21 zephyr/arch/arch/arm/core/libarch__arm__core.a(fatal.c.obj)
 .comment       0x0000000000000020       0x21 zephyr/arch/arch/arm/core/libarch__arm__core.a(nmi.c.obj)
 .comment       0x0000000000000020       0x21 zephyr/arch/arch/arm/core/libarch__arm__core.a(tls.c.obj)
 .comment       0x0000000000000020       0x21 zephyr/arch/arch/arm/core/cortex_m/libarch__arm__core__cortex_m.a(exc_exit.c.obj)
 .comment       0x0000000000000020       0x21 zephyr/arch/arch/arm/core/cortex_m/libarch__arm__core__cortex_m.a(fault.c.obj)
 .comment       0x0000000000000020       0x21 zephyr/arch/arch/arm/core/cortex_m/libarch__arm__core__cortex_m.a(fpu.c.obj)
 .comment       0x0000000000000020       0x21 zephyr/arch/arch/arm/core/cortex_m/libarch__arm__core__cortex_m.a(scb.c.obj)
 .comment       0x0000000000000020       0x21 zephyr/arch/arch/arm/core/cortex_m/libarch__arm__core__cortex_m.a(thread_abort.c.obj)
 .comment       0x0000000000000020       0x21 zephyr/arch/arch/arm/core/cortex_m/libarch__arm__core__cortex_m.a(swap.c.obj)
 .comment       0x0000000000000020       0x21 zephyr/arch/arch/arm/core/cortex_m/libarch__arm__core__cortex_m.a(irq_manage.c.obj)
 .comment       0x0000000000000020       0x21 zephyr/arch/arch/arm/core/cortex_m/libarch__arm__core__cortex_m.a(prep_c.c.obj)
 .comment       0x0000000000000020       0x21 zephyr/arch/arch/arm/core/cortex_m/libarch__arm__core__cortex_m.a(thread.c.obj)
 .comment       0x0000000000000020       0x21 zephyr/arch/arch/arm/core/cortex_m/libarch__arm__core__cortex_m.a(cpu_idle.c.obj)
 .comment       0x0000000000000020       0x21 zephyr/arch/arch/arm/core/cortex_m/libarch__arm__core__cortex_m.a(irq_init.c.obj)
 .comment       0x0000000000000020       0x21 zephyr/arch/arch/arm/core/cortex_m/libarch__arm__core__cortex_m.a(isr_wrapper.c.obj)
 .comment       0x0000000000000020       0x21 zephyr/arch/arch/arm/core/cortex_m/cmse/libarch__arm__core__cortex_m__cmse.a(arm_core_cmse.c.obj)
 .comment       0x0000000000000020       0x21 zephyr/arch/arch/arm/core/mpu/libarch__arm__core__mpu.a(arm_core_mpu.c.obj)
 .comment       0x0000000000000020       0x21 zephyr/arch/arch/arm/core/mpu/libarch__arm__core__mpu.a(arm_mpu.c.obj)
 .comment       0x0000000000000020       0x21 zephyr/arch/arch/arm/core/mpu/libarch__arm__core__mpu.a(arm_mpu_regions.c.obj)
 .comment       0x0000000000000020       0x21 zephyr/lib/libc/picolibc/liblib__libc__picolibc.a(libc-hooks.c.obj)
 .comment       0x0000000000000020       0x21 zephyr/lib/libc/common/liblib__libc__common.a(malloc.c.obj)
 .comment       0x0000000000000020       0x21 zephyr/soc/soc/nrf54l15/libsoc__nordic.a(soc.c.obj)
 .comment       0x0000000000000020       0x21 zephyr/drivers/clock_control/libdrivers__clock_control.a(clock_control_nrf.c.obj)
 .comment       0x0000000000000020       0x21 zephyr/drivers/console/libdrivers__console.a(uart_console.c.obj)
 .comment       0x0000000000000020       0x21 zephyr/drivers/gpio/libdrivers__gpio.a(gpio_nrfx.c.obj)
 .comment       0x0000000000000020       0x21 zephyr/drivers/pinctrl/libdrivers__pinctrl.a(common.c.obj)
 .comment       0x0000000000000020       0x21 zephyr/drivers/pinctrl/libdrivers__pinctrl.a(pinctrl_nrf.c.obj)
 .comment       0x0000000000000020       0x21 zephyr/drivers/serial/libdrivers__serial.a(uart_nrfx_uarte.c.obj)
 .comment       0x0000000000000020       0x21 zephyr/drivers/timer/libdrivers__timer.a(nrf_grtc_timer.c.obj)
 .comment       0x0000000000000020       0x21 modules/nrf/modules/trusted-firmware-m/lib..__nrf__modules__trusted-firmware-m.a(fault.c.obj)
 .comment       0x0000000000000020       0x21 modules/nrf/modules/trusted-firmware-m/libtfm_api_nrf.a(tfm_ioctl_ns_api.c.obj)
 .comment       0x0000000000000020       0x21 modules/trusted-firmware-m/libtfm_api.a(interface.c.obj)
 .comment       0x0000000000000020       0x21 modules/trusted-firmware-m/libtfm_api.a(tfm_platform_api.c.obj)
 .comment       0x0000000000000020       0x21 modules/trusted-firmware-m/libtfm_api.a(tfm_tz_psa_ns_api.c.obj)
 .comment       0x0000000000000020       0x21 modules/hal_nordic/nrfx/libmodules__hal_nordic__nrfx.a(system_nrf54l.c.obj)
 .comment       0x0000000000000020       0x21 modules/hal_nordic/nrfx/libmodules__hal_nordic__nrfx.a(nrfx_glue.c.obj)
 .comment       0x0000000000000020       0x21 modules/hal_nordic/nrfx/libmodules__hal_nordic__nrfx.a(nrfx_flag32_allocator.c.obj)
 .comment       0x0000000000000020       0x21 modules/hal_nordic/nrfx/libmodules__hal_nordic__nrfx.a(nrfx_clock.c.obj)
 .comment       0x0000000000000020       0x21 modules/hal_nordic/nrfx/libmodules__hal_nordic__nrfx.a(nrfx_gpiote.c.obj)
 .comment       0x0000000000000020       0x21 modules/hal_nordic/nrfx/libmodules__hal_nordic__nrfx.a(nrfx_grtc.c.obj)
 .comment       0x0000000000000020       0x21 zephyr/kernel/libkernel.a(busy_wait.c.obj)
 .comment       0x0000000000000020       0x21 zephyr/kernel/libkernel.a(device.c.obj)
 .comment       0x0000000000000020       0x21 zephyr/kernel/libkernel.a(fatal.c.obj)
 .comment       0x0000000000000020       0x21 zephyr/kernel/libkernel.a(init.c.obj)
 .comment       0x0000000000000020       0x21 zephyr/kernel/libkernel.a(init_static.c.obj)
 .comment       0x0000000000000020       0x21 zephyr/kernel/libkernel.a(idle.c.obj)
 .comment       0x0000000000000020       0x21 zephyr/kernel/libkernel.a(mutex.c.obj)
 .comment       0x0000000000000020       0x21 zephyr/kernel/libkernel.a(sem.c.obj)
 .comment       0x0000000000000020       0x21 zephyr/kernel/libkernel.a(thread.c.obj)
 .comment       0x0000000000000020       0x21 zephyr/kernel/libkernel.a(sched.c.obj)
 .comment       0x0000000000000020       0x21 zephyr/kernel/libkernel.a(timeslicing.c.obj)
 .comment       0x0000000000000020       0x21 zephyr/kernel/libkernel.a(xip.c.obj)
 .comment       0x0000000000000020       0x21 zephyr/kernel/libkernel.a(timeout.c.obj)

.debug
 *(SORT_BY_ALIGNMENT(.debug))

.line
 *(SORT_BY_ALIGNMENT(.line))

.debug_srcinfo
 *(SORT_BY_ALIGNMENT(.debug_srcinfo))

.debug_sfnames
 *(SORT_BY_ALIGNMENT(.debug_sfnames))

.debug_aranges  0x0000000000000000     0x13d0
 *(SORT_BY_ALIGNMENT(.debug_aranges))
 .debug_aranges
                0x0000000000000000       0x20 zephyr/arch/arch/arm/core/libarch__arm__core.a(nmi_on_reset.S.obj)
 .debug_aranges
                0x0000000000000020       0x20 zephyr/arch/arch/arm/core/cortex_m/libarch__arm__core__cortex_m.a(fault_s.S.obj)
 .debug_aranges
                0x0000000000000040       0x20 zephyr/arch/arch/arm/core/cortex_m/libarch__arm__core__cortex_m.a(reset.S.obj)
 .debug_aranges
                0x0000000000000060       0x28 zephyr/arch/arch/arm/core/cortex_m/libarch__arm__core__cortex_m.a(swap_helper.S.obj)
 .debug_aranges
                0x0000000000000088       0x20 zephyr/arch/arch/arm/core/cortex_m/libarch__arm__core__cortex_m.a(__aeabi_read_tp.S.obj)
 .debug_aranges
                0x00000000000000a8       0x18 zephyr/CMakeFiles/zephyr_final.dir/isr_tables.c.obj
 .debug_aranges
                0x00000000000000c0       0x20 zephyr/CMakeFiles/offsets.dir/./arch/arm/core/offsets/offsets.c.obj
 .debug_aranges
                0x00000000000000e0       0x30 app/libapp.a(main.c.obj)
 .debug_aranges
                0x0000000000000110       0xb8 zephyr/libzephyr.a(heap.c.obj)
 .debug_aranges
                0x00000000000001c8       0x50 zephyr/libzephyr.a(printk.c.obj)
 .debug_aranges
                0x0000000000000218       0x20 zephyr/libzephyr.a(thread_entry.c.obj)
 .debug_aranges
                0x0000000000000238       0x90 zephyr/libzephyr.a(onoff.c.obj)
 .debug_aranges
                0x00000000000002c8       0x28 zephyr/libzephyr.a(notify.c.obj)
 .debug_aranges
                0x00000000000002f0       0x20 zephyr/libzephyr.a(configs.c.obj)
 .debug_aranges
                0x0000000000000310       0x28 zephyr/libzephyr.a(mem_attr.c.obj)
 .debug_aranges
                0x0000000000000338       0x20 zephyr/libzephyr.a(banner.c.obj)
 .debug_aranges
                0x0000000000000358       0x30 zephyr/arch/arch/arm/core/libarch__arm__core.a(fatal.c.obj)
 .debug_aranges
                0x0000000000000388       0x20 zephyr/arch/arch/arm/core/libarch__arm__core.a(nmi.c.obj)
 .debug_aranges
                0x00000000000003a8       0x20 zephyr/arch/arch/arm/core/libarch__arm__core.a(tls.c.obj)
 .debug_aranges
                0x00000000000003c8       0x20 zephyr/arch/arch/arm/core/cortex_m/libarch__arm__core__cortex_m.a(exc_exit.c.obj)
 .debug_aranges
                0x00000000000003e8       0x40 zephyr/arch/arch/arm/core/cortex_m/libarch__arm__core__cortex_m.a(fault.c.obj)
 .debug_aranges